../../Middlewares/ST/STM32_WPAN/thread/openthread/stack/include/openthread/coap.h:1132:23:otCoapSendResponse	24	static
C:/Users/Workstation/Documents/GitHub/ot-HS/Code/Thread_Coap_Generic/STM32_WPAN/App/app_thread.c:163:6:APP_THREAD_Init	16	static
C:/Users/Workstation/Documents/GitHub/ot-HS/Code/Thread_Coap_Generic/STM32_WPAN/App/app_thread.c:227:6:appSrpInit	72	static
C:/Users/Workstation/Documents/GitHub/ot-HS/Code/Thread_Coap_Generic/STM32_WPAN/App/app_thread.c:271:6:APP_THREAD_Error	16	static
C:/Users/Workstation/Documents/GitHub/ot-HS/Code/Thread_Coap_Generic/STM32_WPAN/App/app_thread.c:350:6:APP_THREAD_SetSleepyEndDeviceMode	16	static
C:/Users/Workstation/Documents/GitHub/ot-HS/Code/Thread_Coap_Generic/STM32_WPAN/App/app_thread.c:376:13:APP_THREAD_DeviceConfig	168	static
C:/Users/Workstation/Documents/GitHub/ot-HS/Code/Thread_Coap_Generic/STM32_WPAN/App/app_thread.c:456:13:APP_THREAD_StateNotif	16	static
C:/Users/Workstation/Documents/GitHub/ot-HS/Code/Thread_Coap_Generic/STM32_WPAN/App/app_thread.c:507:13:APP_THREAD_TraceError	24	static
C:/Users/Workstation/Documents/GitHub/ot-HS/Code/Thread_Coap_Generic/STM32_WPAN/App/app_thread.c:521:13:APP_THREAD_CheckWirelessFirmwareInfo	40	static
C:/Users/Workstation/Documents/GitHub/ot-HS/Code/Thread_Coap_Generic/STM32_WPAN/App/app_thread.c:581:13:APP_THREAD_CoapPermissionsRequestHandler	48	static
C:/Users/Workstation/Documents/GitHub/ot-HS/Code/Thread_Coap_Generic/STM32_WPAN/App/app_thread.c:641:13:APP_THREAD_CoapDataRespHandler	24	static
C:/Users/Workstation/Documents/GitHub/ot-HS/Code/Thread_Coap_Generic/STM32_WPAN/App/app_thread.c:663:13:APP_THREAD_SendCoapMsg	200	static
C:/Users/Workstation/Documents/GitHub/ot-HS/Code/Thread_Coap_Generic/STM32_WPAN/App/app_thread.c:754:6:APP_THREAD_RegisterCmdBuffer	16	static
C:/Users/Workstation/Documents/GitHub/ot-HS/Code/Thread_Coap_Generic/STM32_WPAN/App/app_thread.c:759:26:THREAD_Get_OTCmdPayloadBuffer	4	static
C:/Users/Workstation/Documents/GitHub/ot-HS/Code/Thread_Coap_Generic/STM32_WPAN/App/app_thread.c:764:26:THREAD_Get_OTCmdRspPayloadBuffer	4	static
C:/Users/Workstation/Documents/GitHub/ot-HS/Code/Thread_Coap_Generic/STM32_WPAN/App/app_thread.c:769:26:THREAD_Get_NotificationPayloadBuffer	4	static
C:/Users/Workstation/Documents/GitHub/ot-HS/Code/Thread_Coap_Generic/STM32_WPAN/App/app_thread.c:774:13:Ot_Cmd_Transfer_Common	16	static
C:/Users/Workstation/Documents/GitHub/ot-HS/Code/Thread_Coap_Generic/STM32_WPAN/App/app_thread.c:800:6:Ot_Cmd_Transfer	8	static
C:/Users/Workstation/Documents/GitHub/ot-HS/Code/Thread_Coap_Generic/STM32_WPAN/App/app_thread.c:812:6:Ot_Cmd_TransferWithNotif	8	static
C:/Users/Workstation/Documents/GitHub/ot-HS/Code/Thread_Coap_Generic/STM32_WPAN/App/app_thread.c:826:6:TL_OT_CmdEvtReceived	16	static
C:/Users/Workstation/Documents/GitHub/ot-HS/Code/Thread_Coap_Generic/STM32_WPAN/App/app_thread.c:843:6:TL_THREAD_NotReceived	16	static
C:/Users/Workstation/Documents/GitHub/ot-HS/Code/Thread_Coap_Generic/STM32_WPAN/App/app_thread.c:858:6:Pre_OtCmdProcessing	8	static
C:/Users/Workstation/Documents/GitHub/ot-HS/Code/Thread_Coap_Generic/STM32_WPAN/App/app_thread.c:871:13:Wait_Getting_Ack_From_M0	8	static
C:/Users/Workstation/Documents/GitHub/ot-HS/Code/Thread_Coap_Generic/STM32_WPAN/App/app_thread.c:883:13:Receive_Ack_From_M0	8	static
C:/Users/Workstation/Documents/GitHub/ot-HS/Code/Thread_Coap_Generic/STM32_WPAN/App/app_thread.c:894:13:Receive_Notification_From_M0	8	static
C:/Users/Workstation/Documents/GitHub/ot-HS/Code/Thread_Coap_Generic/STM32_WPAN/App/app_thread.c:992:20:Send_CLI_Ack_For_OT	8	static
C:/Users/Workstation/Documents/GitHub/ot-HS/Code/Thread_Coap_Generic/STM32_WPAN/App/app_thread.c:1005:6:APP_THREAD_Init_UART_CLI	4	static
C:/Users/Workstation/Documents/GitHub/ot-HS/Code/Thread_Coap_Generic/STM32_WPAN/App/app_thread.c:1026:6:APP_THREAD_TL_THREAD_INIT	8	static
C:/Users/Workstation/Documents/GitHub/ot-HS/Code/Thread_Coap_Generic/STM32_WPAN/App/app_thread.c:1043:6:TL_THREAD_CliNotReceived	24	static
C:/Users/Workstation/Documents/GitHub/ot-HS/Code/Thread_Coap_Generic/STM32_WPAN/App/app_thread.c:1071:6:HostTxCb	8	static
C:/Users/Workstation/Documents/GitHub/ot-HS/Code/Thread_Coap_Generic/STM32_WPAN/App/app_thread.c:1081:6:APP_THREAD_ProcessMsgM0ToM4	8	static
