../../Middlewares/ST/STM32_WPAN/thread/openthread/stack/include/openthread/coap.h:976:23:otCoapSendRequest	32	static
../../Middlewares/ST/STM32_WPAN/thread/openthread/stack/include/openthread/coap.h:1132:23:otCoapSendResponse	24	static
C:/Users/Workstation/Desktop/ot-HS/Code/Thread_Coap_Generic/STM32_WPAN/App/app_thread.c:178:6:APP_THREAD_Init	16	static
C:/Users/Workstation/Desktop/ot-HS/Code/Thread_Coap_Generic/STM32_WPAN/App/app_thread.c:240:6:APP_THREAD_Error	16	static
C:/Users/Workstation/Desktop/ot-HS/Code/Thread_Coap_Generic/STM32_WPAN/App/app_thread.c:316:6:APP_THREAD_SetSleepyEndDeviceMode	16	static
C:/Users/Workstation/Desktop/ot-HS/Code/Thread_Coap_Generic/STM32_WPAN/App/app_thread.c:367:13:APP_THREAD_DeviceConfig	40	static
C:/Users/Workstation/Desktop/ot-HS/Code/Thread_Coap_Generic/STM32_WPAN/App/app_thread.c:430:13:APP_THREAD_StateNotif	16	static
C:/Users/Workstation/Desktop/ot-HS/Code/Thread_Coap_Generic/STM32_WPAN/App/app_thread.c:479:13:APP_THREAD_TraceError	24	static
C:/Users/Workstation/Desktop/ot-HS/Code/Thread_Coap_Generic/STM32_WPAN/App/app_thread.c:493:13:APP_THREAD_CheckWirelessFirmwareInfo	40	static
C:/Users/Workstation/Desktop/ot-HS/Code/Thread_Coap_Generic/STM32_WPAN/App/app_thread.c:549:13:APP_THREAD_CoapSendRequest	48	static
C:/Users/Workstation/Desktop/ot-HS/Code/Thread_Coap_Generic/STM32_WPAN/App/app_thread.c:646:13:APP_THREAD_CoapPermissionsRequestHandler	48	static
C:/Users/Workstation/Desktop/ot-HS/Code/Thread_Coap_Generic/STM32_WPAN/App/app_thread.c:711:13:APP_THREAD_CoapSendDataResponse	24	static
C:/Users/Workstation/Desktop/ot-HS/Code/Thread_Coap_Generic/STM32_WPAN/App/app_thread.c:749:13:APP_THREAD_CoapDataRespHandler	24	static
C:/Users/Workstation/Desktop/ot-HS/Code/Thread_Coap_Generic/STM32_WPAN/App/app_thread.c:774:13:APP_THREAD_InitPayloadWrite	16	static
C:/Users/Workstation/Desktop/ot-HS/Code/Thread_Coap_Generic/STM32_WPAN/App/app_thread.c:788:13:APP_THREAD_SendCoapMsg	168	static
C:/Users/Workstation/Desktop/ot-HS/Code/Thread_Coap_Generic/STM32_WPAN/App/app_thread.c:863:13:APP_THREAD_CheckMsgValidity	16	static
C:/Users/Workstation/Desktop/ot-HS/Code/Thread_Coap_Generic/STM32_WPAN/App/app_thread.c:893:6:APP_THREAD_RegisterCmdBuffer	16	static
C:/Users/Workstation/Desktop/ot-HS/Code/Thread_Coap_Generic/STM32_WPAN/App/app_thread.c:898:26:THREAD_Get_OTCmdPayloadBuffer	4	static
C:/Users/Workstation/Desktop/ot-HS/Code/Thread_Coap_Generic/STM32_WPAN/App/app_thread.c:903:26:THREAD_Get_OTCmdRspPayloadBuffer	4	static
C:/Users/Workstation/Desktop/ot-HS/Code/Thread_Coap_Generic/STM32_WPAN/App/app_thread.c:908:26:THREAD_Get_NotificationPayloadBuffer	4	static
C:/Users/Workstation/Desktop/ot-HS/Code/Thread_Coap_Generic/STM32_WPAN/App/app_thread.c:913:13:Ot_Cmd_Transfer_Common	16	static
C:/Users/Workstation/Desktop/ot-HS/Code/Thread_Coap_Generic/STM32_WPAN/App/app_thread.c:937:6:Ot_Cmd_Transfer	8	static
C:/Users/Workstation/Desktop/ot-HS/Code/Thread_Coap_Generic/STM32_WPAN/App/app_thread.c:949:6:Ot_Cmd_TransferWithNotif	8	static
C:/Users/Workstation/Desktop/ot-HS/Code/Thread_Coap_Generic/STM32_WPAN/App/app_thread.c:963:6:TL_OT_CmdEvtReceived	16	static
C:/Users/Workstation/Desktop/ot-HS/Code/Thread_Coap_Generic/STM32_WPAN/App/app_thread.c:980:6:TL_THREAD_NotReceived	16	static
C:/Users/Workstation/Desktop/ot-HS/Code/Thread_Coap_Generic/STM32_WPAN/App/app_thread.c:995:6:Pre_OtCmdProcessing	8	static
C:/Users/Workstation/Desktop/ot-HS/Code/Thread_Coap_Generic/STM32_WPAN/App/app_thread.c:1006:13:Wait_Getting_Ack_From_M0	8	static
C:/Users/Workstation/Desktop/ot-HS/Code/Thread_Coap_Generic/STM32_WPAN/App/app_thread.c:1018:13:Receive_Ack_From_M0	8	static
C:/Users/Workstation/Desktop/ot-HS/Code/Thread_Coap_Generic/STM32_WPAN/App/app_thread.c:1029:13:Receive_Notification_From_M0	8	static
C:/Users/Workstation/Desktop/ot-HS/Code/Thread_Coap_Generic/STM32_WPAN/App/app_thread.c:1038:13:RxCpltCallback	8	static
C:/Users/Workstation/Desktop/ot-HS/Code/Thread_Coap_Generic/STM32_WPAN/App/app_thread.c:1105:13:Send_CLI_To_M0	8	static
C:/Users/Workstation/Desktop/ot-HS/Code/Thread_Coap_Generic/STM32_WPAN/App/app_thread.c:1126:13:Send_CLI_Ack_For_OT	8	static
C:/Users/Workstation/Desktop/ot-HS/Code/Thread_Coap_Generic/STM32_WPAN/App/app_thread.c:1139:6:APP_THREAD_Init_UART_CLI	8	static
C:/Users/Workstation/Desktop/ot-HS/Code/Thread_Coap_Generic/STM32_WPAN/App/app_thread.c:1159:6:APP_THREAD_TL_THREAD_INIT	8	static
C:/Users/Workstation/Desktop/ot-HS/Code/Thread_Coap_Generic/STM32_WPAN/App/app_thread.c:1175:6:TL_THREAD_CliNotReceived	24	static
C:/Users/Workstation/Desktop/ot-HS/Code/Thread_Coap_Generic/STM32_WPAN/App/app_thread.c:1202:6:HostTxCb	8	static
C:/Users/Workstation/Desktop/ot-HS/Code/Thread_Coap_Generic/STM32_WPAN/App/app_thread.c:1212:6:APP_THREAD_ProcessMsgM0ToM4	8	static
