../../Middlewares/ST/STM32_WPAN/thread/openthread/stack/include/openthread/coap.h:976:23:otCoapSendRequest	32	static
../../Middlewares/ST/STM32_WPAN/thread/openthread/stack/include/openthread/coap.h:1132:23:otCoapSendResponse	24	static
C:/Users/Workstation/Desktop/ot-HS/Code/Thread_Coap_Generic/STM32_WPAN/App/app_thread.c:165:6:APP_THREAD_Init	16	static
C:/Users/Workstation/Desktop/ot-HS/Code/Thread_Coap_Generic/STM32_WPAN/App/app_thread.c:228:6:APP_THREAD_Error	16	static
C:/Users/Workstation/Desktop/ot-HS/Code/Thread_Coap_Generic/STM32_WPAN/App/app_thread.c:304:6:APP_THREAD_SetSleepyEndDeviceMode	16	static
C:/Users/Workstation/Desktop/ot-HS/Code/Thread_Coap_Generic/STM32_WPAN/App/app_thread.c:355:13:APP_THREAD_DeviceConfig	40	static
C:/Users/Workstation/Desktop/ot-HS/Code/Thread_Coap_Generic/STM32_WPAN/App/app_thread.c:418:13:APP_THREAD_StateNotif	16	static
C:/Users/Workstation/Desktop/ot-HS/Code/Thread_Coap_Generic/STM32_WPAN/App/app_thread.c:467:13:APP_THREAD_TraceError	24	static
C:/Users/Workstation/Desktop/ot-HS/Code/Thread_Coap_Generic/STM32_WPAN/App/app_thread.c:481:13:APP_THREAD_CheckWirelessFirmwareInfo	40	static
C:/Users/Workstation/Desktop/ot-HS/Code/Thread_Coap_Generic/STM32_WPAN/App/app_thread.c:537:13:APP_THREAD_CoapSendRequest	48	static
C:/Users/Workstation/Desktop/ot-HS/Code/Thread_Coap_Generic/STM32_WPAN/App/app_thread.c:634:13:APP_THREAD_CoapRequestHandler	24	static
C:/Users/Workstation/Desktop/ot-HS/Code/Thread_Coap_Generic/STM32_WPAN/App/app_thread.c:677:13:APP_THREAD_CoapSendDataResponse	24	static
C:/Users/Workstation/Desktop/ot-HS/Code/Thread_Coap_Generic/STM32_WPAN/App/app_thread.c:715:13:APP_THREAD_CoapDataRespHandler	24	static
C:/Users/Workstation/Desktop/ot-HS/Code/Thread_Coap_Generic/STM32_WPAN/App/app_thread.c:740:13:APP_THREAD_InitPayloadWrite	16	static
C:/Users/Workstation/Desktop/ot-HS/Code/Thread_Coap_Generic/STM32_WPAN/App/app_thread.c:754:13:APP_THREAD_SendCoapMsg	32	static
C:/Users/Workstation/Desktop/ot-HS/Code/Thread_Coap_Generic/STM32_WPAN/App/app_thread.c:786:13:APP_THREAD_TimingElapsed	8	static
C:/Users/Workstation/Desktop/ot-HS/Code/Thread_Coap_Generic/STM32_WPAN/App/app_thread.c:797:13:APP_THREAD_CheckMsgValidity	16	static
C:/Users/Workstation/Desktop/ot-HS/Code/Thread_Coap_Generic/STM32_WPAN/App/app_thread.c:827:6:APP_THREAD_RegisterCmdBuffer	16	static
C:/Users/Workstation/Desktop/ot-HS/Code/Thread_Coap_Generic/STM32_WPAN/App/app_thread.c:832:26:THREAD_Get_OTCmdPayloadBuffer	4	static
C:/Users/Workstation/Desktop/ot-HS/Code/Thread_Coap_Generic/STM32_WPAN/App/app_thread.c:837:26:THREAD_Get_OTCmdRspPayloadBuffer	4	static
C:/Users/Workstation/Desktop/ot-HS/Code/Thread_Coap_Generic/STM32_WPAN/App/app_thread.c:842:26:THREAD_Get_NotificationPayloadBuffer	4	static
C:/Users/Workstation/Desktop/ot-HS/Code/Thread_Coap_Generic/STM32_WPAN/App/app_thread.c:847:13:Ot_Cmd_Transfer_Common	16	static
C:/Users/Workstation/Desktop/ot-HS/Code/Thread_Coap_Generic/STM32_WPAN/App/app_thread.c:871:6:Ot_Cmd_Transfer	8	static
C:/Users/Workstation/Desktop/ot-HS/Code/Thread_Coap_Generic/STM32_WPAN/App/app_thread.c:883:6:Ot_Cmd_TransferWithNotif	8	static
C:/Users/Workstation/Desktop/ot-HS/Code/Thread_Coap_Generic/STM32_WPAN/App/app_thread.c:897:6:TL_OT_CmdEvtReceived	16	static
C:/Users/Workstation/Desktop/ot-HS/Code/Thread_Coap_Generic/STM32_WPAN/App/app_thread.c:914:6:TL_THREAD_NotReceived	16	static
C:/Users/Workstation/Desktop/ot-HS/Code/Thread_Coap_Generic/STM32_WPAN/App/app_thread.c:929:6:Pre_OtCmdProcessing	8	static
C:/Users/Workstation/Desktop/ot-HS/Code/Thread_Coap_Generic/STM32_WPAN/App/app_thread.c:940:13:Wait_Getting_Ack_From_M0	8	static
C:/Users/Workstation/Desktop/ot-HS/Code/Thread_Coap_Generic/STM32_WPAN/App/app_thread.c:952:13:Receive_Ack_From_M0	8	static
C:/Users/Workstation/Desktop/ot-HS/Code/Thread_Coap_Generic/STM32_WPAN/App/app_thread.c:963:13:Receive_Notification_From_M0	8	static
C:/Users/Workstation/Desktop/ot-HS/Code/Thread_Coap_Generic/STM32_WPAN/App/app_thread.c:1060:13:Send_CLI_Ack_For_OT	8	static
C:/Users/Workstation/Desktop/ot-HS/Code/Thread_Coap_Generic/STM32_WPAN/App/app_thread.c:1073:6:APP_THREAD_Init_UART_CLI	4	static
C:/Users/Workstation/Desktop/ot-HS/Code/Thread_Coap_Generic/STM32_WPAN/App/app_thread.c:1093:6:APP_THREAD_TL_THREAD_INIT	8	static
C:/Users/Workstation/Desktop/ot-HS/Code/Thread_Coap_Generic/STM32_WPAN/App/app_thread.c:1109:6:TL_THREAD_CliNotReceived	24	static
C:/Users/Workstation/Desktop/ot-HS/Code/Thread_Coap_Generic/STM32_WPAN/App/app_thread.c:1136:6:HostTxCb	8	static
C:/Users/Workstation/Desktop/ot-HS/Code/Thread_Coap_Generic/STM32_WPAN/App/app_thread.c:1146:6:APP_THREAD_ProcessMsgM0ToM4	8	static
