../../Middlewares/ST/STM32_WPAN/thread/openthread/stack/include/openthread/coap.h:976:23:otCoapSendRequest	32	static
../../Middlewares/ST/STM32_WPAN/thread/openthread/stack/include/openthread/coap.h:1132:23:otCoapSendResponse	24	static
C:/Users/Workstation/Desktop/ot-HS/Code/Thread_Coap_Generic/STM32_WPAN/App/app_thread.c:179:6:APP_THREAD_Init	16	static
C:/Users/Workstation/Desktop/ot-HS/Code/Thread_Coap_Generic/STM32_WPAN/App/app_thread.c:241:6:APP_THREAD_Error	16	static
C:/Users/Workstation/Desktop/ot-HS/Code/Thread_Coap_Generic/STM32_WPAN/App/app_thread.c:317:6:APP_THREAD_SetSleepyEndDeviceMode	16	static
C:/Users/Workstation/Desktop/ot-HS/Code/Thread_Coap_Generic/STM32_WPAN/App/app_thread.c:368:13:APP_THREAD_DeviceConfig	40	static
C:/Users/Workstation/Desktop/ot-HS/Code/Thread_Coap_Generic/STM32_WPAN/App/app_thread.c:431:13:APP_THREAD_StateNotif	16	static
C:/Users/Workstation/Desktop/ot-HS/Code/Thread_Coap_Generic/STM32_WPAN/App/app_thread.c:480:13:APP_THREAD_TraceError	24	static
C:/Users/Workstation/Desktop/ot-HS/Code/Thread_Coap_Generic/STM32_WPAN/App/app_thread.c:494:13:APP_THREAD_CheckWirelessFirmwareInfo	40	static
C:/Users/Workstation/Desktop/ot-HS/Code/Thread_Coap_Generic/STM32_WPAN/App/app_thread.c:550:13:APP_THREAD_CoapSendRequest	48	static
C:/Users/Workstation/Desktop/ot-HS/Code/Thread_Coap_Generic/STM32_WPAN/App/app_thread.c:647:13:APP_THREAD_CoapPermissionsRequestHandler	48	static
C:/Users/Workstation/Desktop/ot-HS/Code/Thread_Coap_Generic/STM32_WPAN/App/app_thread.c:712:13:APP_THREAD_CoapSendDataResponse	24	static
C:/Users/Workstation/Desktop/ot-HS/Code/Thread_Coap_Generic/STM32_WPAN/App/app_thread.c:750:13:APP_THREAD_CoapDataRespHandler	24	static
C:/Users/Workstation/Desktop/ot-HS/Code/Thread_Coap_Generic/STM32_WPAN/App/app_thread.c:775:13:APP_THREAD_InitPayloadWrite	16	static
C:/Users/Workstation/Desktop/ot-HS/Code/Thread_Coap_Generic/STM32_WPAN/App/app_thread.c:789:13:APP_THREAD_SendCoapMsg	176	static
C:/Users/Workstation/Desktop/ot-HS/Code/Thread_Coap_Generic/STM32_WPAN/App/app_thread.c:868:13:APP_THREAD_CheckMsgValidity	16	static
C:/Users/Workstation/Desktop/ot-HS/Code/Thread_Coap_Generic/STM32_WPAN/App/app_thread.c:898:6:APP_THREAD_RegisterCmdBuffer	16	static
C:/Users/Workstation/Desktop/ot-HS/Code/Thread_Coap_Generic/STM32_WPAN/App/app_thread.c:903:26:THREAD_Get_OTCmdPayloadBuffer	4	static
C:/Users/Workstation/Desktop/ot-HS/Code/Thread_Coap_Generic/STM32_WPAN/App/app_thread.c:908:26:THREAD_Get_OTCmdRspPayloadBuffer	4	static
C:/Users/Workstation/Desktop/ot-HS/Code/Thread_Coap_Generic/STM32_WPAN/App/app_thread.c:913:26:THREAD_Get_NotificationPayloadBuffer	4	static
C:/Users/Workstation/Desktop/ot-HS/Code/Thread_Coap_Generic/STM32_WPAN/App/app_thread.c:918:13:Ot_Cmd_Transfer_Common	16	static
C:/Users/Workstation/Desktop/ot-HS/Code/Thread_Coap_Generic/STM32_WPAN/App/app_thread.c:942:6:Ot_Cmd_Transfer	8	static
C:/Users/Workstation/Desktop/ot-HS/Code/Thread_Coap_Generic/STM32_WPAN/App/app_thread.c:954:6:Ot_Cmd_TransferWithNotif	8	static
C:/Users/Workstation/Desktop/ot-HS/Code/Thread_Coap_Generic/STM32_WPAN/App/app_thread.c:968:6:TL_OT_CmdEvtReceived	16	static
C:/Users/Workstation/Desktop/ot-HS/Code/Thread_Coap_Generic/STM32_WPAN/App/app_thread.c:985:6:TL_THREAD_NotReceived	16	static
C:/Users/Workstation/Desktop/ot-HS/Code/Thread_Coap_Generic/STM32_WPAN/App/app_thread.c:1000:6:Pre_OtCmdProcessing	8	static
C:/Users/Workstation/Desktop/ot-HS/Code/Thread_Coap_Generic/STM32_WPAN/App/app_thread.c:1011:13:Wait_Getting_Ack_From_M0	8	static
C:/Users/Workstation/Desktop/ot-HS/Code/Thread_Coap_Generic/STM32_WPAN/App/app_thread.c:1023:13:Receive_Ack_From_M0	8	static
C:/Users/Workstation/Desktop/ot-HS/Code/Thread_Coap_Generic/STM32_WPAN/App/app_thread.c:1034:13:Receive_Notification_From_M0	8	static
C:/Users/Workstation/Desktop/ot-HS/Code/Thread_Coap_Generic/STM32_WPAN/App/app_thread.c:1043:13:RxCpltCallback	8	static
C:/Users/Workstation/Desktop/ot-HS/Code/Thread_Coap_Generic/STM32_WPAN/App/app_thread.c:1110:13:Send_CLI_To_M0	8	static
C:/Users/Workstation/Desktop/ot-HS/Code/Thread_Coap_Generic/STM32_WPAN/App/app_thread.c:1131:13:Send_CLI_Ack_For_OT	8	static
C:/Users/Workstation/Desktop/ot-HS/Code/Thread_Coap_Generic/STM32_WPAN/App/app_thread.c:1144:6:APP_THREAD_Init_UART_CLI	8	static
C:/Users/Workstation/Desktop/ot-HS/Code/Thread_Coap_Generic/STM32_WPAN/App/app_thread.c:1164:6:APP_THREAD_TL_THREAD_INIT	8	static
C:/Users/Workstation/Desktop/ot-HS/Code/Thread_Coap_Generic/STM32_WPAN/App/app_thread.c:1180:6:TL_THREAD_CliNotReceived	24	static
C:/Users/Workstation/Desktop/ot-HS/Code/Thread_Coap_Generic/STM32_WPAN/App/app_thread.c:1207:6:HostTxCb	8	static
C:/Users/Workstation/Desktop/ot-HS/Code/Thread_Coap_Generic/STM32_WPAN/App/app_thread.c:1217:6:APP_THREAD_ProcessMsgM0ToM4	8	static
