../../Middlewares/ST/STM32_WPAN/thread/openthread/stack/include/openthread/coap.h:976:23:otCoapSendRequest	32	static
../../Middlewares/ST/STM32_WPAN/thread/openthread/stack/include/openthread/coap.h:1132:23:otCoapSendResponse	24	static
C:/Users/Workstation/Desktop/ot-HS/Code/Thread_Coap_Generic/STM32_WPAN/App/app_thread.c:162:6:APP_THREAD_Init	16	static
C:/Users/Workstation/Desktop/ot-HS/Code/Thread_Coap_Generic/STM32_WPAN/App/app_thread.c:221:6:APP_THREAD_Error	16	static
C:/Users/Workstation/Desktop/ot-HS/Code/Thread_Coap_Generic/STM32_WPAN/App/app_thread.c:296:13:APP_THREAD_DeviceConfig	40	static
C:/Users/Workstation/Desktop/ot-HS/Code/Thread_Coap_Generic/STM32_WPAN/App/app_thread.c:359:13:APP_THREAD_StateNotif	16	static
C:/Users/Workstation/Desktop/ot-HS/Code/Thread_Coap_Generic/STM32_WPAN/App/app_thread.c:408:13:APP_THREAD_TraceError	24	static
C:/Users/Workstation/Desktop/ot-HS/Code/Thread_Coap_Generic/STM32_WPAN/App/app_thread.c:422:13:APP_THREAD_CheckWirelessFirmwareInfo	40	static
C:/Users/Workstation/Desktop/ot-HS/Code/Thread_Coap_Generic/STM32_WPAN/App/app_thread.c:478:13:APP_THREAD_CoapSendRequest	48	static
C:/Users/Workstation/Desktop/ot-HS/Code/Thread_Coap_Generic/STM32_WPAN/App/app_thread.c:571:13:APP_THREAD_CoapRequestHandler	24	static
C:/Users/Workstation/Desktop/ot-HS/Code/Thread_Coap_Generic/STM32_WPAN/App/app_thread.c:614:13:APP_THREAD_CoapSendDataResponse	24	static
C:/Users/Workstation/Desktop/ot-HS/Code/Thread_Coap_Generic/STM32_WPAN/App/app_thread.c:652:13:APP_THREAD_CoapDataRespHandler	24	static
C:/Users/Workstation/Desktop/ot-HS/Code/Thread_Coap_Generic/STM32_WPAN/App/app_thread.c:677:13:APP_THREAD_InitPayloadWrite	16	static
C:/Users/Workstation/Desktop/ot-HS/Code/Thread_Coap_Generic/STM32_WPAN/App/app_thread.c:691:13:APP_THREAD_SendCoapMsg	32	static
C:/Users/Workstation/Desktop/ot-HS/Code/Thread_Coap_Generic/STM32_WPAN/App/app_thread.c:723:13:APP_THREAD_TimingElapsed	8	static
C:/Users/Workstation/Desktop/ot-HS/Code/Thread_Coap_Generic/STM32_WPAN/App/app_thread.c:734:13:APP_THREAD_CheckMsgValidity	16	static
C:/Users/Workstation/Desktop/ot-HS/Code/Thread_Coap_Generic/STM32_WPAN/App/app_thread.c:764:6:APP_THREAD_RegisterCmdBuffer	16	static
C:/Users/Workstation/Desktop/ot-HS/Code/Thread_Coap_Generic/STM32_WPAN/App/app_thread.c:769:26:THREAD_Get_OTCmdPayloadBuffer	4	static
C:/Users/Workstation/Desktop/ot-HS/Code/Thread_Coap_Generic/STM32_WPAN/App/app_thread.c:774:26:THREAD_Get_OTCmdRspPayloadBuffer	4	static
C:/Users/Workstation/Desktop/ot-HS/Code/Thread_Coap_Generic/STM32_WPAN/App/app_thread.c:779:26:THREAD_Get_NotificationPayloadBuffer	4	static
C:/Users/Workstation/Desktop/ot-HS/Code/Thread_Coap_Generic/STM32_WPAN/App/app_thread.c:784:13:Ot_Cmd_Transfer_Common	16	static
C:/Users/Workstation/Desktop/ot-HS/Code/Thread_Coap_Generic/STM32_WPAN/App/app_thread.c:808:6:Ot_Cmd_Transfer	8	static
C:/Users/Workstation/Desktop/ot-HS/Code/Thread_Coap_Generic/STM32_WPAN/App/app_thread.c:820:6:Ot_Cmd_TransferWithNotif	8	static
C:/Users/Workstation/Desktop/ot-HS/Code/Thread_Coap_Generic/STM32_WPAN/App/app_thread.c:834:6:TL_OT_CmdEvtReceived	16	static
C:/Users/Workstation/Desktop/ot-HS/Code/Thread_Coap_Generic/STM32_WPAN/App/app_thread.c:851:6:TL_THREAD_NotReceived	16	static
C:/Users/Workstation/Desktop/ot-HS/Code/Thread_Coap_Generic/STM32_WPAN/App/app_thread.c:866:6:Pre_OtCmdProcessing	8	static
C:/Users/Workstation/Desktop/ot-HS/Code/Thread_Coap_Generic/STM32_WPAN/App/app_thread.c:877:13:Wait_Getting_Ack_From_M0	8	static
C:/Users/Workstation/Desktop/ot-HS/Code/Thread_Coap_Generic/STM32_WPAN/App/app_thread.c:889:13:Receive_Ack_From_M0	8	static
C:/Users/Workstation/Desktop/ot-HS/Code/Thread_Coap_Generic/STM32_WPAN/App/app_thread.c:900:13:Receive_Notification_From_M0	8	static
C:/Users/Workstation/Desktop/ot-HS/Code/Thread_Coap_Generic/STM32_WPAN/App/app_thread.c:909:13:RxCpltCallback	8	static
C:/Users/Workstation/Desktop/ot-HS/Code/Thread_Coap_Generic/STM32_WPAN/App/app_thread.c:976:13:Send_CLI_To_M0	8	static
C:/Users/Workstation/Desktop/ot-HS/Code/Thread_Coap_Generic/STM32_WPAN/App/app_thread.c:997:13:Send_CLI_Ack_For_OT	8	static
C:/Users/Workstation/Desktop/ot-HS/Code/Thread_Coap_Generic/STM32_WPAN/App/app_thread.c:1009:6:APP_THREAD_Init_UART_CLI	8	static
C:/Users/Workstation/Desktop/ot-HS/Code/Thread_Coap_Generic/STM32_WPAN/App/app_thread.c:1029:6:APP_THREAD_TL_THREAD_INIT	8	static
C:/Users/Workstation/Desktop/ot-HS/Code/Thread_Coap_Generic/STM32_WPAN/App/app_thread.c:1045:6:TL_THREAD_CliNotReceived	24	static
C:/Users/Workstation/Desktop/ot-HS/Code/Thread_Coap_Generic/STM32_WPAN/App/app_thread.c:1072:6:HostTxCb	8	static
C:/Users/Workstation/Desktop/ot-HS/Code/Thread_Coap_Generic/STM32_WPAN/App/app_thread.c:1082:6:APP_THREAD_ProcessMsgM0ToM4	8	static
