../../Middlewares/ST/STM32_WPAN/thread/openthread/stack/include/openthread/coap.h:1132:23:otCoapSendResponse	24	static
C:/Users/Workstation/Documents/GitHub/ot-HS/Code/Thread_Coap_Generic/STM32_WPAN/App/app_thread.c:161:6:APP_THREAD_Init	16	static
C:/Users/Workstation/Documents/GitHub/ot-HS/Code/Thread_Coap_Generic/STM32_WPAN/App/app_thread.c:220:6:appSrpInit	72	static
C:/Users/Workstation/Documents/GitHub/ot-HS/Code/Thread_Coap_Generic/STM32_WPAN/App/app_thread.c:262:6:APP_THREAD_Error	16	static
C:/Users/Workstation/Documents/GitHub/ot-HS/Code/Thread_Coap_Generic/STM32_WPAN/App/app_thread.c:341:6:APP_THREAD_SetSleepyEndDeviceMode	16	static
C:/Users/Workstation/Documents/GitHub/ot-HS/Code/Thread_Coap_Generic/STM32_WPAN/App/app_thread.c:391:13:APP_THREAD_DeviceConfig	168	static
C:/Users/Workstation/Documents/GitHub/ot-HS/Code/Thread_Coap_Generic/STM32_WPAN/App/app_thread.c:468:13:APP_THREAD_StateNotif	16	static
C:/Users/Workstation/Documents/GitHub/ot-HS/Code/Thread_Coap_Generic/STM32_WPAN/App/app_thread.c:518:13:APP_THREAD_TraceError	24	static
C:/Users/Workstation/Documents/GitHub/ot-HS/Code/Thread_Coap_Generic/STM32_WPAN/App/app_thread.c:532:13:APP_THREAD_CheckWirelessFirmwareInfo	40	static
C:/Users/Workstation/Documents/GitHub/ot-HS/Code/Thread_Coap_Generic/STM32_WPAN/App/app_thread.c:592:13:APP_THREAD_CoapPermissionsRequestHandler	48	static
C:/Users/Workstation/Documents/GitHub/ot-HS/Code/Thread_Coap_Generic/STM32_WPAN/App/app_thread.c:660:13:APP_THREAD_CoapDataRespHandler	24	static
C:/Users/Workstation/Documents/GitHub/ot-HS/Code/Thread_Coap_Generic/STM32_WPAN/App/app_thread.c:682:13:APP_THREAD_SendCoapMsg	200	static
C:/Users/Workstation/Documents/GitHub/ot-HS/Code/Thread_Coap_Generic/STM32_WPAN/App/app_thread.c:778:6:APP_THREAD_RegisterCmdBuffer	16	static
C:/Users/Workstation/Documents/GitHub/ot-HS/Code/Thread_Coap_Generic/STM32_WPAN/App/app_thread.c:783:26:THREAD_Get_OTCmdPayloadBuffer	4	static
C:/Users/Workstation/Documents/GitHub/ot-HS/Code/Thread_Coap_Generic/STM32_WPAN/App/app_thread.c:788:26:THREAD_Get_OTCmdRspPayloadBuffer	4	static
C:/Users/Workstation/Documents/GitHub/ot-HS/Code/Thread_Coap_Generic/STM32_WPAN/App/app_thread.c:793:26:THREAD_Get_NotificationPayloadBuffer	4	static
C:/Users/Workstation/Documents/GitHub/ot-HS/Code/Thread_Coap_Generic/STM32_WPAN/App/app_thread.c:798:13:Ot_Cmd_Transfer_Common	16	static
C:/Users/Workstation/Documents/GitHub/ot-HS/Code/Thread_Coap_Generic/STM32_WPAN/App/app_thread.c:824:6:Ot_Cmd_Transfer	8	static
C:/Users/Workstation/Documents/GitHub/ot-HS/Code/Thread_Coap_Generic/STM32_WPAN/App/app_thread.c:836:6:Ot_Cmd_TransferWithNotif	8	static
C:/Users/Workstation/Documents/GitHub/ot-HS/Code/Thread_Coap_Generic/STM32_WPAN/App/app_thread.c:850:6:TL_OT_CmdEvtReceived	16	static
C:/Users/Workstation/Documents/GitHub/ot-HS/Code/Thread_Coap_Generic/STM32_WPAN/App/app_thread.c:867:6:TL_THREAD_NotReceived	16	static
C:/Users/Workstation/Documents/GitHub/ot-HS/Code/Thread_Coap_Generic/STM32_WPAN/App/app_thread.c:882:6:Pre_OtCmdProcessing	8	static
C:/Users/Workstation/Documents/GitHub/ot-HS/Code/Thread_Coap_Generic/STM32_WPAN/App/app_thread.c:893:13:Wait_Getting_Ack_From_M0	8	static
C:/Users/Workstation/Documents/GitHub/ot-HS/Code/Thread_Coap_Generic/STM32_WPAN/App/app_thread.c:905:13:Receive_Ack_From_M0	8	static
C:/Users/Workstation/Documents/GitHub/ot-HS/Code/Thread_Coap_Generic/STM32_WPAN/App/app_thread.c:916:13:Receive_Notification_From_M0	8	static
C:/Users/Workstation/Documents/GitHub/ot-HS/Code/Thread_Coap_Generic/STM32_WPAN/App/app_thread.c:925:13:RxCpltCallback	8	static
C:/Users/Workstation/Documents/GitHub/ot-HS/Code/Thread_Coap_Generic/STM32_WPAN/App/app_thread.c:992:20:Send_CLI_To_M0	8	static
C:/Users/Workstation/Documents/GitHub/ot-HS/Code/Thread_Coap_Generic/STM32_WPAN/App/app_thread.c:1014:20:Send_CLI_Ack_For_OT	8	static
C:/Users/Workstation/Documents/GitHub/ot-HS/Code/Thread_Coap_Generic/STM32_WPAN/App/app_thread.c:1027:6:APP_THREAD_Init_UART_CLI	8	static
C:/Users/Workstation/Documents/GitHub/ot-HS/Code/Thread_Coap_Generic/STM32_WPAN/App/app_thread.c:1048:6:APP_THREAD_TL_THREAD_INIT	8	static
C:/Users/Workstation/Documents/GitHub/ot-HS/Code/Thread_Coap_Generic/STM32_WPAN/App/app_thread.c:1065:6:TL_THREAD_CliNotReceived	24	static
C:/Users/Workstation/Documents/GitHub/ot-HS/Code/Thread_Coap_Generic/STM32_WPAN/App/app_thread.c:1093:6:HostTxCb	8	static
C:/Users/Workstation/Documents/GitHub/ot-HS/Code/Thread_Coap_Generic/STM32_WPAN/App/app_thread.c:1103:6:APP_THREAD_ProcessMsgM0ToM4	8	static
