../../Drivers/STM32WBxx_HAL_Driver/Inc/stm32wbxx_ll_rcc.h:1679:22:LL_RCC_LSE_SetDriveCapability	16	static
../../Drivers/STM32WBxx_HAL_Driver/Inc/stm32wbxx_ll_bus.h:364:22:LL_AHB1_GRP1_EnableClock	24	static
../../Drivers/STM32WBxx_HAL_Driver/Inc/stm32wbxx_ll_bus.h:539:22:LL_AHB2_GRP1_EnableClock	24	static
C:/Users/Workstation/Desktop/ot-HS/Code/Thread_SED_Coap_FreeRTOS/Core/Src/main.c:108:5:main	8	static
C:/Users/Workstation/Desktop/ot-HS/Code/Thread_SED_Coap_FreeRTOS/Core/Src/main.c:200:6:SystemClock_Config	112	static
C:/Users/Workstation/Desktop/ot-HS/Code/Thread_SED_Coap_FreeRTOS/Core/Src/main.c:251:6:PeriphCommonClock_Config	88	static
C:/Users/Workstation/Desktop/ot-HS/Code/Thread_SED_Coap_FreeRTOS/Core/Src/main.c:276:13:MX_IPCC_Init	8	static
C:/Users/Workstation/Desktop/ot-HS/Code/Thread_SED_Coap_FreeRTOS/Core/Src/main.c:302:6:MX_LPUART1_UART_Init	4	static
C:/Users/Workstation/Desktop/ot-HS/Code/Thread_SED_Coap_FreeRTOS/Core/Src/main.c:351:6:MX_USART1_UART_Init	4	static
C:/Users/Workstation/Desktop/ot-HS/Code/Thread_SED_Coap_FreeRTOS/Core/Src/main.c:400:13:MX_RF_Init	4	static
C:/Users/Workstation/Desktop/ot-HS/Code/Thread_SED_Coap_FreeRTOS/Core/Src/main.c:421:13:MX_RTC_Init	8	static
C:/Users/Workstation/Desktop/ot-HS/Code/Thread_SED_Coap_FreeRTOS/Core/Src/main.c:462:13:MX_DMA_Init	8	static
C:/Users/Workstation/Desktop/ot-HS/Code/Thread_SED_Coap_FreeRTOS/Core/Src/main.c:484:13:MX_GPIO_Init	8	static
C:/Users/Workstation/Desktop/ot-HS/Code/Thread_SED_Coap_FreeRTOS/Core/Src/main.c:505:6:StartDefaultTask	16	static
C:/Users/Workstation/Desktop/ot-HS/Code/Thread_SED_Coap_FreeRTOS/Core/Src/main.c:524:6:HAL_TIM_PeriodElapsedCallback	16	static
C:/Users/Workstation/Desktop/ot-HS/Code/Thread_SED_Coap_FreeRTOS/Core/Src/main.c:541:6:Error_Handler	4	static
