../../Drivers/STM32WBxx_HAL_Driver/Inc/stm32wbxx_ll_rcc.h:1679:22:LL_RCC_LSE_SetDriveCapability	16	static
../../Drivers/STM32WBxx_HAL_Driver/Inc/stm32wbxx_ll_bus.h:364:22:LL_AHB1_GRP1_EnableClock	24	static
../../Drivers/STM32WBxx_HAL_Driver/Inc/stm32wbxx_ll_bus.h:539:22:LL_AHB2_GRP1_EnableClock	24	static
../../Drivers/STM32WBxx_HAL_Driver/Inc/stm32wbxx_ll_bus.h:939:22:LL_APB1_GRP1_EnableClock	24	static
C:/Users/Workstation/Documents/GitHub/ot-HS/Code/HS/Core/Src/main.c:104:5:main	16	static
C:/Users/Workstation/Documents/GitHub/ot-HS/Code/HS/Core/Src/main.c:177:6:SystemClock_Config	112	static
C:/Users/Workstation/Documents/GitHub/ot-HS/Code/HS/Core/Src/main.c:229:6:PeriphCommonClock_Config	88	static
C:/Users/Workstation/Documents/GitHub/ot-HS/Code/HS/Core/Src/main.c:254:13:MX_IPCC_Init	8	static
C:/Users/Workstation/Documents/GitHub/ot-HS/Code/HS/Core/Src/main.c:278:13:MX_I2C1_Init	32	static
C:/Users/Workstation/Documents/GitHub/ot-HS/Code/HS/Core/Src/main.c:331:6:MX_LPUART1_UART_Init	8	static
C:/Users/Workstation/Documents/GitHub/ot-HS/Code/HS/Core/Src/main.c:376:6:MX_USART1_UART_Init	8	static
C:/Users/Workstation/Documents/GitHub/ot-HS/Code/HS/Core/Src/main.c:421:13:MX_RF_Init	4	static
C:/Users/Workstation/Documents/GitHub/ot-HS/Code/HS/Core/Src/main.c:441:13:MX_RTC_Init	8	static
C:/Users/Workstation/Documents/GitHub/ot-HS/Code/HS/Core/Src/main.c:480:13:MX_DMA_Init	8	static
C:/Users/Workstation/Documents/GitHub/ot-HS/Code/HS/Core/Src/main.c:501:13:MX_GPIO_Init	32	static
C:/Users/Workstation/Documents/GitHub/ot-HS/Code/HS/Core/Src/main.c:525:6:Error_Handler	4	static
