C:/Users/Workstation/Documents/GitHub/ot-HS/Code/HS/Core/Src/stm32wbxx_it.c:76:6:NMI_Handler	4	static
C:/Users/Workstation/Documents/GitHub/ot-HS/Code/HS/Core/Src/stm32wbxx_it.c:89:6:HardFault_Handler	4	static
C:/Users/Workstation/Documents/GitHub/ot-HS/Code/HS/Core/Src/stm32wbxx_it.c:100:6:MemManage_Handler	4	static
C:/Users/Workstation/Documents/GitHub/ot-HS/Code/HS/Core/Src/stm32wbxx_it.c:115:6:BusFault_Handler	4	static
C:/Users/Workstation/Documents/GitHub/ot-HS/Code/HS/Core/Src/stm32wbxx_it.c:126:6:UsageFault_Handler	4	static
C:/Users/Workstation/Documents/GitHub/ot-HS/Code/HS/Core/Src/stm32wbxx_it.c:137:6:SVC_Handler	4	static
C:/Users/Workstation/Documents/GitHub/ot-HS/Code/HS/Core/Src/stm32wbxx_it.c:150:6:DebugMon_Handler	4	static
C:/Users/Workstation/Documents/GitHub/ot-HS/Code/HS/Core/Src/stm32wbxx_it.c:163:6:PendSV_Handler	4	static
C:/Users/Workstation/Documents/GitHub/ot-HS/Code/HS/Core/Src/stm32wbxx_it.c:176:6:SysTick_Handler	8	static
C:/Users/Workstation/Documents/GitHub/ot-HS/Code/HS/Core/Src/stm32wbxx_it.c:197:6:PVD_PVM_IRQHandler	8	static
C:/Users/Workstation/Documents/GitHub/ot-HS/Code/HS/Core/Src/stm32wbxx_it.c:211:6:RTC_WKUP_IRQHandler	8	static
C:/Users/Workstation/Documents/GitHub/ot-HS/Code/HS/Core/Src/stm32wbxx_it.c:225:6:FLASH_IRQHandler	8	static
C:/Users/Workstation/Documents/GitHub/ot-HS/Code/HS/Core/Src/stm32wbxx_it.c:239:6:RCC_IRQHandler	4	static
C:/Users/Workstation/Documents/GitHub/ot-HS/Code/HS/Core/Src/stm32wbxx_it.c:252:6:DMA1_Channel1_IRQHandler	8	static
C:/Users/Workstation/Documents/GitHub/ot-HS/Code/HS/Core/Src/stm32wbxx_it.c:266:6:DMA1_Channel2_IRQHandler	8	static
C:/Users/Workstation/Documents/GitHub/ot-HS/Code/HS/Core/Src/stm32wbxx_it.c:280:6:C2SEV_PWR_C2H_IRQHandler	4	static
C:/Users/Workstation/Documents/GitHub/ot-HS/Code/HS/Core/Src/stm32wbxx_it.c:293:6:USART1_IRQHandler	8	static
C:/Users/Workstation/Documents/GitHub/ot-HS/Code/HS/Core/Src/stm32wbxx_it.c:307:6:LPUART1_IRQHandler	8	static
C:/Users/Workstation/Documents/GitHub/ot-HS/Code/HS/Core/Src/stm32wbxx_it.c:321:6:PWR_SOTF_BLEACT_802ACT_RFPHASE_IRQHandler	4	static
C:/Users/Workstation/Documents/GitHub/ot-HS/Code/HS/Core/Src/stm32wbxx_it.c:334:6:IPCC_C1_RX_IRQHandler	8	static
C:/Users/Workstation/Documents/GitHub/ot-HS/Code/HS/Core/Src/stm32wbxx_it.c:348:6:IPCC_C1_TX_IRQHandler	8	static
C:/Users/Workstation/Documents/GitHub/ot-HS/Code/HS/Core/Src/stm32wbxx_it.c:362:6:HSEM_IRQHandler	8	static
C:/Users/Workstation/Documents/GitHub/ot-HS/Code/HS/Core/Src/stm32wbxx_it.c:376:6:FPU_IRQHandler	4	static
C:/Users/Workstation/Documents/GitHub/ot-HS/Code/HS/Core/Src/stm32wbxx_it.c:394:6:EXTI15_10_IRQHandler	8	static
