Archive member included to satisfy reference by file (symbol)

c:/st/stm32cubeide_1.11.0/stm32cubeide/plugins/com.st.stm32cube.ide.mcu.externaltools.gnu-tools-for-stm32.10.3-2021.10.win32_1.0.100.202210260954/tools/bin/../lib/gcc/arm-none-eabi/10.3.1/../../../../arm-none-eabi/lib/thumb/v7e-m+fp/hard\libc_nano.a(lib_a-errno.o)
                              ./Application/User/syscalls.o (__errno)
c:/st/stm32cubeide_1.11.0/stm32cubeide/plugins/com.st.stm32cube.ide.mcu.externaltools.gnu-tools-for-stm32.10.3-2021.10.win32_1.0.100.202210260954/tools/bin/../lib/gcc/arm-none-eabi/10.3.1/../../../../arm-none-eabi/lib/thumb/v7e-m+fp/hard\libc_nano.a(lib_a-exit.o)
                              c:/st/stm32cubeide_1.11.0/stm32cubeide/plugins/com.st.stm32cube.ide.mcu.externaltools.gnu-tools-for-stm32.10.3-2021.10.win32_1.0.100.202210260954/tools/bin/../lib/gcc/arm-none-eabi/10.3.1/../../../../arm-none-eabi/lib/thumb/v7e-m+fp/hard/crt0.o (exit)
c:/st/stm32cubeide_1.11.0/stm32cubeide/plugins/com.st.stm32cube.ide.mcu.externaltools.gnu-tools-for-stm32.10.3-2021.10.win32_1.0.100.202210260954/tools/bin/../lib/gcc/arm-none-eabi/10.3.1/../../../../arm-none-eabi/lib/thumb/v7e-m+fp/hard\libc_nano.a(lib_a-impure.o)
                              c:/st/stm32cubeide_1.11.0/stm32cubeide/plugins/com.st.stm32cube.ide.mcu.externaltools.gnu-tools-for-stm32.10.3-2021.10.win32_1.0.100.202210260954/tools/bin/../lib/gcc/arm-none-eabi/10.3.1/../../../../arm-none-eabi/lib/thumb/v7e-m+fp/hard\libc_nano.a(lib_a-exit.o) (_global_impure_ptr)
c:/st/stm32cubeide_1.11.0/stm32cubeide/plugins/com.st.stm32cube.ide.mcu.externaltools.gnu-tools-for-stm32.10.3-2021.10.win32_1.0.100.202210260954/tools/bin/../lib/gcc/arm-none-eabi/10.3.1/../../../../arm-none-eabi/lib/thumb/v7e-m+fp/hard\libc_nano.a(lib_a-init.o)
                              c:/st/stm32cubeide_1.11.0/stm32cubeide/plugins/com.st.stm32cube.ide.mcu.externaltools.gnu-tools-for-stm32.10.3-2021.10.win32_1.0.100.202210260954/tools/bin/../lib/gcc/arm-none-eabi/10.3.1/../../../../arm-none-eabi/lib/thumb/v7e-m+fp/hard/crt0.o (__libc_init_array)
c:/st/stm32cubeide_1.11.0/stm32cubeide/plugins/com.st.stm32cube.ide.mcu.externaltools.gnu-tools-for-stm32.10.3-2021.10.win32_1.0.100.202210260954/tools/bin/../lib/gcc/arm-none-eabi/10.3.1/../../../../arm-none-eabi/lib/thumb/v7e-m+fp/hard\libc_nano.a(lib_a-memset.o)
                              c:/st/stm32cubeide_1.11.0/stm32cubeide/plugins/com.st.stm32cube.ide.mcu.externaltools.gnu-tools-for-stm32.10.3-2021.10.win32_1.0.100.202210260954/tools/bin/../lib/gcc/arm-none-eabi/10.3.1/../../../../arm-none-eabi/lib/thumb/v7e-m+fp/hard/crt0.o (memset)

Discarded input sections

 .text          0x0000000000000000        0x0 c:/st/stm32cubeide_1.11.0/stm32cubeide/plugins/com.st.stm32cube.ide.mcu.externaltools.gnu-tools-for-stm32.10.3-2021.10.win32_1.0.100.202210260954/tools/bin/../lib/gcc/arm-none-eabi/10.3.1/thumb/v7e-m+fp/hard/crti.o
 .data          0x0000000000000000        0x0 c:/st/stm32cubeide_1.11.0/stm32cubeide/plugins/com.st.stm32cube.ide.mcu.externaltools.gnu-tools-for-stm32.10.3-2021.10.win32_1.0.100.202210260954/tools/bin/../lib/gcc/arm-none-eabi/10.3.1/thumb/v7e-m+fp/hard/crti.o
 .bss           0x0000000000000000        0x0 c:/st/stm32cubeide_1.11.0/stm32cubeide/plugins/com.st.stm32cube.ide.mcu.externaltools.gnu-tools-for-stm32.10.3-2021.10.win32_1.0.100.202210260954/tools/bin/../lib/gcc/arm-none-eabi/10.3.1/thumb/v7e-m+fp/hard/crti.o
 .data          0x0000000000000000        0x4 c:/st/stm32cubeide_1.11.0/stm32cubeide/plugins/com.st.stm32cube.ide.mcu.externaltools.gnu-tools-for-stm32.10.3-2021.10.win32_1.0.100.202210260954/tools/bin/../lib/gcc/arm-none-eabi/10.3.1/thumb/v7e-m+fp/hard/crtbegin.o
 .rodata        0x0000000000000000       0x24 c:/st/stm32cubeide_1.11.0/stm32cubeide/plugins/com.st.stm32cube.ide.mcu.externaltools.gnu-tools-for-stm32.10.3-2021.10.win32_1.0.100.202210260954/tools/bin/../lib/gcc/arm-none-eabi/10.3.1/thumb/v7e-m+fp/hard/crtbegin.o
 .text          0x0000000000000000       0x7c c:/st/stm32cubeide_1.11.0/stm32cubeide/plugins/com.st.stm32cube.ide.mcu.externaltools.gnu-tools-for-stm32.10.3-2021.10.win32_1.0.100.202210260954/tools/bin/../lib/gcc/arm-none-eabi/10.3.1/../../../../arm-none-eabi/lib/thumb/v7e-m+fp/hard/crt0.o
 .data          0x0000000000000000        0x0 c:/st/stm32cubeide_1.11.0/stm32cubeide/plugins/com.st.stm32cube.ide.mcu.externaltools.gnu-tools-for-stm32.10.3-2021.10.win32_1.0.100.202210260954/tools/bin/../lib/gcc/arm-none-eabi/10.3.1/../../../../arm-none-eabi/lib/thumb/v7e-m+fp/hard/crt0.o
 .bss           0x0000000000000000        0x0 c:/st/stm32cubeide_1.11.0/stm32cubeide/plugins/com.st.stm32cube.ide.mcu.externaltools.gnu-tools-for-stm32.10.3-2021.10.win32_1.0.100.202210260954/tools/bin/../lib/gcc/arm-none-eabi/10.3.1/../../../../arm-none-eabi/lib/thumb/v7e-m+fp/hard/crt0.o
[...]
Memory Configuration

Name             Origin             Length             Attributes
FLASH            0x0000000008000000 0x0000000000080000 xr
RAM1             0x0000000020000008 0x000000000002fff8 xrw
RAM_SHARED       0x0000000020030000 0x0000000000002800 xrw
*default*        0x0000000000000000 0xffffffffffffffff

Linker script and memory map

LOAD c:/st/stm32cubeide_1.11.0/stm32cubeide/plugins/com.st.stm32cube.ide.mcu.externaltools.gnu-tools-for-stm32.10.3-2021.10.win32_1.0.100.202210260954/tools/bin/../lib/gcc/arm-none-eabi/10.3.1/thumb/v7e-m+fp/hard/crti.o
LOAD c:/st/stm32cubeide_1.11.0/stm32cubeide/plugins/com.st.stm32cube.ide.mcu.externaltools.gnu-tools-for-stm32.10.3-2021.10.win32_1.0.100.202210260954/tools/bin/../lib/gcc/arm-none-eabi/10.3.1/thumb/v7e-m+fp/hard/crtbegin.o
LOAD c:/st/stm32cubeide_1.11.0/stm32cubeide/plugins/com.st.stm32cube.ide.mcu.externaltools.gnu-tools-for-stm32.10.3-2021.10.win32_1.0.100.202210260954/tools/bin/../lib/gcc/arm-none-eabi/10.3.1/../../../../arm-none-eabi/lib/thumb/v7e-m+fp/hard/crt0.o
LOAD ./Application/Startup/startup_stm32wb55rgvx.o
LOAD ./Application/User/main.o
LOAD ./Application/User/stm32wbxx_hal_msp.o
LOAD ./Application/User/stm32wbxx_it.o
LOAD ./Application/User/syscalls.o
LOAD ./Application/User/sysmem.o
LOAD ./Drivers/BSP/P-NUCLEO-WB55.Nucleo/stm32wbxx_nucleo.o
LOAD ./Drivers/CMSIS/system_stm32wbxx.o
LOAD ./Drivers/STM32WBxx_HAL_Driver/stm32wbxx_hal.o
LOAD ./Drivers/STM32WBxx_HAL_Driver/stm32wbxx_hal_cortex.o
LOAD ./Drivers/STM32WBxx_HAL_Driver/stm32wbxx_hal_dma.o
LOAD ./Drivers/STM32WBxx_HAL_Driver/stm32wbxx_hal_dma_ex.o
LOAD ./Drivers/STM32WBxx_HAL_Driver/stm32wbxx_hal_exti.o
LOAD ./Drivers/STM32WBxx_HAL_Driver/stm32wbxx_hal_flash.o
LOAD ./Drivers/STM32WBxx_HAL_Driver/stm32wbxx_hal_flash_ex.o
LOAD ./Drivers/STM32WBxx_HAL_Driver/stm32wbxx_hal_gpio.o
LOAD ./Drivers/STM32WBxx_HAL_Driver/stm32wbxx_hal_hsem.o
LOAD ./Drivers/STM32WBxx_HAL_Driver/stm32wbxx_hal_pwr.o
LOAD ./Drivers/STM32WBxx_HAL_Driver/stm32wbxx_hal_pwr_ex.o
LOAD ./Drivers/STM32WBxx_HAL_Driver/stm32wbxx_hal_rcc.o
LOAD ./Drivers/STM32WBxx_HAL_Driver/stm32wbxx_hal_rcc_ex.o
LOAD ./Drivers/STM32WBxx_HAL_Driver/stm32wbxx_hal_rtc.o
LOAD ./Drivers/STM32WBxx_HAL_Driver/stm32wbxx_hal_rtc_ex.o
LOAD ./Drivers/STM32WBxx_HAL_Driver/stm32wbxx_hal_tim.o
LOAD ./Drivers/STM32WBxx_HAL_Driver/stm32wbxx_hal_tim_ex.o
START GROUP
LOAD c:/st/stm32cubeide_1.11.0/stm32cubeide/plugins/com.st.stm32cube.ide.mcu.externaltools.gnu-tools-for-stm32.10.3-2021.10.win32_1.0.100.202210260954/tools/bin/../lib/gcc/arm-none-eabi/10.3.1/../../../../arm-none-eabi/lib/thumb/v7e-m+fp/hard\libc_nano.a
LOAD c:/st/stm32cubeide_1.11.0/stm32cubeide/plugins/com.st.stm32cube.ide.mcu.externaltools.gnu-tools-for-stm32.10.3-2021.10.win32_1.0.100.202210260954/tools/bin/../lib/gcc/arm-none-eabi/10.3.1/../../../../arm-none-eabi/lib/thumb/v7e-m+fp/hard\libm.a
END GROUP
START GROUP
LOAD c:/st/stm32cubeide_1.11.0/stm32cubeide/plugins/com.st.stm32cube.ide.mcu.externaltools.gnu-tools-for-stm32.10.3-2021.10.win32_1.0.100.202210260954/tools/bin/../lib/gcc/arm-none-eabi/10.3.1/thumb/v7e-m+fp/hard\libgcc.a
LOAD c:/st/stm32cubeide_1.11.0/stm32cubeide/plugins/com.st.stm32cube.ide.mcu.externaltools.gnu-tools-for-stm32.10.3-2021.10.win32_1.0.100.202210260954/tools/bin/../lib/gcc/arm-none-eabi/10.3.1/../../../../arm-none-eabi/lib/thumb/v7e-m+fp/hard\libc_nano.a
END GROUP
START GROUP
LOAD c:/st/stm32cubeide_1.11.0/stm32cubeide/plugins/com.st.stm32cube.ide.mcu.externaltools.gnu-tools-for-stm32.10.3-2021.10.win32_1.0.100.202210260954/tools/bin/../lib/gcc/arm-none-eabi/10.3.1/thumb/v7e-m+fp/hard\libgcc.a
LOAD c:/st/stm32cubeide_1.11.0/stm32cubeide/plugins/com.st.stm32cube.ide.mcu.externaltools.gnu-tools-for-stm32.10.3-2021.10.win32_1.0.100.202210260954/tools/bin/../lib/gcc/arm-none-eabi/10.3.1/../../../../arm-none-eabi/lib/thumb/v7e-m+fp/hard\libc_nano.a
LOAD c:/st/stm32cubeide_1.11.0/stm32cubeide/plugins/com.st.stm32cube.ide.mcu.externaltools.gnu-tools-for-stm32.10.3-2021.10.win32_1.0.100.202210260954/tools/bin/../lib/gcc/arm-none-eabi/10.3.1/../../../../arm-none-eabi/lib/thumb/v7e-m+fp/hard\libnosys.a
END GROUP
START GROUP
LOAD c:/st/stm32cubeide_1.11.0/stm32cubeide/plugins/com.st.stm32cube.ide.mcu.externaltools.gnu-tools-for-stm32.10.3-2021.10.win32_1.0.100.202210260954/tools/bin/../lib/gcc/arm-none-eabi/10.3.1/thumb/v7e-m+fp/hard\libgcc.a
LOAD c:/st/stm32cubeide_1.11.0/stm32cubeide/plugins/com.st.stm32cube.ide.mcu.externaltools.gnu-tools-for-stm32.10.3-2021.10.win32_1.0.100.202210260954/tools/bin/../lib/gcc/arm-none-eabi/10.3.1/../../../../arm-none-eabi/lib/thumb/v7e-m+fp/hard\libc_nano.a
LOAD c:/st/stm32cubeide_1.11.0/stm32cubeide/plugins/com.st.stm32cube.ide.mcu.externaltools.gnu-tools-for-stm32.10.3-2021.10.win32_1.0.100.202210260954/tools/bin/../lib/gcc/arm-none-eabi/10.3.1/../../../../arm-none-eabi/lib/thumb/v7e-m+fp/hard\libnosys.a
END GROUP
LOAD c:/st/stm32cubeide_1.11.0/stm32cubeide/plugins/com.st.stm32cube.ide.mcu.externaltools.gnu-tools-for-stm32.10.3-2021.10.win32_1.0.100.202210260954/tools/bin/../lib/gcc/arm-none-eabi/10.3.1/thumb/v7e-m+fp/hard/crtend.o
LOAD c:/st/stm32cubeide_1.11.0/stm32cubeide/plugins/com.st.stm32cube.ide.mcu.externaltools.gnu-tools-for-stm32.10.3-2021.10.win32_1.0.100.202210260954/tools/bin/../lib/gcc/arm-none-eabi/10.3.1/thumb/v7e-m+fp/hard/crtn.o
                0x0000000020030000                _estack = 0x20030000
                0x0000000000000200                _Min_Heap_Size = 0x200
                0x0000000000000400                _Min_Stack_Size = 0x400

.isr_vector     0x0000000008000000      0x13c
                0x0000000008000000                . = ALIGN (0x4)
 *(.isr_vector)
 .isr_vector    0x0000000008000000      0x13c ./Application/Startup/startup_stm32wb55rgvx.o
                0x0000000008000000                g_pfnVectors
                0x000000000800013c                . = ALIGN (0x4)

.text           0x000000000800013c     0x2d5c
                0x000000000800013c                . = ALIGN (0x4)
 *(.text)
 .text          0x000000000800013c       0x40 c:/st/stm32cubeide_1.11.0/stm32cubeide/plugins/com.st.stm32cube.ide.mcu.externaltools.gnu-tools-for-stm32.10.3-2021.10.win32_1.0.100.202210260954/tools/bin/../lib/gcc/arm-none-eabi/10.3.1/thumb/v7e-m+fp/hard/crtbegin.o
 *(.text*)
 .text.data_initializers
                0x000000000800017c       0x18 ./Application/Startup/startup_stm32wb55rgvx.o
 .text.Reset_Handler
                0x0000000008000194       0x54 ./Application/Startup/startup_stm32wb55rgvx.o
                0x0000000008000194                Reset_Handler
 .text.Default_Handler
                0x00000000080001e8        0x2 ./Application/Startup/startup_stm32wb55rgvx.o
                0x00000000080001e8                RTC_Alarm_IRQHandler
                0x00000000080001e8                EXTI2_IRQHandler
                0x00000000080001e8                TIM1_CC_IRQHandler
                0x00000000080001e8                TSC_IRQHandler
                0x00000000080001e8                USB_HP_IRQHandler
                0x00000000080001e8                EXTI3_IRQHandler
                0x00000000080001e8                LPTIM2_IRQHandler
                0x00000000080001e8                I2C3_ER_IRQHandler
                0x00000000080001e8                EXTI0_IRQHandler
                0x00000000080001e8                FPU_IRQHandler
                0x00000000080001e8                TIM1_UP_TIM16_IRQHandler
                0x00000000080001e8                AES1_IRQHandler
                0x00000000080001e8                SPI1_IRQHandler
                0x00000000080001e8                PWR_SOTF_BLEACT_802ACT_RFPHASE_IRQHandler
                0x00000000080001e8                DMA2_Channel2_IRQHandler
                0x00000000080001e8                DMA1_Channel4_IRQHandler
                0x00000000080001e8                ADC1_IRQHandler
                0x00000000080001e8                PKA_IRQHandler
                0x00000000080001e8                DMA1_Channel7_IRQHandler
                0x00000000080001e8                LCD_IRQHandler
                0x00000000080001e8                IPCC_C1_TX_IRQHandler
                0x00000000080001e8                DMA2_Channel1_IRQHandler
                0x00000000080001e8                QUADSPI_IRQHandler
                0x00000000080001e8                I2C1_EV_IRQHandler
                0x00000000080001e8                DMAMUX1_OVR_IRQHandler
                0x00000000080001e8                DMA1_Channel6_IRQHandler
                0x00000000080001e8                DMA2_Channel4_IRQHandler
                0x00000000080001e8                RCC_IRQHandler
                0x00000000080001e8                DMA1_Channel1_IRQHandler
                0x00000000080001e8                Default_Handler
                0x00000000080001e8                DMA2_Channel7_IRQHandler
                0x00000000080001e8                EXTI15_10_IRQHandler
                0x00000000080001e8                IPCC_C1_RX_IRQHandler
                0x00000000080001e8                C2SEV_PWR_C2H_IRQHandler
                0x00000000080001e8                AES2_IRQHandler
                0x00000000080001e8                I2C3_EV_IRQHandler
                0x00000000080001e8                EXTI9_5_IRQHandler
                0x00000000080001e8                PVD_PVM_IRQHandler
                0x00000000080001e8                SPI2_IRQHandler
                0x00000000080001e8                DMA2_Channel5_IRQHandler
                0x00000000080001e8                CRS_IRQHandler
                0x00000000080001e8                DMA1_Channel5_IRQHandler
                0x00000000080001e8                USB_LP_IRQHandler
                0x00000000080001e8                EXTI4_IRQHandler
                0x00000000080001e8                RNG_IRQHandler
                0x00000000080001e8                TIM1_TRG_COM_TIM17_IRQHandler
                0x00000000080001e8                TAMP_STAMP_LSECSS_IRQHandler
                0x00000000080001e8                DMA1_Channel3_IRQHandler
                0x00000000080001e8                COMP_IRQHandler
                0x00000000080001e8                HSEM_IRQHandler
                0x00000000080001e8                WWDG_IRQHandler
                0x00000000080001e8                LPUART1_IRQHandler
                0x00000000080001e8                DMA2_Channel6_IRQHandler
                0x00000000080001e8                TIM2_IRQHandler
                0x00000000080001e8                TIM1_BRK_IRQHandler
                0x00000000080001e8                EXTI1_IRQHandler
                0x00000000080001e8                DMA1_Channel2_IRQHandler
                0x00000000080001e8                FLASH_IRQHandler
                0x00000000080001e8                USART1_IRQHandler
                0x00000000080001e8                I2C1_ER_IRQHandler
                0x00000000080001e8                LPTIM1_IRQHandler
                0x00000000080001e8                SAI1_IRQHandler
                0x00000000080001e8                DMA2_Channel3_IRQHandler
 *fill*         0x00000000080001ea        0x2 
 .text.LL_C2_PWR_SetPowerMode
                0x00000000080001ec       0x2c ./Application/User/main.o
 .text.LL_PWR_IsActiveFlag_C1SB
                0x0000000008000218       0x28 ./Application/User/main.o
 .text.LL_PWR_IsActiveFlag_C2SB
                0x0000000008000240       0x28 ./Application/User/main.o
 .text.main     0x0000000008000268       0x9c ./Application/User/main.o
                0x0000000008000268                main
 .text.SystemClock_Config
                0x0000000008000304       0xc4 ./Application/User/main.o
                0x0000000008000304                SystemClock_Config
 .text.MX_RTC_Init
                0x00000000080003c8       0x50 ./Application/User/main.o
 .text.HAL_SYSTICK_Callback
                0x0000000008000418       0x2c ./Application/User/main.o
                0x0000000008000418                HAL_SYSTICK_Callback
 .text.Error_Handler
                0x0000000008000444        0xc ./Application/User/main.o
                0x0000000008000444                Error_Handler
 .text.LL_RCC_EnableRTC
                0x0000000008000450       0x22 ./Application/User/stm32wbxx_hal_msp.o
 .text.LL_APB1_GRP1_EnableClock
                0x0000000008000472       0x32 ./Application/User/stm32wbxx_hal_msp.o
 .text.HAL_MspInit
                0x00000000080004a4        0xe ./Application/User/stm32wbxx_hal_msp.o
                0x00000000080004a4                HAL_MspInit
 *fill*         0x00000000080004b2        0x2 
 .text.HAL_RTC_MspInit
                0x00000000080004b4       0x98 ./Application/User/stm32wbxx_hal_msp.o
                0x00000000080004b4                HAL_RTC_MspInit
 .text.NMI_Handler
                0x000000000800054c        0xe ./Application/User/stm32wbxx_it.o
                0x000000000800054c                NMI_Handler
 .text.HardFault_Handler
                0x000000000800055a        0x6 ./Application/User/stm32wbxx_it.o
                0x000000000800055a                HardFault_Handler
 .text.MemManage_Handler
                0x0000000008000560        0x6 ./Application/User/stm32wbxx_it.o
                0x0000000008000560                MemManage_Handler
 .text.BusFault_Handler
                0x0000000008000566        0x6 ./Application/User/stm32wbxx_it.o
                0x0000000008000566                BusFault_Handler
 .text.UsageFault_Handler
                0x000000000800056c        0x6 ./Application/User/stm32wbxx_it.o
                0x000000000800056c                UsageFault_Handler
 .text.SVC_Handler
                0x0000000008000572        0xe ./Application/User/stm32wbxx_it.o
                0x0000000008000572                SVC_Handler
 .text.DebugMon_Handler
                0x0000000008000580        0xe ./Application/User/stm32wbxx_it.o
                0x0000000008000580                DebugMon_Handler
 .text.PendSV_Handler
                0x000000000800058e        0xe ./Application/User/stm32wbxx_it.o
                0x000000000800058e                PendSV_Handler
 .text.SysTick_Handler
                0x000000000800059c       0x10 ./Application/User/stm32wbxx_it.o
                0x000000000800059c                SysTick_Handler
 .text.RTC_WKUP_IRQHandler
                0x00000000080005ac       0x14 ./Application/User/stm32wbxx_it.o
                0x00000000080005ac                RTC_WKUP_IRQHandler
 .text.LL_AHB2_GRP1_EnableClock
                0x00000000080005c0       0x32 ./Drivers/BSP/P-NUCLEO-WB55.Nucleo/stm32wbxx_nucleo.o
 *fill*         0x00000000080005f2        0x2 
 .text.BSP_LED_Init
                0x00000000080005f4       0x74 ./Drivers/BSP/P-NUCLEO-WB55.Nucleo/stm32wbxx_nucleo.o
                0x00000000080005f4                BSP_LED_Init
 .text.BSP_LED_On
                0x0000000008000668       0x34 ./Drivers/BSP/P-NUCLEO-WB55.Nucleo/stm32wbxx_nucleo.o
                0x0000000008000668                BSP_LED_On
 .text.BSP_LED_Toggle
                0x000000000800069c       0x34 ./Drivers/BSP/P-NUCLEO-WB55.Nucleo/stm32wbxx_nucleo.o
                0x000000000800069c                BSP_LED_Toggle
 .text.SystemInit
                0x00000000080006d0       0xac ./Drivers/CMSIS/system_stm32wbxx.o
                0x00000000080006d0                SystemInit
 .text.HAL_Init
                0x000000000800077c       0x40 ./Drivers/STM32WBxx_HAL_Driver/stm32wbxx_hal.o
                0x000000000800077c                HAL_Init
 .text.HAL_InitTick
                0x00000000080007bc       0x74 ./Drivers/STM32WBxx_HAL_Driver/stm32wbxx_hal.o
                0x00000000080007bc                HAL_InitTick
 .text.HAL_IncTick
                0x0000000008000830       0x28 ./Drivers/STM32WBxx_HAL_Driver/stm32wbxx_hal.o
                0x0000000008000830                HAL_IncTick
 .text.HAL_GetTick
                0x0000000008000858       0x18 ./Drivers/STM32WBxx_HAL_Driver/stm32wbxx_hal.o
                0x0000000008000858                HAL_GetTick
 .text.HAL_GetTickPrio
                0x0000000008000870       0x18 ./Drivers/STM32WBxx_HAL_Driver/stm32wbxx_hal.o
                0x0000000008000870                HAL_GetTickPrio
 .text.HAL_Delay
                0x0000000008000888       0x48 ./Drivers/STM32WBxx_HAL_Driver/stm32wbxx_hal.o
                0x0000000008000888                HAL_Delay
 .text.__NVIC_SetPriorityGrouping
                0x00000000080008d0       0x48 ./Drivers/STM32WBxx_HAL_Driver/stm32wbxx_hal_cortex.o
 .text.__NVIC_GetPriorityGrouping
                0x0000000008000918       0x1c ./Drivers/STM32WBxx_HAL_Driver/stm32wbxx_hal_cortex.o
 .text.__NVIC_EnableIRQ
                0x0000000008000934       0x3c ./Drivers/STM32WBxx_HAL_Driver/stm32wbxx_hal_cortex.o
 .text.__NVIC_SetPriority
                0x0000000008000970       0x54 ./Drivers/STM32WBxx_HAL_Driver/stm32wbxx_hal_cortex.o
 .text.NVIC_EncodePriority
                0x00000000080009c4       0x66 ./Drivers/STM32WBxx_HAL_Driver/stm32wbxx_hal_cortex.o
 *fill*         0x0000000008000a2a        0x2 
 .text.SysTick_Config
                0x0000000008000a2c       0x44 ./Drivers/STM32WBxx_HAL_Driver/stm32wbxx_hal_cortex.o
 .text.HAL_NVIC_SetPriorityGrouping
                0x0000000008000a70       0x16 ./Drivers/STM32WBxx_HAL_Driver/stm32wbxx_hal_cortex.o
                0x0000000008000a70                HAL_NVIC_SetPriorityGrouping
 .text.HAL_NVIC_SetPriority
                0x0000000008000a86       0x34 ./Drivers/STM32WBxx_HAL_Driver/stm32wbxx_hal_cortex.o
                0x0000000008000a86                HAL_NVIC_SetPriority
 .text.HAL_NVIC_EnableIRQ
                0x0000000008000aba       0x1c ./Drivers/STM32WBxx_HAL_Driver/stm32wbxx_hal_cortex.o
                0x0000000008000aba                HAL_NVIC_EnableIRQ
 .text.HAL_SYSTICK_Config
                0x0000000008000ad6       0x18 ./Drivers/STM32WBxx_HAL_Driver/stm32wbxx_hal_cortex.o
                0x0000000008000ad6                HAL_SYSTICK_Config
 .text.HAL_SYSTICK_IRQHandler
                0x0000000008000aee        0xc ./Drivers/STM32WBxx_HAL_Driver/stm32wbxx_hal_cortex.o
                0x0000000008000aee                HAL_SYSTICK_IRQHandler
 *fill*         0x0000000008000afa        0x2 
 .text.HAL_GPIO_Init
                0x0000000008000afc      0x2e0 ./Drivers/STM32WBxx_HAL_Driver/stm32wbxx_hal_gpio.o
                0x0000000008000afc                HAL_GPIO_Init
 .text.HAL_GPIO_WritePin
                0x0000000008000ddc       0x30 ./Drivers/STM32WBxx_HAL_Driver/stm32wbxx_hal_gpio.o
                0x0000000008000ddc                HAL_GPIO_WritePin
 .text.HAL_GPIO_TogglePin
                0x0000000008000e0c       0x34 ./Drivers/STM32WBxx_HAL_Driver/stm32wbxx_hal_gpio.o
                0x0000000008000e0c                HAL_GPIO_TogglePin
 .text.HAL_PWR_EnableBkUpAccess
                0x0000000008000e40       0x20 ./Drivers/STM32WBxx_HAL_Driver/stm32wbxx_hal_pwr.o
                0x0000000008000e40                HAL_PWR_EnableBkUpAccess
 .text.HAL_PWR_EnterSTANDBYMode
                0x0000000008000e60       0x40 ./Drivers/STM32WBxx_HAL_Driver/stm32wbxx_hal_pwr.o
                0x0000000008000e60                HAL_PWR_EnterSTANDBYMode
 .text.HAL_PWREx_GetVoltageRange
                0x0000000008000ea0       0x1c ./Drivers/STM32WBxx_HAL_Driver/stm32wbxx_hal_pwr_ex.o
                0x0000000008000ea0                HAL_PWREx_GetVoltageRange
 .text.LL_RCC_HSE_IsEnabledDiv2
                0x0000000008000ebc       0x24 ./Drivers/STM32WBxx_HAL_Driver/stm32wbxx_hal_rcc.o
 .text.LL_RCC_HSE_Enable
                0x0000000008000ee0       0x1e ./Drivers/STM32WBxx_HAL_Driver/stm32wbxx_hal_rcc.o
 .text.LL_RCC_HSE_Disable
                0x0000000008000efe       0x1e ./Drivers/STM32WBxx_HAL_Driver/stm32wbxx_hal_rcc.o
 .text.LL_RCC_HSE_IsReady
                0x0000000008000f1c       0x24 ./Drivers/STM32WBxx_HAL_Driver/stm32wbxx_hal_rcc.o
 .text.LL_RCC_HSI_Enable
                0x0000000008000f40       0x1e ./Drivers/STM32WBxx_HAL_Driver/stm32wbxx_hal_rcc.o
 .text.LL_RCC_HSI_Disable
                0x0000000008000f5e       0x1e ./Drivers/STM32WBxx_HAL_Driver/stm32wbxx_hal_rcc.o
 .text.LL_RCC_HSI_IsReady
                0x0000000008000f7c       0x24 ./Drivers/STM32WBxx_HAL_Driver/stm32wbxx_hal_rcc.o
 .text.LL_RCC_HSI_SetCalibTrimming
                0x0000000008000fa0       0x2a ./Drivers/STM32WBxx_HAL_Driver/stm32wbxx_hal_rcc.o
 .text.LL_RCC_HSI48_Enable
                0x0000000008000fca       0x22 ./Drivers/STM32WBxx_HAL_Driver/stm32wbxx_hal_rcc.o
 .text.LL_RCC_HSI48_Disable
                0x0000000008000fec       0x22 ./Drivers/STM32WBxx_HAL_Driver/stm32wbxx_hal_rcc.o
 .text.LL_RCC_HSI48_IsReady
                0x000000000800100e       0x24 ./Drivers/STM32WBxx_HAL_Driver/stm32wbxx_hal_rcc.o
 .text.LL_RCC_LSE_Enable
                0x0000000008001032       0x22 ./Drivers/STM32WBxx_HAL_Driver/stm32wbxx_hal_rcc.o
 .text.LL_RCC_LSE_Disable
                0x0000000008001054       0x22 ./Drivers/STM32WBxx_HAL_Driver/stm32wbxx_hal_rcc.o
 .text.LL_RCC_LSE_EnableBypass
                0x0000000008001076       0x22 ./Drivers/STM32WBxx_HAL_Driver/stm32wbxx_hal_rcc.o
 .text.LL_RCC_LSE_DisableBypass
                0x0000000008001098       0x22 ./Drivers/STM32WBxx_HAL_Driver/stm32wbxx_hal_rcc.o
 .text.LL_RCC_LSE_IsReady
                0x00000000080010ba       0x24 ./Drivers/STM32WBxx_HAL_Driver/stm32wbxx_hal_rcc.o
 .text.LL_RCC_LSI1_Enable
                0x00000000080010de       0x22 ./Drivers/STM32WBxx_HAL_Driver/stm32wbxx_hal_rcc.o
 .text.LL_RCC_LSI1_Disable
                0x0000000008001100       0x22 ./Drivers/STM32WBxx_HAL_Driver/stm32wbxx_hal_rcc.o
 .text.LL_RCC_LSI1_IsReady
                0x0000000008001122       0x24 ./Drivers/STM32WBxx_HAL_Driver/stm32wbxx_hal_rcc.o
 .text.LL_RCC_LSI2_Enable
                0x0000000008001146       0x22 ./Drivers/STM32WBxx_HAL_Driver/stm32wbxx_hal_rcc.o
 .text.LL_RCC_LSI2_Disable
                0x0000000008001168       0x22 ./Drivers/STM32WBxx_HAL_Driver/stm32wbxx_hal_rcc.o
 .text.LL_RCC_LSI2_IsReady
                0x000000000800118a       0x24 ./Drivers/STM32WBxx_HAL_Driver/stm32wbxx_hal_rcc.o
 .text.LL_RCC_LSI2_SetTrimming
                0x00000000080011ae       0x2e ./Drivers/STM32WBxx_HAL_Driver/stm32wbxx_hal_rcc.o
 .text.LL_RCC_MSI_Enable
                0x00000000080011dc       0x1e ./Drivers/STM32WBxx_HAL_Driver/stm32wbxx_hal_rcc.o
 .text.LL_RCC_MSI_Disable
                0x00000000080011fa       0x1e ./Drivers/STM32WBxx_HAL_Driver/stm32wbxx_hal_rcc.o
 .text.LL_RCC_MSI_IsReady
                0x0000000008001218       0x22 ./Drivers/STM32WBxx_HAL_Driver/stm32wbxx_hal_rcc.o
 .text.LL_RCC_MSI_SetRange
                0x000000000800123a       0x28 ./Drivers/STM32WBxx_HAL_Driver/stm32wbxx_hal_rcc.o
 .text.LL_RCC_MSI_GetRange
                0x0000000008001262       0x2a ./Drivers/STM32WBxx_HAL_Driver/stm32wbxx_hal_rcc.o
 .text.LL_RCC_MSI_SetCalibTrimming
                0x000000000800128c       0x2a ./Drivers/STM32WBxx_HAL_Driver/stm32wbxx_hal_rcc.o
 .text.LL_RCC_SetSysClkSource
                0x00000000080012b6       0x28 ./Drivers/STM32WBxx_HAL_Driver/stm32wbxx_hal_rcc.o
 .text.LL_RCC_GetSysClkSource
                0x00000000080012de       0x18 ./Drivers/STM32WBxx_HAL_Driver/stm32wbxx_hal_rcc.o
 .text.LL_RCC_SetAHBPrescaler
                0x00000000080012f6       0x28 ./Drivers/STM32WBxx_HAL_Driver/stm32wbxx_hal_rcc.o
 .text.LL_C2_RCC_SetAHBPrescaler
                0x000000000800131e       0x2c ./Drivers/STM32WBxx_HAL_Driver/stm32wbxx_hal_rcc.o
 .text.LL_RCC_SetAHB4Prescaler
                0x000000000800134a       0x2e ./Drivers/STM32WBxx_HAL_Driver/stm32wbxx_hal_rcc.o
 .text.LL_RCC_SetAPB1Prescaler
                0x0000000008001378       0x28 ./Drivers/STM32WBxx_HAL_Driver/stm32wbxx_hal_rcc.o
 .text.LL_RCC_SetAPB2Prescaler
                0x00000000080013a0       0x28 ./Drivers/STM32WBxx_HAL_Driver/stm32wbxx_hal_rcc.o
 .text.LL_RCC_GetAHBPrescaler
                0x00000000080013c8       0x18 ./Drivers/STM32WBxx_HAL_Driver/stm32wbxx_hal_rcc.o
 .text.LL_RCC_GetAHB4Prescaler
                0x00000000080013e0       0x1c ./Drivers/STM32WBxx_HAL_Driver/stm32wbxx_hal_rcc.o
 .text.LL_RCC_PLL_Enable
                0x00000000080013fc       0x1e ./Drivers/STM32WBxx_HAL_Driver/stm32wbxx_hal_rcc.o
 .text.LL_RCC_PLL_Disable
                0x000000000800141a       0x1e ./Drivers/STM32WBxx_HAL_Driver/stm32wbxx_hal_rcc.o
 .text.LL_RCC_PLL_IsReady
                0x0000000008001438       0x24 ./Drivers/STM32WBxx_HAL_Driver/stm32wbxx_hal_rcc.o
 .text.LL_RCC_PLL_GetN
                0x000000000800145c       0x1a ./Drivers/STM32WBxx_HAL_Driver/stm32wbxx_hal_rcc.o
 .text.LL_RCC_PLL_GetR
                0x0000000008001476       0x18 ./Drivers/STM32WBxx_HAL_Driver/stm32wbxx_hal_rcc.o
 .text.LL_RCC_PLL_GetDivider
                0x000000000800148e       0x18 ./Drivers/STM32WBxx_HAL_Driver/stm32wbxx_hal_rcc.o
 .text.LL_RCC_PLL_GetMainSource
                0x00000000080014a6       0x18 ./Drivers/STM32WBxx_HAL_Driver/stm32wbxx_hal_rcc.o
 .text.LL_RCC_IsActiveFlag_HPRE
                0x00000000080014be       0x24 ./Drivers/STM32WBxx_HAL_Driver/stm32wbxx_hal_rcc.o
 .text.LL_RCC_IsActiveFlag_C2HPRE
                0x00000000080014e2       0x26 ./Drivers/STM32WBxx_HAL_Driver/stm32wbxx_hal_rcc.o
 .text.LL_RCC_IsActiveFlag_SHDHPRE
                0x0000000008001508       0x26 ./Drivers/STM32WBxx_HAL_Driver/stm32wbxx_hal_rcc.o
 .text.LL_RCC_IsActiveFlag_PPRE1
                0x000000000800152e       0x24 ./Drivers/STM32WBxx_HAL_Driver/stm32wbxx_hal_rcc.o
 .text.LL_RCC_IsActiveFlag_PPRE2
                0x0000000008001552       0x24 ./Drivers/STM32WBxx_HAL_Driver/stm32wbxx_hal_rcc.o
 *fill*         0x0000000008001576        0x2 
 .text.HAL_RCC_OscConfig
                0x0000000008001578      0x6e8 ./Drivers/STM32WBxx_HAL_Driver/stm32wbxx_hal_rcc.o
                0x0000000008001578                HAL_RCC_OscConfig
 .text.HAL_RCC_ClockConfig
                0x0000000008001c60      0x280 ./Drivers/STM32WBxx_HAL_Driver/stm32wbxx_hal_rcc.o
                0x0000000008001c60                HAL_RCC_ClockConfig
 .text.HAL_RCC_GetSysClockFreq
                0x0000000008001ee0       0xdc ./Drivers/STM32WBxx_HAL_Driver/stm32wbxx_hal_rcc.o
                0x0000000008001ee0                HAL_RCC_GetSysClockFreq
 .text.HAL_RCC_GetHCLKFreq
                0x0000000008001fbc       0x28 ./Drivers/STM32WBxx_HAL_Driver/stm32wbxx_hal_rcc.o
                0x0000000008001fbc                HAL_RCC_GetHCLKFreq
 .text.RCC_SetFlashLatencyFromMSIRange
                0x0000000008001fe4       0x70 ./Drivers/STM32WBxx_HAL_Driver/stm32wbxx_hal_rcc.o
 .text.RCC_SetFlashLatency
                0x0000000008002054       0xf8 ./Drivers/STM32WBxx_HAL_Driver/stm32wbxx_hal_rcc.o
 .text.LL_RCC_LSE_IsEnabled
                0x000000000800214c       0x24 ./Drivers/STM32WBxx_HAL_Driver/stm32wbxx_hal_rcc_ex.o
 .text.LL_RCC_LSE_IsReady
                0x0000000008002170       0x24 ./Drivers/STM32WBxx_HAL_Driver/stm32wbxx_hal_rcc_ex.o
 .text.LL_RCC_SetRFWKPClockSource
                0x0000000008002194       0x2c ./Drivers/STM32WBxx_HAL_Driver/stm32wbxx_hal_rcc_ex.o
 .text.LL_RCC_SetSMPSClockSource
                0x00000000080021c0       0x28 ./Drivers/STM32WBxx_HAL_Driver/stm32wbxx_hal_rcc_ex.o
 .text.LL_RCC_SetSMPSPrescaler
                0x00000000080021e8       0x28 ./Drivers/STM32WBxx_HAL_Driver/stm32wbxx_hal_rcc_ex.o
 .text.LL_RCC_SetUSARTClockSource
                0x0000000008002210       0x2c ./Drivers/STM32WBxx_HAL_Driver/stm32wbxx_hal_rcc_ex.o
 .text.LL_RCC_SetLPUARTClockSource
                0x000000000800223c       0x2c ./Drivers/STM32WBxx_HAL_Driver/stm32wbxx_hal_rcc_ex.o
 .text.LL_RCC_SetI2CClockSource
                0x0000000008002268       0x3a ./Drivers/STM32WBxx_HAL_Driver/stm32wbxx_hal_rcc_ex.o
 .text.LL_RCC_SetLPTIMClockSource
                0x00000000080022a2       0x34 ./Drivers/STM32WBxx_HAL_Driver/stm32wbxx_hal_rcc_ex.o
 .text.LL_RCC_SetSAIClockSource
                0x00000000080022d6       0x2c ./Drivers/STM32WBxx_HAL_Driver/stm32wbxx_hal_rcc_ex.o
 .text.LL_RCC_SetRNGClockSource
                0x0000000008002302       0x2c ./Drivers/STM32WBxx_HAL_Driver/stm32wbxx_hal_rcc_ex.o
 .text.LL_RCC_SetCLK48ClockSource
                0x000000000800232e       0x2c ./Drivers/STM32WBxx_HAL_Driver/stm32wbxx_hal_rcc_ex.o
 .text.LL_RCC_SetUSBClockSource
                0x000000000800235a       0x16 ./Drivers/STM32WBxx_HAL_Driver/stm32wbxx_hal_rcc_ex.o
 .text.LL_RCC_SetADCClockSource
                0x0000000008002370       0x2c ./Drivers/STM32WBxx_HAL_Driver/stm32wbxx_hal_rcc_ex.o
 .text.LL_RCC_SetRTCClockSource
                0x000000000800239c       0x2c ./Drivers/STM32WBxx_HAL_Driver/stm32wbxx_hal_rcc_ex.o
 .text.LL_RCC_GetRTCClockSource
                0x00000000080023c8       0x1a ./Drivers/STM32WBxx_HAL_Driver/stm32wbxx_hal_rcc_ex.o
 .text.LL_RCC_ForceBackupDomainReset
                0x00000000080023e2       0x22 ./Drivers/STM32WBxx_HAL_Driver/stm32wbxx_hal_rcc_ex.o
 .text.LL_RCC_ReleaseBackupDomainReset
                0x0000000008002404       0x22 ./Drivers/STM32WBxx_HAL_Driver/stm32wbxx_hal_rcc_ex.o
 .text.LL_RCC_PLLSAI1_Enable
                0x0000000008002426       0x1e ./Drivers/STM32WBxx_HAL_Driver/stm32wbxx_hal_rcc_ex.o
 .text.LL_RCC_PLLSAI1_Disable
                0x0000000008002444       0x1e ./Drivers/STM32WBxx_HAL_Driver/stm32wbxx_hal_rcc_ex.o
 .text.LL_RCC_PLLSAI1_IsReady
                0x0000000008002462       0x24 ./Drivers/STM32WBxx_HAL_Driver/stm32wbxx_hal_rcc_ex.o
 .text.HAL_RCCEx_PeriphCLKConfig
                0x0000000008002486      0x2ec ./Drivers/STM32WBxx_HAL_Driver/stm32wbxx_hal_rcc_ex.o
                0x0000000008002486                HAL_RCCEx_PeriphCLKConfig
 .text.RCCEx_PLLSAI1_ConfigNP
                0x0000000008002772       0xb6 ./Drivers/STM32WBxx_HAL_Driver/stm32wbxx_hal_rcc_ex.o
 .text.RCCEx_PLLSAI1_ConfigNQ
                0x0000000008002828       0xb6 ./Drivers/STM32WBxx_HAL_Driver/stm32wbxx_hal_rcc_ex.o
 .text.RCCEx_PLLSAI1_ConfigNR
                0x00000000080028de       0xb6 ./Drivers/STM32WBxx_HAL_Driver/stm32wbxx_hal_rcc_ex.o
 .text.HAL_RTC_Init
                0x0000000008002994      0x160 ./Drivers/STM32WBxx_HAL_Driver/stm32wbxx_hal_rtc.o
                0x0000000008002994                HAL_RTC_Init
 .text.HAL_RTC_WaitForSynchro
                0x0000000008002af4       0x4c ./Drivers/STM32WBxx_HAL_Driver/stm32wbxx_hal_rtc.o
                0x0000000008002af4                HAL_RTC_WaitForSynchro
 .text.RTC_EnterInitMode
                0x0000000008002b40       0x54 ./Drivers/STM32WBxx_HAL_Driver/stm32wbxx_hal_rtc.o
                0x0000000008002b40                RTC_EnterInitMode
 .text.HAL_RTCEx_SetWakeUpTimer_IT
                0x0000000008002b94      0x178 ./Drivers/STM32WBxx_HAL_Driver/stm32wbxx_hal_rtc_ex.o
                0x0000000008002b94                HAL_RTCEx_SetWakeUpTimer_IT
 .text.HAL_RTCEx_DeactivateWakeUpTimer
                0x0000000008002d0c       0xba ./Drivers/STM32WBxx_HAL_Driver/stm32wbxx_hal_rtc_ex.o
                0x0000000008002d0c                HAL_RTCEx_DeactivateWakeUpTimer
 *fill*         0x0000000008002dc6        0x2 
 .text.HAL_RTCEx_WakeUpTimerIRQHandler
                0x0000000008002dc8       0x4c ./Drivers/STM32WBxx_HAL_Driver/stm32wbxx_hal_rtc_ex.o
                0x0000000008002dc8                HAL_RTCEx_WakeUpTimerIRQHandler
 .text.HAL_RTCEx_WakeUpTimerEventCallback
                0x0000000008002e14       0x14 ./Drivers/STM32WBxx_HAL_Driver/stm32wbxx_hal_rtc_ex.o
                0x0000000008002e14                HAL_RTCEx_WakeUpTimerEventCallback
 .text.__libc_init_array
                0x0000000008002e28       0x48 c:/st/stm32cubeide_1.11.0/stm32cubeide/plugins/com.st.stm32cube.ide.mcu.externaltools.gnu-tools-for-stm32.10.3-2021.10.win32_1.0.100.202210260954/tools/bin/../lib/gcc/arm-none-eabi/10.3.1/../../../../arm-none-eabi/lib/thumb/v7e-m+fp/hard\libc_nano.a(lib_a-init.o)
                0x0000000008002e28                __libc_init_array
 .text.memset   0x0000000008002e70       0x10 c:/st/stm32cubeide_1.11.0/stm32cubeide/plugins/com.st.stm32cube.ide.mcu.externaltools.gnu-tools-for-stm32.10.3-2021.10.win32_1.0.100.202210260954/tools/bin/../lib/gcc/arm-none-eabi/10.3.1/../../../../arm-none-eabi/lib/thumb/v7e-m+fp/hard\libc_nano.a(lib_a-memset.o)
                0x0000000008002e70                memset
 *(.glue_7)
 .glue_7        0x0000000008002e80        0x0 linker stubs
 *(.glue_7t)
 .glue_7t       0x0000000008002e80        0x0 linker stubs
 *(.eh_frame)
 .eh_frame      0x0000000008002e80        0x0 c:/st/stm32cubeide_1.11.0/stm32cubeide/plugins/com.st.stm32cube.ide.mcu.externaltools.gnu-tools-for-stm32.10.3-2021.10.win32_1.0.100.202210260954/tools/bin/../lib/gcc/arm-none-eabi/10.3.1/thumb/v7e-m+fp/hard/crtbegin.o
 *(.init)
 .init          0x0000000008002e80        0x4 c:/st/stm32cubeide_1.11.0/stm32cubeide/plugins/com.st.stm32cube.ide.mcu.externaltools.gnu-tools-for-stm32.10.3-2021.10.win32_1.0.100.202210260954/tools/bin/../lib/gcc/arm-none-eabi/10.3.1/thumb/v7e-m+fp/hard/crti.o
                0x0000000008002e80                _init
 .init          0x0000000008002e84        0x8 c:/st/stm32cubeide_1.11.0/stm32cubeide/plugins/com.st.stm32cube.ide.mcu.externaltools.gnu-tools-for-stm32.10.3-2021.10.win32_1.0.100.202210260954/tools/bin/../lib/gcc/arm-none-eabi/10.3.1/thumb/v7e-m+fp/hard/crtn.o
 *(.fini)
 .fini          0x0000000008002e8c        0x4 c:/st/stm32cubeide_1.11.0/stm32cubeide/plugins/com.st.stm32cube.ide.mcu.externaltools.gnu-tools-for-stm32.10.3-2021.10.win32_1.0.100.202210260954/tools/bin/../lib/gcc/arm-none-eabi/10.3.1/thumb/v7e-m+fp/hard/crti.o
                0x0000000008002e8c                _fini
 .fini          0x0000000008002e90        0x8 c:/st/stm32cubeide_1.11.0/stm32cubeide/plugins/com.st.stm32cube.ide.mcu.externaltools.gnu-tools-for-stm32.10.3-2021.10.win32_1.0.100.202210260954/tools/bin/../lib/gcc/arm-none-eabi/10.3.1/thumb/v7e-m+fp/hard/crtn.o
                0x0000000008002e98                . = ALIGN (0x4)
                0x0000000008002e98                _etext = .

.vfp11_veneer   0x0000000008002e98        0x0
 .vfp11_veneer  0x0000000008002e98        0x0 linker stubs

.v4_bx          0x0000000008002e98        0x0
 .v4_bx         0x0000000008002e98        0x0 linker stubs

.iplt           0x0000000008002e98        0x0
 .iplt          0x0000000008002e98        0x0 c:/st/stm32cubeide_1.11.0/stm32cubeide/plugins/com.st.stm32cube.ide.mcu.externaltools.gnu-tools-for-stm32.10.3-2021.10.win32_1.0.100.202210260954/tools/bin/../lib/gcc/arm-none-eabi/10.3.1/thumb/v7e-m+fp/hard/crtbegin.o

.rodata         0x0000000008002e98       0xb4
                0x0000000008002e98                . = ALIGN (0x4)
 *(.rodata)
 .rodata        0x0000000008002e98       0x2c ./Drivers/STM32WBxx_HAL_Driver/stm32wbxx_hal_rcc.o
 *(.rodata*)
 .rodata.GPIO_PIN
                0x0000000008002ec4        0x6 ./Drivers/BSP/P-NUCLEO-WB55.Nucleo/stm32wbxx_nucleo.o
                0x0000000008002ec4                GPIO_PIN
 *fill*         0x0000000008002eca        0x2 
 .rodata.AHBPrescTable
                0x0000000008002ecc       0x40 ./Drivers/CMSIS/system_stm32wbxx.o
                0x0000000008002ecc                AHBPrescTable
 .rodata.MSIRangeTable
                0x0000000008002f0c       0x40 ./Drivers/CMSIS/system_stm32wbxx.o
                0x0000000008002f0c                MSIRangeTable
                0x0000000008002f4c                . = ALIGN (0x4)

.rel.dyn        0x0000000008002f4c        0x0
 .rel.iplt      0x0000000008002f4c        0x0 c:/st/stm32cubeide_1.11.0/stm32cubeide/plugins/com.st.stm32cube.ide.mcu.externaltools.gnu-tools-for-stm32.10.3-2021.10.win32_1.0.100.202210260954/tools/bin/../lib/gcc/arm-none-eabi/10.3.1/thumb/v7e-m+fp/hard/crtbegin.o

.ARM.extab
 *(.ARM.extab* .gnu.linkonce.armextab.*)

.ARM            0x0000000008002f4c        0x0
                0x0000000008002f4c                __exidx_start = .
 *(.ARM.exidx*)
                0x0000000008002f4c                __exidx_end = .

.preinit_array  0x0000000008002f4c        0x0
                0x0000000008002f4c                PROVIDE (__preinit_array_start = .)
 *(.preinit_array*)
                0x0000000008002f4c                PROVIDE (__preinit_array_end = .)

.init_array     0x0000000008002f4c        0x4
                0x0000000008002f4c                PROVIDE (__init_array_start = .)
 *(SORT_BY_NAME(.init_array.*))
 *(.init_array*)
 .init_array    0x0000000008002f4c        0x4 c:/st/stm32cubeide_1.11.0/stm32cubeide/plugins/com.st.stm32cube.ide.mcu.externaltools.gnu-tools-for-stm32.10.3-2021.10.win32_1.0.100.202210260954/tools/bin/../lib/gcc/arm-none-eabi/10.3.1/thumb/v7e-m+fp/hard/crtbegin.o
                0x0000000008002f50                PROVIDE (__init_array_end = .)

.fini_array     0x0000000008002f50        0x4
                [!provide]                        PROVIDE (__fini_array_start = .)
 *(SORT_BY_NAME(.fini_array.*))
 *(.fini_array*)
 .fini_array    0x0000000008002f50        0x4 c:/st/stm32cubeide_1.11.0/stm32cubeide/plugins/com.st.stm32cube.ide.mcu.externaltools.gnu-tools-for-stm32.10.3-2021.10.win32_1.0.100.202210260954/tools/bin/../lib/gcc/arm-none-eabi/10.3.1/thumb/v7e-m+fp/hard/crtbegin.o
                [!provide]                        PROVIDE (__fini_array_end = .)
                0x0000000008002f54                _sidata = LOADADDR (.data)

.data           0x0000000020000008       0x18 load address 0x0000000008002f54
                0x0000000020000008                . = ALIGN (0x4)
                0x0000000020000008                _sdata = .
 *(.data)
 *(.data*)
 .data.GPIO_PORT
                0x0000000020000008        0xc ./Drivers/BSP/P-NUCLEO-WB55.Nucleo/stm32wbxx_nucleo.o
                0x0000000020000008                GPIO_PORT
 .data.SystemCoreClock
                0x0000000020000014        0x4 ./Drivers/CMSIS/system_stm32wbxx.o
                0x0000000020000014                SystemCoreClock
 .data.uwTickPrio
                0x0000000020000018        0x4 ./Drivers/STM32WBxx_HAL_Driver/stm32wbxx_hal.o
                0x0000000020000018                uwTickPrio
 .data.uwTickFreq
                0x000000002000001c        0x1 ./Drivers/STM32WBxx_HAL_Driver/stm32wbxx_hal.o
                0x000000002000001c                uwTickFreq
                0x0000000020000020                . = ALIGN (0x4)
 *fill*         0x000000002000001d        0x3 
                0x0000000020000020                _edata = .

.igot.plt       0x0000000020000020        0x0 load address 0x0000000008002f6c
 .igot.plt      0x0000000020000020        0x0 c:/st/stm32cubeide_1.11.0/stm32cubeide/plugins/com.st.stm32cube.ide.mcu.externaltools.gnu-tools-for-stm32.10.3-2021.10.win32_1.0.100.202210260954/tools/bin/../lib/gcc/arm-none-eabi/10.3.1/thumb/v7e-m+fp/hard/crtbegin.o
                0x0000000020000020                . = ALIGN (0x4)

.bss            0x0000000020000020       0x48 load address 0x0000000008002f6c
                0x0000000020000020                _sbss = .
                0x0000000020000020                __bss_start__ = _sbss
 *(.bss)
 .bss           0x0000000020000020       0x1c c:/st/stm32cubeide_1.11.0/stm32cubeide/plugins/com.st.stm32cube.ide.mcu.externaltools.gnu-tools-for-stm32.10.3-2021.10.win32_1.0.100.202210260954/tools/bin/../lib/gcc/arm-none-eabi/10.3.1/thumb/v7e-m+fp/hard/crtbegin.o
 *(.bss*)
 .bss.hrtc      0x000000002000003c       0x24 ./Application/User/main.o
                0x000000002000003c                hrtc
 .bss.TimingDelay
                0x0000000020000060        0x4 ./Application/User/main.o
 .bss.uwTick    0x0000000020000064        0x4 ./Drivers/STM32WBxx_HAL_Driver/stm32wbxx_hal.o
                0x0000000020000064                uwTick
 *(COMMON)
                0x0000000020000068                . = ALIGN (0x4)
                0x0000000020000068                _ebss = .
                0x0000000020000068                __bss_end__ = _ebss

._user_heap_stack
                0x0000000020000068      0x600 load address 0x0000000008002f6c
                0x0000000020000068                . = ALIGN (0x8)
                [!provide]                        PROVIDE (end = .)
                0x0000000020000068                PROVIDE (_end = .)
                0x0000000020000268                . = (. + _Min_Heap_Size)
 *fill*         0x0000000020000068      0x200 
                0x0000000020000668                . = (. + _Min_Stack_Size)
 *fill*         0x0000000020000268      0x400 
                0x0000000020000668                . = ALIGN (0x8)

/DISCARD/
 libc.a(*)
 libm.a(*)
 libgcc.a(*)

.ARM.attributes
                0x0000000000000000       0x30
 *(.ARM.attributes)
 .ARM.attributes
                0x0000000000000000       0x1e c:/st/stm32cubeide_1.11.0/stm32cubeide/plugins/com.st.stm32cube.ide.mcu.externaltools.gnu-tools-for-stm32.10.3-2021.10.win32_1.0.100.202210260954/tools/bin/../lib/gcc/arm-none-eabi/10.3.1/thumb/v7e-m+fp/hard/crti.o
 .ARM.attributes
                0x000000000000001e       0x34 c:/st/stm32cubeide_1.11.0/stm32cubeide/plugins/com.st.stm32cube.ide.mcu.externaltools.gnu-tools-for-stm32.10.3-2021.10.win32_1.0.100.202210260954/tools/bin/../lib/gcc/arm-none-eabi/10.3.1/thumb/v7e-m+fp/hard/crtbegin.o
 .ARM.attributes
                0x0000000000000052       0x21 ./Application/Startup/startup_stm32wb55rgvx.o
 .ARM.attributes
                0x0000000000000073       0x34 ./Application/User/main.o
 .ARM.attributes
                0x00000000000000a7       0x34 ./Application/User/stm32wbxx_hal_msp.o
 .ARM.attributes
                0x00000000000000db       0x34 ./Application/User/stm32wbxx_it.o
 .ARM.attributes
                0x000000000000010f       0x34 ./Drivers/BSP/P-NUCLEO-WB55.Nucleo/stm32wbxx_nucleo.o
 .ARM.attributes
                0x0000000000000143       0x34 ./Drivers/CMSIS/system_stm32wbxx.o
 .ARM.attributes
                0x0000000000000177       0x34 ./Drivers/STM32WBxx_HAL_Driver/stm32wbxx_hal.o
 .ARM.attributes
                0x00000000000001ab       0x34 ./Drivers/STM32WBxx_HAL_Driver/stm32wbxx_hal_cortex.o
 .ARM.attributes
                0x00000000000001df       0x34 ./Drivers/STM32WBxx_HAL_Driver/stm32wbxx_hal_gpio.o
 .ARM.attributes
                0x0000000000000213       0x34 ./Drivers/STM32WBxx_HAL_Driver/stm32wbxx_hal_pwr.o
 .ARM.attributes
                0x0000000000000247       0x34 ./Drivers/STM32WBxx_HAL_Driver/stm32wbxx_hal_pwr_ex.o
 .ARM.attributes
                0x000000000000027b       0x34 ./Drivers/STM32WBxx_HAL_Driver/stm32wbxx_hal_rcc.o
 .ARM.attributes
                0x00000000000002af       0x34 ./Drivers/STM32WBxx_HAL_Driver/stm32wbxx_hal_rcc_ex.o
 .ARM.attributes
                0x00000000000002e3       0x34 ./Drivers/STM32WBxx_HAL_Driver/stm32wbxx_hal_rtc.o
 .ARM.attributes
                0x0000000000000317       0x34 ./Drivers/STM32WBxx_HAL_Driver/stm32wbxx_hal_rtc_ex.o
 .ARM.attributes
                0x000000000000034b       0x34 c:/st/stm32cubeide_1.11.0/stm32cubeide/plugins/com.st.stm32cube.ide.mcu.externaltools.gnu-tools-for-stm32.10.3-2021.10.win32_1.0.100.202210260954/tools/bin/../lib/gcc/arm-none-eabi/10.3.1/../../../../arm-none-eabi/lib/thumb/v7e-m+fp/hard\libc_nano.a(lib_a-init.o)
 .ARM.attributes
                0x000000000000037f       0x34 c:/st/stm32cubeide_1.11.0/stm32cubeide/plugins/com.st.stm32cube.ide.mcu.externaltools.gnu-tools-for-stm32.10.3-2021.10.win32_1.0.100.202210260954/tools/bin/../lib/gcc/arm-none-eabi/10.3.1/../../../../arm-none-eabi/lib/thumb/v7e-m+fp/hard\libc_nano.a(lib_a-memset.o)
 .ARM.attributes
                0x00000000000003b3       0x1e c:/st/stm32cubeide_1.11.0/stm32cubeide/plugins/com.st.stm32cube.ide.mcu.externaltools.gnu-tools-for-stm32.10.3-2021.10.win32_1.0.100.202210260954/tools/bin/../lib/gcc/arm-none-eabi/10.3.1/thumb/v7e-m+fp/hard/crtn.o

MAPPING_TABLE
 *(MAPPING_TABLE)

MB_MEM1
 *(MB_MEM1)

MB_MEM2         0x0000000020030000        0x0
                0x0000000020030000                _sMB_MEM2 = .
 *(MB_MEM2)
                0x0000000020030000                _eMB_MEM2 = .
OUTPUT(PWR_STANDBY_RTC.elf elf32-littlearm)
LOAD linker stubs
LOAD c:/st/stm32cubeide_1.11.0/stm32cubeide/plugins/com.st.stm32cube.ide.mcu.externaltools.gnu-tools-for-stm32.10.3-2021.10.win32_1.0.100.202210260954/tools/bin/../lib/gcc/arm-none-eabi/10.3.1/../../../../arm-none-eabi/lib/thumb/v7e-m+fp/hard\libc.a
LOAD c:/st/stm32cubeide_1.11.0/stm32cubeide/plugins/com.st.stm32cube.ide.mcu.externaltools.gnu-tools-for-stm32.10.3-2021.10.win32_1.0.100.202210260954/tools/bin/../lib/gcc/arm-none-eabi/10.3.1/../../../../arm-none-eabi/lib/thumb/v7e-m+fp/hard\libm.a
LOAD c:/st/stm32cubeide_1.11.0/stm32cubeide/plugins/com.st.stm32cube.ide.mcu.externaltools.gnu-tools-for-stm32.10.3-2021.10.win32_1.0.100.202210260954/tools/bin/../lib/gcc/arm-none-eabi/10.3.1/thumb/v7e-m+fp/hard\libgcc.a

.debug_line     0x0000000000000000     0xccc8
 .debug_line    0x0000000000000000       0x98 ./Application/Startup/startup_stm32wb55rgvx.o
 .debug_line    0x0000000000000098      0x930 ./Application/User/main.o
 .debug_line    0x00000000000009c8      0x8a5 ./Application/User/stm32wbxx_hal_msp.o
 .debug_line    0x000000000000126d      0x88e ./Application/User/stm32wbxx_it.o
 .debug_line    0x0000000000001afb      0x909 ./Drivers/BSP/P-NUCLEO-WB55.Nucleo/stm32wbxx_nucleo.o
 .debug_line    0x0000000000002404      0x822 ./Drivers/CMSIS/system_stm32wbxx.o
 .debug_line    0x0000000000002c26     0x1006 ./Drivers/STM32WBxx_HAL_Driver/stm32wbxx_hal.o
 .debug_line    0x0000000000003c2c      0xcd0 ./Drivers/STM32WBxx_HAL_Driver/stm32wbxx_hal_cortex.o
 .debug_line    0x00000000000048fc      0xbb1 ./Drivers/STM32WBxx_HAL_Driver/stm32wbxx_hal_gpio.o
 .debug_line    0x00000000000054ad      0xa21 ./Drivers/STM32WBxx_HAL_Driver/stm32wbxx_hal_pwr.o
 .debug_line    0x0000000000005ece     0x1151 ./Drivers/STM32WBxx_HAL_Driver/stm32wbxx_hal_pwr_ex.o
 .debug_line    0x000000000000701f     0x1821 ./Drivers/STM32WBxx_HAL_Driver/stm32wbxx_hal_rcc.o
 .debug_line    0x0000000000008840     0x1ca8 ./Drivers/STM32WBxx_HAL_Driver/stm32wbxx_hal_rcc_ex.o
 .debug_line    0x000000000000a4e8     0x1218 ./Drivers/STM32WBxx_HAL_Driver/stm32wbxx_hal_rtc.o
 .debug_line    0x000000000000b700     0x15c8 ./Drivers/STM32WBxx_HAL_Driver/stm32wbxx_hal_rtc_ex.o

.debug_info     0x0000000000000000     0xc2c1
 .debug_info    0x0000000000000000       0x22 ./Application/Startup/startup_stm32wb55rgvx.o
 .debug_info    0x0000000000000022      0x9df ./Application/User/main.o
 .debug_info    0x0000000000000a01      0xd8d ./Application/User/stm32wbxx_hal_msp.o
 .debug_info    0x000000000000178e      0x4e9 ./Application/User/stm32wbxx_it.o
 .debug_info    0x0000000000001c77      0xb2d ./Drivers/BSP/P-NUCLEO-WB55.Nucleo/stm32wbxx_nucleo.o
 .debug_info    0x00000000000027a4      0x741 ./Drivers/CMSIS/system_stm32wbxx.o
 .debug_info    0x0000000000002ee5     0x1379 ./Drivers/STM32WBxx_HAL_Driver/stm32wbxx_hal.o
 .debug_info    0x000000000000425e      0xd41 ./Drivers/STM32WBxx_HAL_Driver/stm32wbxx_hal_cortex.o
 .debug_info    0x0000000000004f9f      0x747 ./Drivers/STM32WBxx_HAL_Driver/stm32wbxx_hal_gpio.o
 .debug_info    0x00000000000056e6      0x939 ./Drivers/STM32WBxx_HAL_Driver/stm32wbxx_hal_pwr.o
 .debug_info    0x000000000000601f     0x10e2 ./Drivers/STM32WBxx_HAL_Driver/stm32wbxx_hal_pwr_ex.o
 .debug_info    0x0000000000007101     0x15a4 ./Drivers/STM32WBxx_HAL_Driver/stm32wbxx_hal_rcc.o
 .debug_info    0x00000000000086a5     0x1d3c ./Drivers/STM32WBxx_HAL_Driver/stm32wbxx_hal_rcc_ex.o
 .debug_info    0x000000000000a3e1      0xde0 ./Drivers/STM32WBxx_HAL_Driver/stm32wbxx_hal_rtc.o
 .debug_info    0x000000000000b1c1     0x1100 ./Drivers/STM32WBxx_HAL_Driver/stm32wbxx_hal_rtc_ex.o

.debug_abbrev   0x0000000000000000     0x204a
 .debug_abbrev  0x0000000000000000       0x12 ./Application/Startup/startup_stm32wb55rgvx.o
 .debug_abbrev  0x0000000000000012      0x218 ./Application/User/main.o
 .debug_abbrev  0x000000000000022a      0x1eb ./Application/User/stm32wbxx_hal_msp.o
 .debug_abbrev  0x0000000000000415      0x13e ./Application/User/stm32wbxx_it.o
 .debug_abbrev  0x0000000000000553      0x240 ./Drivers/BSP/P-NUCLEO-WB55.Nucleo/stm32wbxx_nucleo.o
 .debug_abbrev  0x0000000000000793      0x136 ./Drivers/CMSIS/system_stm32wbxx.o
 .debug_abbrev  0x00000000000008c9      0x356 ./Drivers/STM32WBxx_HAL_Driver/stm32wbxx_hal.o
 .debug_abbrev  0x0000000000000c1f      0x30d ./Drivers/STM32WBxx_HAL_Driver/stm32wbxx_hal_cortex.o
 .debug_abbrev  0x0000000000000f2c      0x1d2 ./Drivers/STM32WBxx_HAL_Driver/stm32wbxx_hal_gpio.o
 .debug_abbrev  0x00000000000010fe      0x1fb ./Drivers/STM32WBxx_HAL_Driver/stm32wbxx_hal_pwr.o
 .debug_abbrev  0x00000000000012f9      0x314 ./Drivers/STM32WBxx_HAL_Driver/stm32wbxx_hal_pwr_ex.o
 .debug_abbrev  0x000000000000160d      0x311 ./Drivers/STM32WBxx_HAL_Driver/stm32wbxx_hal_rcc.o
 .debug_abbrev  0x000000000000191e      0x34a ./Drivers/STM32WBxx_HAL_Driver/stm32wbxx_hal_rcc_ex.o
 .debug_abbrev  0x0000000000001c68      0x1f0 ./Drivers/STM32WBxx_HAL_Driver/stm32wbxx_hal_rtc.o
 .debug_abbrev  0x0000000000001e58      0x1f2 ./Drivers/STM32WBxx_HAL_Driver/stm32wbxx_hal_rtc_ex.o

.debug_aranges  0x0000000000000000     0x1130
 .debug_aranges
                0x0000000000000000       0x30 ./Application/Startup/startup_stm32wb55rgvx.o
 .debug_aranges
                0x0000000000000030       0x58 ./Application/User/main.o
 .debug_aranges
                0x0000000000000088       0x50 ./Application/User/stm32wbxx_hal_msp.o
 .debug_aranges
                0x00000000000000d8       0x68 ./Application/User/stm32wbxx_it.o
 .debug_aranges
                0x0000000000000140       0x68 ./Drivers/BSP/P-NUCLEO-WB55.Nucleo/stm32wbxx_nucleo.o
 .debug_aranges
                0x00000000000001a8       0x28 ./Drivers/CMSIS/system_stm32wbxx.o
 .debug_aranges
                0x00000000000001d0      0x280 ./Drivers/STM32WBxx_HAL_Driver/stm32wbxx_hal.o
 .debug_aranges
                0x0000000000000450      0x108 ./Drivers/STM32WBxx_HAL_Driver/stm32wbxx_hal_cortex.o
 .debug_aranges
                0x0000000000000558       0x60 ./Drivers/STM32WBxx_HAL_Driver/stm32wbxx_hal_gpio.o
 .debug_aranges
                0x00000000000005b8       0xd0 ./Drivers/STM32WBxx_HAL_Driver/stm32wbxx_hal_pwr.o
 .debug_aranges
                0x0000000000000688      0x288 ./Drivers/STM32WBxx_HAL_Driver/stm32wbxx_hal_pwr_ex.o
 .debug_aranges
                0x0000000000000910      0x270 ./Drivers/STM32WBxx_HAL_Driver/stm32wbxx_hal_rcc.o
 .debug_aranges
                0x0000000000000b80      0x390 ./Drivers/STM32WBxx_HAL_Driver/stm32wbxx_hal_rcc_ex.o
 .debug_aranges
                0x0000000000000f10       0xe0 ./Drivers/STM32WBxx_HAL_Driver/stm32wbxx_hal_rtc.o
 .debug_aranges
                0x0000000000000ff0      0x140 ./Drivers/STM32WBxx_HAL_Driver/stm32wbxx_hal_rtc_ex.o

.debug_str      0x0000000000000000    0xd45ff
 .debug_str     0x0000000000000000       0x88 ./Application/Startup/startup_stm32wb55rgvx.o
 .debug_str     0x0000000000000088    0xcf60c ./Application/User/main.o
                                      0xd0068 (size before relaxing)
 .debug_str     0x00000000000cf694      0x81e ./Application/User/stm32wbxx_hal_msp.o
                                      0xd0652 (size before relaxing)
 .debug_str     0x00000000000cfeb2      0x144 ./Application/User/stm32wbxx_it.o
                                      0xcfd75 (size before relaxing)
 .debug_str     0x00000000000cfff6      0x452 ./Drivers/BSP/P-NUCLEO-WB55.Nucleo/stm32wbxx_nucleo.o
                                      0xd0522 (size before relaxing)
 .debug_str     0x00000000000d0448      0x16b ./Drivers/CMSIS/system_stm32wbxx.o
                                      0xcef77 (size before relaxing)
 .debug_str     0x00000000000d05b3      0xa59 ./Drivers/STM32WBxx_HAL_Driver/stm32wbxx_hal.o
                                      0xcfe2c (size before relaxing)
 .debug_str     0x00000000000d100c      0x324 ./Drivers/STM32WBxx_HAL_Driver/stm32wbxx_hal_cortex.o
                                      0xcf5ac (size before relaxing)
 .debug_str     0x00000000000d1330      0x162 ./Drivers/STM32WBxx_HAL_Driver/stm32wbxx_hal_gpio.o
                                      0xcef20 (size before relaxing)
 .debug_str     0x00000000000d1492      0x5ec ./Drivers/STM32WBxx_HAL_Driver/stm32wbxx_hal_pwr.o
                                      0xcf3b6 (size before relaxing)
 .debug_str     0x00000000000d1a7e      0x851 ./Drivers/STM32WBxx_HAL_Driver/stm32wbxx_hal_pwr_ex.o
                                      0xcf8b7 (size before relaxing)
 .debug_str     0x00000000000d22cf      0xb74 ./Drivers/STM32WBxx_HAL_Driver/stm32wbxx_hal_rcc.o
                                      0xcfda4 (size before relaxing)
 .debug_str     0x00000000000d2e43      0xcea ./Drivers/STM32WBxx_HAL_Driver/stm32wbxx_hal_rcc_ex.o
                                      0xd01cd (size before relaxing)
 .debug_str     0x00000000000d3b2d      0x35c ./Drivers/STM32WBxx_HAL_Driver/stm32wbxx_hal_rtc.o
                                      0xcf2d3 (size before relaxing)
 .debug_str     0x00000000000d3e89      0x776 ./Drivers/STM32WBxx_HAL_Driver/stm32wbxx_hal_rtc_ex.o
                                      0xcf7d8 (size before relaxing)

.debug_ranges   0x0000000000000000     0x1048
 .debug_ranges  0x0000000000000000       0x28 ./Application/Startup/startup_stm32wb55rgvx.o
 .debug_ranges  0x0000000000000028       0x48 ./Application/User/main.o
 .debug_ranges  0x0000000000000070       0x40 ./Application/User/stm32wbxx_hal_msp.o
 .debug_ranges  0x00000000000000b0       0x58 ./Application/User/stm32wbxx_it.o
 .debug_ranges  0x0000000000000108       0x58 ./Drivers/BSP/P-NUCLEO-WB55.Nucleo/stm32wbxx_nucleo.o
 .debug_ranges  0x0000000000000160       0x18 ./Drivers/CMSIS/system_stm32wbxx.o
 .debug_ranges  0x0000000000000178      0x270 ./Drivers/STM32WBxx_HAL_Driver/stm32wbxx_hal.o
 .debug_ranges  0x00000000000003e8       0xf8 ./Drivers/STM32WBxx_HAL_Driver/stm32wbxx_hal_cortex.o
 .debug_ranges  0x00000000000004e0       0x50 ./Drivers/STM32WBxx_HAL_Driver/stm32wbxx_hal_gpio.o
 .debug_ranges  0x0000000000000530       0xc0 ./Drivers/STM32WBxx_HAL_Driver/stm32wbxx_hal_pwr.o
 .debug_ranges  0x00000000000005f0      0x278 ./Drivers/STM32WBxx_HAL_Driver/stm32wbxx_hal_pwr_ex.o
 .debug_ranges  0x0000000000000868      0x260 ./Drivers/STM32WBxx_HAL_Driver/stm32wbxx_hal_rcc.o
 .debug_ranges  0x0000000000000ac8      0x380 ./Drivers/STM32WBxx_HAL_Driver/stm32wbxx_hal_rcc_ex.o
 .debug_ranges  0x0000000000000e48       0xd0 ./Drivers/STM32WBxx_HAL_Driver/stm32wbxx_hal_rtc.o
 .debug_ranges  0x0000000000000f18      0x130 ./Drivers/STM32WBxx_HAL_Driver/stm32wbxx_hal_rtc_ex.o

.debug_macro    0x0000000000000000    0x20ca5
 .debug_macro   0x0000000000000000      0x231 ./Application/User/main.o
 .debug_macro   0x0000000000000231      0xa78 ./Application/User/main.o
 .debug_macro   0x0000000000000ca9      0x12a ./Application/User/main.o
 .debug_macro   0x0000000000000dd3       0x2e ./Application/User/main.o
 .debug_macro   0x0000000000000e01       0x2e ./Application/User/main.o
 .debug_macro   0x0000000000000e2f       0x22 ./Application/User/main.o
 .debug_macro   0x0000000000000e51       0x8e ./Application/User/main.o
 .debug_macro   0x0000000000000edf       0x51 ./Application/User/main.o
 .debug_macro   0x0000000000000f30      0x103 ./Application/User/main.o
 .debug_macro   0x0000000000001033       0x6a ./Application/User/main.o
 .debug_macro   0x000000000000109d      0x1df ./Application/User/main.o
 .debug_macro   0x000000000000127c       0x1c ./Application/User/main.o
 .debug_macro   0x0000000000001298       0x22 ./Application/User/main.o
 .debug_macro   0x00000000000012ba       0xfb ./Application/User/main.o
 .debug_macro   0x00000000000013b5     0x1011 ./Application/User/main.o
 .debug_macro   0x00000000000023c6      0x11f ./Application/User/main.o
 .debug_macro   0x00000000000024e5    0x12adb ./Application/User/main.o
 .debug_macro   0x0000000000014fc0       0x6c ./Application/User/main.o
 .debug_macro   0x000000000001502c     0x34c5 ./Application/User/main.o
 .debug_macro   0x00000000000184f1      0x174 ./Application/User/main.o
 .debug_macro   0x0000000000018665       0x5c ./Application/User/main.o
 .debug_macro   0x00000000000186c1      0x3f5 ./Application/User/main.o
 .debug_macro   0x0000000000018ab6      0x286 ./Application/User/main.o
 .debug_macro   0x0000000000018d3c      0x30d ./Application/User/main.o
 .debug_macro   0x0000000000019049      0x17e ./Application/User/main.o
 .debug_macro   0x00000000000191c7       0x43 ./Application/User/main.o
 .debug_macro   0x000000000001920a      0x236 ./Application/User/main.o
 .debug_macro   0x0000000000019440      0x24a ./Application/User/main.o
 .debug_macro   0x000000000001968a      0x57b ./Application/User/main.o
 .debug_macro   0x0000000000019c05       0x2e ./Application/User/main.o
 .debug_macro   0x0000000000019c33      0x100 ./Application/User/main.o
 .debug_macro   0x0000000000019d33      0x1ba ./Application/User/main.o
 .debug_macro   0x0000000000019eed      0x1cd ./Application/User/main.o
 .debug_macro   0x000000000001a0ba      0x381 ./Application/User/main.o
 .debug_macro   0x000000000001a43b      0x13d ./Application/User/main.o
 .debug_macro   0x000000000001a578      0x141 ./Application/User/main.o
 .debug_macro   0x000000000001a6b9      0x4ff ./Application/User/main.o
 .debug_macro   0x000000000001abb8      0x874 ./Application/User/main.o
 .debug_macro   0x000000000001b42c      0x259 ./Application/User/main.o
 .debug_macro   0x000000000001b685     0x1bb1 ./Application/User/main.o
 .debug_macro   0x000000000001d236       0xe4 ./Application/User/main.o
 .debug_macro   0x000000000001d31a      0x5e7 ./Application/User/main.o
 .debug_macro   0x000000000001d901      0x352 ./Application/User/main.o
 .debug_macro   0x000000000001dc53      0x4e5 ./Application/User/main.o
 .debug_macro   0x000000000001e138       0xdd ./Application/User/main.o
 .debug_macro   0x000000000001e215      0x557 ./Application/User/main.o
 .debug_macro   0x000000000001e76c      0x433 ./Application/User/main.o
 .debug_macro   0x000000000001eb9f      0x204 ./Application/User/main.o
 .debug_macro   0x000000000001eda3       0x10 ./Application/User/main.o
 .debug_macro   0x000000000001edb3      0x22b ./Application/User/stm32wbxx_hal_msp.o
 .debug_macro   0x000000000001efde      0x235 ./Application/User/stm32wbxx_it.o
 .debug_macro   0x000000000001f213      0x24c ./Drivers/BSP/P-NUCLEO-WB55.Nucleo/stm32wbxx_nucleo.o
 .debug_macro   0x000000000001f45f      0x1fe ./Drivers/BSP/P-NUCLEO-WB55.Nucleo/stm32wbxx_nucleo.o
 .debug_macro   0x000000000001f65d      0x220 ./Drivers/CMSIS/system_stm32wbxx.o
 .debug_macro   0x000000000001f87d      0x237 ./Drivers/STM32WBxx_HAL_Driver/stm32wbxx_hal.o
 .debug_macro   0x000000000001fab4      0x213 ./Drivers/STM32WBxx_HAL_Driver/stm32wbxx_hal_cortex.o
 .debug_macro   0x000000000001fcc7      0x21a ./Drivers/STM32WBxx_HAL_Driver/stm32wbxx_hal_gpio.o
 .debug_macro   0x000000000001fee1      0x285 ./Drivers/STM32WBxx_HAL_Driver/stm32wbxx_hal_pwr.o
 .debug_macro   0x0000000000020166      0x225 ./Drivers/STM32WBxx_HAL_Driver/stm32wbxx_hal_pwr_ex.o
 .debug_macro   0x000000000002038b      0x285 ./Drivers/STM32WBxx_HAL_Driver/stm32wbxx_hal_rcc.o
 .debug_macro   0x0000000000020610      0x268 ./Drivers/STM32WBxx_HAL_Driver/stm32wbxx_hal_rcc_ex.o
 .debug_macro   0x0000000000020878      0x214 ./Drivers/STM32WBxx_HAL_Driver/stm32wbxx_hal_rtc.o
 .debug_macro   0x0000000000020a8c      0x219 ./Drivers/STM32WBxx_HAL_Driver/stm32wbxx_hal_rtc_ex.o

.comment        0x0000000000000000       0x50
 .comment       0x0000000000000000       0x50 ./Application/User/main.o
                                         0x51 (size before relaxing)
 .comment       0x0000000000000050       0x51 ./Application/User/stm32wbxx_hal_msp.o
 .comment       0x0000000000000050       0x51 ./Application/User/stm32wbxx_it.o
 .comment       0x0000000000000050       0x51 ./Drivers/BSP/P-NUCLEO-WB55.Nucleo/stm32wbxx_nucleo.o
 .comment       0x0000000000000050       0x51 ./Drivers/CMSIS/system_stm32wbxx.o
 .comment       0x0000000000000050       0x51 ./Drivers/STM32WBxx_HAL_Driver/stm32wbxx_hal.o
 .comment       0x0000000000000050       0x51 ./Drivers/STM32WBxx_HAL_Driver/stm32wbxx_hal_cortex.o
 .comment       0x0000000000000050       0x51 ./Drivers/STM32WBxx_HAL_Driver/stm32wbxx_hal_gpio.o
 .comment       0x0000000000000050       0x51 ./Drivers/STM32WBxx_HAL_Driver/stm32wbxx_hal_pwr.o
 .comment       0x0000000000000050       0x51 ./Drivers/STM32WBxx_HAL_Driver/stm32wbxx_hal_pwr_ex.o
 .comment       0x0000000000000050       0x51 ./Drivers/STM32WBxx_HAL_Driver/stm32wbxx_hal_rcc.o
 .comment       0x0000000000000050       0x51 ./Drivers/STM32WBxx_HAL_Driver/stm32wbxx_hal_rcc_ex.o
 .comment       0x0000000000000050       0x51 ./Drivers/STM32WBxx_HAL_Driver/stm32wbxx_hal_rtc.o
 .comment       0x0000000000000050       0x51 ./Drivers/STM32WBxx_HAL_Driver/stm32wbxx_hal_rtc_ex.o

.debug_frame    0x0000000000000000     0x4640
 .debug_frame   0x0000000000000000      0x10c ./Application/User/main.o
 .debug_frame   0x000000000000010c      0x10c ./Application/User/stm32wbxx_hal_msp.o
 .debug_frame   0x0000000000000218      0x128 ./Application/User/stm32wbxx_it.o
 .debug_frame   0x0000000000000340      0x178 ./Drivers/BSP/P-NUCLEO-WB55.Nucleo/stm32wbxx_nucleo.o
 .debug_frame   0x00000000000004b8       0x58 ./Drivers/CMSIS/system_stm32wbxx.o
 .debug_frame   0x0000000000000510      0xa34 ./Drivers/STM32WBxx_HAL_Driver/stm32wbxx_hal.o
 .debug_frame   0x0000000000000f44      0x44c ./Drivers/STM32WBxx_HAL_Driver/stm32wbxx_hal_cortex.o
 .debug_frame   0x0000000000001390      0x174 ./Drivers/STM32WBxx_HAL_Driver/stm32wbxx_hal_gpio.o
 .debug_frame   0x0000000000001504      0x344 ./Drivers/STM32WBxx_HAL_Driver/stm32wbxx_hal_pwr.o
 .debug_frame   0x0000000000001848      0xb00 ./Drivers/STM32WBxx_HAL_Driver/stm32wbxx_hal_pwr_ex.o
 .debug_frame   0x0000000000002348      0xa0c ./Drivers/STM32WBxx_HAL_Driver/stm32wbxx_hal_rcc.o
 .debug_frame   0x0000000000002d54      0xf38 ./Drivers/STM32WBxx_HAL_Driver/stm32wbxx_hal_rcc_ex.o
 .debug_frame   0x0000000000003c8c      0x3d0 ./Drivers/STM32WBxx_HAL_Driver/stm32wbxx_hal_rtc.o
 .debug_frame   0x000000000000405c      0x598 ./Drivers/STM32WBxx_HAL_Driver/stm32wbxx_hal_rtc_ex.o
 .debug_frame   0x00000000000045f4       0x2c c:/st/stm32cubeide_1.11.0/stm32cubeide/plugins/com.st.stm32cube.ide.mcu.externaltools.gnu-tools-for-stm32.10.3-2021.10.win32_1.0.100.202210260954/tools/bin/../lib/gcc/arm-none-eabi/10.3.1/../../../../arm-none-eabi/lib/thumb/v7e-m+fp/hard\libc_nano.a(lib_a-init.o)
 .debug_frame   0x0000000000004620       0x20 c:/st/stm32cubeide_1.11.0/stm32cubeide/plugins/com.st.stm32cube.ide.mcu.externaltools.gnu-tools-for-stm32.10.3-2021.10.win32_1.0.100.202210260954/tools/bin/../lib/gcc/arm-none-eabi/10.3.1/../../../../arm-none-eabi/lib/thumb/v7e-m+fp/hard\libc_nano.a(lib_a-memset.o)
