../../Middlewares/ST/STM32_WPAN/thread/openthread/stack/include/openthread/coap.h:976:23:otCoapSendRequest	32	static
C:/Users/Workstation/Desktop/ot-HS/Code/Thread_SED_Coap_FreeRTOS/STM32_WPAN/App/app_thread.c:220:6:APP_THREAD_Init	16	static
C:/Users/Workstation/Desktop/ot-HS/Code/Thread_SED_Coap_FreeRTOS/STM32_WPAN/App/app_thread.c:291:6:APP_THREAD_Error	16	static
C:/Users/Workstation/Desktop/ot-HS/Code/Thread_SED_Coap_FreeRTOS/STM32_WPAN/App/app_thread.c:368:13:APP_THREAD_DeviceConfig	40	static
C:/Users/Workstation/Desktop/ot-HS/Code/Thread_SED_Coap_FreeRTOS/STM32_WPAN/App/app_thread.c:431:13:APP_THREAD_StateNotif	16	static
C:/Users/Workstation/Desktop/ot-HS/Code/Thread_SED_Coap_FreeRTOS/STM32_WPAN/App/app_thread.c:498:13:APP_THREAD_TraceError	24	static
C:/Users/Workstation/Desktop/ot-HS/Code/Thread_SED_Coap_FreeRTOS/STM32_WPAN/App/app_thread.c:518:13:APP_THREAD_CheckWirelessFirmwareInfo	40	static
C:/Users/Workstation/Desktop/ot-HS/Code/Thread_SED_Coap_FreeRTOS/STM32_WPAN/App/app_thread.c:559:13:APP_THREAD_FreeRTOSProcessMsgM0ToM4Task	16	static
C:/Users/Workstation/Desktop/ot-HS/Code/Thread_SED_Coap_FreeRTOS/STM32_WPAN/App/app_thread.c:594:13:APP_THREAD_FreeRTOSSetModeTask	16	static
C:/Users/Workstation/Desktop/ot-HS/Code/Thread_SED_Coap_FreeRTOS/STM32_WPAN/App/app_thread.c:604:13:APP_THREAD_FreeRTOSSendCoapMsgTask	16	static
C:/Users/Workstation/Desktop/ot-HS/Code/Thread_SED_Coap_FreeRTOS/STM32_WPAN/App/app_thread.c:630:13:APP_THREAD_CoapSendRequest	48	static
C:/Users/Workstation/Desktop/ot-HS/Code/Thread_SED_Coap_FreeRTOS/STM32_WPAN/App/app_thread.c:721:13:APP_THREAD_SetSleepyEndDeviceMode	16	static
C:/Users/Workstation/Desktop/ot-HS/Code/Thread_SED_Coap_FreeRTOS/STM32_WPAN/App/app_thread.c:775:13:APP_THREAD_SendCoapMsg	8	static
C:/Users/Workstation/Desktop/ot-HS/Code/Thread_SED_Coap_FreeRTOS/STM32_WPAN/App/app_thread.c:787:13:APP_THREAD_CoapRequestHandler	24	static
C:/Users/Workstation/Desktop/ot-HS/Code/Thread_SED_Coap_FreeRTOS/STM32_WPAN/App/app_thread.c:823:13:APP_THREAD_SendCoapMulticastRequest	48	static
C:/Users/Workstation/Desktop/ot-HS/Code/Thread_SED_Coap_FreeRTOS/STM32_WPAN/App/app_thread.c:863:13:APP_THREAD_CoapTimingElapsed	8	static
C:/Users/Workstation/Desktop/ot-HS/Code/Thread_SED_Coap_FreeRTOS/STM32_WPAN/App/app_thread.c:878:13:APP_THREAD_SetThreadMode	8	static
C:/Users/Workstation/Desktop/ot-HS/Code/Thread_SED_Coap_FreeRTOS/STM32_WPAN/App/app_thread.c:891:6:APP_THREAD_RegisterCmdBuffer	16	static
C:/Users/Workstation/Desktop/ot-HS/Code/Thread_SED_Coap_FreeRTOS/STM32_WPAN/App/app_thread.c:896:26:THREAD_Get_OTCmdPayloadBuffer	4	static
C:/Users/Workstation/Desktop/ot-HS/Code/Thread_SED_Coap_FreeRTOS/STM32_WPAN/App/app_thread.c:901:26:THREAD_Get_OTCmdRspPayloadBuffer	4	static
C:/Users/Workstation/Desktop/ot-HS/Code/Thread_SED_Coap_FreeRTOS/STM32_WPAN/App/app_thread.c:906:26:THREAD_Get_NotificationPayloadBuffer	4	static
C:/Users/Workstation/Desktop/ot-HS/Code/Thread_SED_Coap_FreeRTOS/STM32_WPAN/App/app_thread.c:911:13:Ot_Cmd_Transfer_Common	16	static
C:/Users/Workstation/Desktop/ot-HS/Code/Thread_SED_Coap_FreeRTOS/STM32_WPAN/App/app_thread.c:937:6:Ot_Cmd_Transfer	8	static
C:/Users/Workstation/Desktop/ot-HS/Code/Thread_SED_Coap_FreeRTOS/STM32_WPAN/App/app_thread.c:949:6:Ot_Cmd_TransferWithNotif	8	static
C:/Users/Workstation/Desktop/ot-HS/Code/Thread_SED_Coap_FreeRTOS/STM32_WPAN/App/app_thread.c:963:6:TL_OT_CmdEvtReceived	16	static
C:/Users/Workstation/Desktop/ot-HS/Code/Thread_SED_Coap_FreeRTOS/STM32_WPAN/App/app_thread.c:980:6:TL_THREAD_NotReceived	16	static
C:/Users/Workstation/Desktop/ot-HS/Code/Thread_SED_Coap_FreeRTOS/STM32_WPAN/App/app_thread.c:995:6:Pre_OtCmdProcessing	4	static
C:/Users/Workstation/Desktop/ot-HS/Code/Thread_SED_Coap_FreeRTOS/STM32_WPAN/App/app_thread.c:1006:13:Wait_Getting_Ack_From_M0	4	static
C:/Users/Workstation/Desktop/ot-HS/Code/Thread_SED_Coap_FreeRTOS/STM32_WPAN/App/app_thread.c:1021:13:Receive_Ack_From_M0	4	static
C:/Users/Workstation/Desktop/ot-HS/Code/Thread_SED_Coap_FreeRTOS/STM32_WPAN/App/app_thread.c:1032:13:Receive_Notification_From_M0	8	static
C:/Users/Workstation/Desktop/ot-HS/Code/Thread_SED_Coap_FreeRTOS/STM32_WPAN/App/app_thread.c:1038:13:ot_StatusNot	16	static
C:/Users/Workstation/Desktop/ot-HS/Code/Thread_SED_Coap_FreeRTOS/STM32_WPAN/App/app_thread.c:1147:13:Send_CLI_Ack_For_OT	8	static
C:/Users/Workstation/Desktop/ot-HS/Code/Thread_SED_Coap_FreeRTOS/STM32_WPAN/App/app_thread.c:1159:6:APP_THREAD_Init_UART_CLI	4	static
C:/Users/Workstation/Desktop/ot-HS/Code/Thread_SED_Coap_FreeRTOS/STM32_WPAN/App/app_thread.c:1179:6:APP_THREAD_TL_THREAD_INIT	8	static
C:/Users/Workstation/Desktop/ot-HS/Code/Thread_SED_Coap_FreeRTOS/STM32_WPAN/App/app_thread.c:1195:6:TL_THREAD_CliNotReceived	24	static
C:/Users/Workstation/Desktop/ot-HS/Code/Thread_SED_Coap_FreeRTOS/STM32_WPAN/App/app_thread.c:1222:6:HostTxCb	8	static
C:/Users/Workstation/Desktop/ot-HS/Code/Thread_SED_Coap_FreeRTOS/STM32_WPAN/App/app_thread.c:1232:6:APP_THREAD_ProcessMsgM0ToM4	8	static
