C:/Users/Workstation/Documents/GitHub/ot-HS/Code/Thread_Coap_Generic/Middlewares/ST/STM32_WPAN/thread/openthread/core/openthread_api/coap.c:37:12:otCoapNewMessage	24	static
C:/Users/Workstation/Documents/GitHub/ot-HS/Code/Thread_Coap_Generic/Middlewares/ST/STM32_WPAN/thread/openthread/core/openthread_api/coap.c:55:6:otCoapMessageInit	24	static
C:/Users/Workstation/Documents/GitHub/ot-HS/Code/Thread_Coap_Generic/Middlewares/ST/STM32_WPAN/thread/openthread/core/openthread_api/coap.c:73:9:otCoapMessageInitResponse	32	static
C:/Users/Workstation/Documents/GitHub/ot-HS/Code/Thread_Coap_Generic/Middlewares/ST/STM32_WPAN/thread/openthread/core/openthread_api/coap.c:93:9:otCoapMessageSetToken	32	static
C:/Users/Workstation/Documents/GitHub/ot-HS/Code/Thread_Coap_Generic/Middlewares/ST/STM32_WPAN/thread/openthread/core/openthread_api/coap.c:112:6:otCoapMessageGenerateToken	24	static
C:/Users/Workstation/Documents/GitHub/ot-HS/Code/Thread_Coap_Generic/Middlewares/ST/STM32_WPAN/thread/openthread/core/openthread_api/coap.c:129:9:otCoapMessageAppendContentFormatOption	24	static
C:/Users/Workstation/Documents/GitHub/ot-HS/Code/Thread_Coap_Generic/Middlewares/ST/STM32_WPAN/thread/openthread/core/openthread_api/coap.c:147:9:otCoapMessageAppendOption	32	static
C:/Users/Workstation/Documents/GitHub/ot-HS/Code/Thread_Coap_Generic/Middlewares/ST/STM32_WPAN/thread/openthread/core/openthread_api/coap.c:167:9:otCoapMessageAppendUintOption	32	static
C:/Users/Workstation/Documents/GitHub/ot-HS/Code/Thread_Coap_Generic/Middlewares/ST/STM32_WPAN/thread/openthread/core/openthread_api/coap.c:186:9:otCoapMessageAppendObserveOption	24	static
C:/Users/Workstation/Documents/GitHub/ot-HS/Code/Thread_Coap_Generic/Middlewares/ST/STM32_WPAN/thread/openthread/core/openthread_api/coap.c:204:9:otCoapMessageAppendUriPathOptions	24	static
C:/Users/Workstation/Documents/GitHub/ot-HS/Code/Thread_Coap_Generic/Middlewares/ST/STM32_WPAN/thread/openthread/core/openthread_api/coap.c:222:10:otCoapBlockSizeFromExponent	24	static
C:/Users/Workstation/Documents/GitHub/ot-HS/Code/Thread_Coap_Generic/Middlewares/ST/STM32_WPAN/thread/openthread/core/openthread_api/coap.c:239:9:otCoapMessageAppendBlock2Option	32	static
C:/Users/Workstation/Documents/GitHub/ot-HS/Code/Thread_Coap_Generic/Middlewares/ST/STM32_WPAN/thread/openthread/core/openthread_api/coap.c:259:9:otCoapMessageAppendBlock1Option	32	static
C:/Users/Workstation/Documents/GitHub/ot-HS/Code/Thread_Coap_Generic/Middlewares/ST/STM32_WPAN/thread/openthread/core/openthread_api/coap.c:279:9:otCoapMessageAppendProxyUriOption	24	static
C:/Users/Workstation/Documents/GitHub/ot-HS/Code/Thread_Coap_Generic/Middlewares/ST/STM32_WPAN/thread/openthread/core/openthread_api/coap.c:297:9:otCoapMessageAppendMaxAgeOption	24	static
C:/Users/Workstation/Documents/GitHub/ot-HS/Code/Thread_Coap_Generic/Middlewares/ST/STM32_WPAN/thread/openthread/core/openthread_api/coap.c:315:9:otCoapMessageAppendUriQueryOption	24	static
C:/Users/Workstation/Documents/GitHub/ot-HS/Code/Thread_Coap_Generic/Middlewares/ST/STM32_WPAN/thread/openthread/core/openthread_api/coap.c:333:9:otCoapMessageSetPayloadMarker	24	static
C:/Users/Workstation/Documents/GitHub/ot-HS/Code/Thread_Coap_Generic/Middlewares/ST/STM32_WPAN/thread/openthread/core/openthread_api/coap.c:350:12:otCoapMessageGetType	24	static
C:/Users/Workstation/Documents/GitHub/ot-HS/Code/Thread_Coap_Generic/Middlewares/ST/STM32_WPAN/thread/openthread/core/openthread_api/coap.c:367:12:otCoapMessageGetCode	24	static
C:/Users/Workstation/Documents/GitHub/ot-HS/Code/Thread_Coap_Generic/Middlewares/ST/STM32_WPAN/thread/openthread/core/openthread_api/coap.c:384:6:otCoapMessageSetCode	24	static
C:/Users/Workstation/Documents/GitHub/ot-HS/Code/Thread_Coap_Generic/Middlewares/ST/STM32_WPAN/thread/openthread/core/openthread_api/coap.c:401:13:otCoapMessageCodeToString	24	static
C:/Users/Workstation/Documents/GitHub/ot-HS/Code/Thread_Coap_Generic/Middlewares/ST/STM32_WPAN/thread/openthread/core/openthread_api/coap.c:418:10:otCoapMessageGetMessageId	24	static
C:/Users/Workstation/Documents/GitHub/ot-HS/Code/Thread_Coap_Generic/Middlewares/ST/STM32_WPAN/thread/openthread/core/openthread_api/coap.c:435:9:otCoapMessageGetTokenLength	24	static
C:/Users/Workstation/Documents/GitHub/ot-HS/Code/Thread_Coap_Generic/Middlewares/ST/STM32_WPAN/thread/openthread/core/openthread_api/coap.c:452:16:otCoapMessageGetToken	24	static
C:/Users/Workstation/Documents/GitHub/ot-HS/Code/Thread_Coap_Generic/Middlewares/ST/STM32_WPAN/thread/openthread/core/openthread_api/coap.c:469:9:otCoapOptionIteratorInit	24	static
C:/Users/Workstation/Documents/GitHub/ot-HS/Code/Thread_Coap_Generic/Middlewares/ST/STM32_WPAN/thread/openthread/core/openthread_api/coap.c:487:21:otCoapOptionIteratorGetFirstOptionMatching	24	static
C:/Users/Workstation/Documents/GitHub/ot-HS/Code/Thread_Coap_Generic/Middlewares/ST/STM32_WPAN/thread/openthread/core/openthread_api/coap.c:505:21:otCoapOptionIteratorGetFirstOption	24	static
C:/Users/Workstation/Documents/GitHub/ot-HS/Code/Thread_Coap_Generic/Middlewares/ST/STM32_WPAN/thread/openthread/core/openthread_api/coap.c:522:21:otCoapOptionIteratorGetNextOptionMatching	24	static
C:/Users/Workstation/Documents/GitHub/ot-HS/Code/Thread_Coap_Generic/Middlewares/ST/STM32_WPAN/thread/openthread/core/openthread_api/coap.c:540:21:otCoapOptionIteratorGetNextOption	24	static
C:/Users/Workstation/Documents/GitHub/ot-HS/Code/Thread_Coap_Generic/Middlewares/ST/STM32_WPAN/thread/openthread/core/openthread_api/coap.c:557:9:otCoapOptionIteratorGetOptionUintValue	24	static
C:/Users/Workstation/Documents/GitHub/ot-HS/Code/Thread_Coap_Generic/Middlewares/ST/STM32_WPAN/thread/openthread/core/openthread_api/coap.c:575:9:otCoapOptionIteratorGetOptionValue	24	static
C:/Users/Workstation/Documents/GitHub/ot-HS/Code/Thread_Coap_Generic/Middlewares/ST/STM32_WPAN/thread/openthread/core/openthread_api/coap.c:625:9:otCoapSendRequestWithParameters	32	static
C:/Users/Workstation/Documents/GitHub/ot-HS/Code/Thread_Coap_Generic/Middlewares/ST/STM32_WPAN/thread/openthread/core/openthread_api/coap.c:651:9:otCoapStart	24	static
C:/Users/Workstation/Documents/GitHub/ot-HS/Code/Thread_Coap_Generic/Middlewares/ST/STM32_WPAN/thread/openthread/core/openthread_api/coap.c:668:9:otCoapStop	24	static
C:/Users/Workstation/Documents/GitHub/ot-HS/Code/Thread_Coap_Generic/Middlewares/ST/STM32_WPAN/thread/openthread/core/openthread_api/coap.c:718:6:otCoapAddResource	24	static
C:/Users/Workstation/Documents/GitHub/ot-HS/Code/Thread_Coap_Generic/Middlewares/ST/STM32_WPAN/thread/openthread/core/openthread_api/coap.c:734:6:otCoapRemoveResource	24	static
C:/Users/Workstation/Documents/GitHub/ot-HS/Code/Thread_Coap_Generic/Middlewares/ST/STM32_WPAN/thread/openthread/core/openthread_api/coap.c:750:6:otCoapSetDefaultHandler	32	static
C:/Users/Workstation/Documents/GitHub/ot-HS/Code/Thread_Coap_Generic/Middlewares/ST/STM32_WPAN/thread/openthread/core/openthread_api/coap.c:797:9:otCoapSendResponseWithParameters	32	static
