C:/Users/Workstation/Desktop/ot-HS/Code/Thread_Coap_Generic/Middlewares/ST/STM32_WPAN/thread/openthread/core/openthread_api/commissioner.c:40:9:otCommissionerStart	32	static
C:/Users/Workstation/Desktop/ot-HS/Code/Thread_Coap_Generic/Middlewares/ST/STM32_WPAN/thread/openthread/core/openthread_api/commissioner.c:63:13:otCommissionerGetId	24	static
C:/Users/Workstation/Desktop/ot-HS/Code/Thread_Coap_Generic/Middlewares/ST/STM32_WPAN/thread/openthread/core/openthread_api/commissioner.c:79:9:otCommissionerSetId	24	static
C:/Users/Workstation/Desktop/ot-HS/Code/Thread_Coap_Generic/Middlewares/ST/STM32_WPAN/thread/openthread/core/openthread_api/commissioner.c:96:9:otCommissionerStop	24	static
C:/Users/Workstation/Desktop/ot-HS/Code/Thread_Coap_Generic/Middlewares/ST/STM32_WPAN/thread/openthread/core/openthread_api/commissioner.c:112:9:otCommissionerAddJoiner	32	static
C:/Users/Workstation/Desktop/ot-HS/Code/Thread_Coap_Generic/Middlewares/ST/STM32_WPAN/thread/openthread/core/openthread_api/commissioner.c:134:9:otCommissionerAddJoinerWithDiscerner	32	static
C:/Users/Workstation/Desktop/ot-HS/Code/Thread_Coap_Generic/Middlewares/ST/STM32_WPAN/thread/openthread/core/openthread_api/commissioner.c:156:9:otCommissionerGetNextJoinerInfo	32	static
C:/Users/Workstation/Desktop/ot-HS/Code/Thread_Coap_Generic/Middlewares/ST/STM32_WPAN/thread/openthread/core/openthread_api/commissioner.c:174:9:otCommissionerRemoveJoiner	24	static
C:/Users/Workstation/Desktop/ot-HS/Code/Thread_Coap_Generic/Middlewares/ST/STM32_WPAN/thread/openthread/core/openthread_api/commissioner.c:191:9:otCommissionerRemoveJoinerWithDiscerner	24	static
C:/Users/Workstation/Desktop/ot-HS/Code/Thread_Coap_Generic/Middlewares/ST/STM32_WPAN/thread/openthread/core/openthread_api/commissioner.c:208:13:otCommissionerGetProvisioningUrl	24	static
C:/Users/Workstation/Desktop/ot-HS/Code/Thread_Coap_Generic/Middlewares/ST/STM32_WPAN/thread/openthread/core/openthread_api/commissioner.c:224:9:otCommissionerSetProvisioningUrl	24	static
C:/Users/Workstation/Desktop/ot-HS/Code/Thread_Coap_Generic/Middlewares/ST/STM32_WPAN/thread/openthread/core/openthread_api/commissioner.c:241:9:otCommissionerAnnounceBegin	32	static
C:/Users/Workstation/Desktop/ot-HS/Code/Thread_Coap_Generic/Middlewares/ST/STM32_WPAN/thread/openthread/core/openthread_api/commissioner.c:265:9:otCommissionerEnergyScan	32	static
C:/Users/Workstation/Desktop/ot-HS/Code/Thread_Coap_Generic/Middlewares/ST/STM32_WPAN/thread/openthread/core/openthread_api/commissioner.c:296:9:otCommissionerPanIdQuery	32	static
C:/Users/Workstation/Desktop/ot-HS/Code/Thread_Coap_Generic/Middlewares/ST/STM32_WPAN/thread/openthread/core/openthread_api/commissioner.c:322:9:otCommissionerSendMgmtGet	32	static
C:/Users/Workstation/Desktop/ot-HS/Code/Thread_Coap_Generic/Middlewares/ST/STM32_WPAN/thread/openthread/core/openthread_api/commissioner.c:340:9:otCommissionerSendMgmtSet	32	static
C:/Users/Workstation/Desktop/ot-HS/Code/Thread_Coap_Generic/Middlewares/ST/STM32_WPAN/thread/openthread/core/openthread_api/commissioner.c:362:10:otCommissionerGetSessionId	24	static
C:/Users/Workstation/Desktop/ot-HS/Code/Thread_Coap_Generic/Middlewares/ST/STM32_WPAN/thread/openthread/core/openthread_api/commissioner.c:378:21:otCommissionerGetState	24	static
