C:/Users/Workstation/Desktop/ot-HS/Code/Thread_Coap_Generic/Middlewares/ST/STM32_WPAN/thread/openthread/core/openthread_api/message.c:34:6:otMessageFree	24	static
C:/Users/Workstation/Desktop/ot-HS/Code/Thread_Coap_Generic/Middlewares/ST/STM32_WPAN/thread/openthread/core/openthread_api/message.c:50:10:otMessageGetLength	24	static
C:/Users/Workstation/Desktop/ot-HS/Code/Thread_Coap_Generic/Middlewares/ST/STM32_WPAN/thread/openthread/core/openthread_api/message.c:67:9:otMessageSetLength	24	static
C:/Users/Workstation/Desktop/ot-HS/Code/Thread_Coap_Generic/Middlewares/ST/STM32_WPAN/thread/openthread/core/openthread_api/message.c:85:10:otMessageGetOffset	24	static
C:/Users/Workstation/Desktop/ot-HS/Code/Thread_Coap_Generic/Middlewares/ST/STM32_WPAN/thread/openthread/core/openthread_api/message.c:102:6:otMessageSetOffset	24	static
C:/Users/Workstation/Desktop/ot-HS/Code/Thread_Coap_Generic/Middlewares/ST/STM32_WPAN/thread/openthread/core/openthread_api/message.c:119:6:otMessageIsLinkSecurityEnabled	24	static
C:/Users/Workstation/Desktop/ot-HS/Code/Thread_Coap_Generic/Middlewares/ST/STM32_WPAN/thread/openthread/core/openthread_api/message.c:136:6:otMessageSetDirectTransmission	24	static
C:/Users/Workstation/Desktop/ot-HS/Code/Thread_Coap_Generic/Middlewares/ST/STM32_WPAN/thread/openthread/core/openthread_api/message.c:153:8:otMessageGetRss	24	static
C:/Users/Workstation/Desktop/ot-HS/Code/Thread_Coap_Generic/Middlewares/ST/STM32_WPAN/thread/openthread/core/openthread_api/message.c:170:9:otMessageAppend	32	static
C:/Users/Workstation/Desktop/ot-HS/Code/Thread_Coap_Generic/Middlewares/ST/STM32_WPAN/thread/openthread/core/openthread_api/message.c:189:10:otMessageRead	32	static
C:/Users/Workstation/Desktop/ot-HS/Code/Thread_Coap_Generic/Middlewares/ST/STM32_WPAN/thread/openthread/core/openthread_api/message.c:209:5:otMessageWrite	32	static
C:/Users/Workstation/Desktop/ot-HS/Code/Thread_Coap_Generic/Middlewares/ST/STM32_WPAN/thread/openthread/core/openthread_api/message.c:229:6:otMessageQueueInit	24	static
C:/Users/Workstation/Desktop/ot-HS/Code/Thread_Coap_Generic/Middlewares/ST/STM32_WPAN/thread/openthread/core/openthread_api/message.c:245:6:otMessageQueueEnqueue	24	static
C:/Users/Workstation/Desktop/ot-HS/Code/Thread_Coap_Generic/Middlewares/ST/STM32_WPAN/thread/openthread/core/openthread_api/message.c:262:6:otMessageQueueEnqueueAtHead	24	static
C:/Users/Workstation/Desktop/ot-HS/Code/Thread_Coap_Generic/Middlewares/ST/STM32_WPAN/thread/openthread/core/openthread_api/message.c:279:6:otMessageQueueDequeue	24	static
C:/Users/Workstation/Desktop/ot-HS/Code/Thread_Coap_Generic/Middlewares/ST/STM32_WPAN/thread/openthread/core/openthread_api/message.c:296:12:otMessageQueueGetHead	24	static
C:/Users/Workstation/Desktop/ot-HS/Code/Thread_Coap_Generic/Middlewares/ST/STM32_WPAN/thread/openthread/core/openthread_api/message.c:313:12:otMessageQueueGetNext	24	static
C:/Users/Workstation/Desktop/ot-HS/Code/Thread_Coap_Generic/Middlewares/ST/STM32_WPAN/thread/openthread/core/openthread_api/message.c:331:6:otMessageGetBufferInfo	24	static
