C:/Users/Workstation/Documents/GitHub/ot-HS/Code/Thread_Coap_Generic/Middlewares/ST/STM32_WPAN/thread/openthread/core/openthread_api/srp_client.c:37:9:otSrpClientStart	24	static
C:/Users/Workstation/Documents/GitHub/ot-HS/Code/Thread_Coap_Generic/Middlewares/ST/STM32_WPAN/thread/openthread/core/openthread_api/srp_client.c:54:6:otSrpClientStop	24	static
C:/Users/Workstation/Documents/GitHub/ot-HS/Code/Thread_Coap_Generic/Middlewares/ST/STM32_WPAN/thread/openthread/core/openthread_api/srp_client.c:69:6:otSrpClientIsRunning	24	static
C:/Users/Workstation/Documents/GitHub/ot-HS/Code/Thread_Coap_Generic/Middlewares/ST/STM32_WPAN/thread/openthread/core/openthread_api/srp_client.c:85:19:otSrpClientGetServerAddress	24	static
C:/Users/Workstation/Documents/GitHub/ot-HS/Code/Thread_Coap_Generic/Middlewares/ST/STM32_WPAN/thread/openthread/core/openthread_api/srp_client.c:101:6:otSrpClientSetCallback	32	static
C:/Users/Workstation/Documents/GitHub/ot-HS/Code/Thread_Coap_Generic/Middlewares/ST/STM32_WPAN/thread/openthread/core/openthread_api/srp_client.c:120:6:otSrpClientEnableAutoStartMode	32	static
C:/Users/Workstation/Documents/GitHub/ot-HS/Code/Thread_Coap_Generic/Middlewares/ST/STM32_WPAN/thread/openthread/core/openthread_api/srp_client.c:139:6:otSrpClientDisableAutoStartMode	24	static
C:/Users/Workstation/Documents/GitHub/ot-HS/Code/Thread_Coap_Generic/Middlewares/ST/STM32_WPAN/thread/openthread/core/openthread_api/srp_client.c:154:6:otSrpClientIsAutoStartModeEnabled	24	static
C:/Users/Workstation/Documents/GitHub/ot-HS/Code/Thread_Coap_Generic/Middlewares/ST/STM32_WPAN/thread/openthread/core/openthread_api/srp_client.c:170:10:otSrpClientGetTtl	24	static
C:/Users/Workstation/Documents/GitHub/ot-HS/Code/Thread_Coap_Generic/Middlewares/ST/STM32_WPAN/thread/openthread/core/openthread_api/srp_client.c:186:6:otSrpClientSetTtl	24	static
C:/Users/Workstation/Documents/GitHub/ot-HS/Code/Thread_Coap_Generic/Middlewares/ST/STM32_WPAN/thread/openthread/core/openthread_api/srp_client.c:200:10:otSrpClientGetLeaseInterval	24	static
C:/Users/Workstation/Documents/GitHub/ot-HS/Code/Thread_Coap_Generic/Middlewares/ST/STM32_WPAN/thread/openthread/core/openthread_api/srp_client.c:216:6:otSrpClientSetLeaseInterval	24	static
C:/Users/Workstation/Documents/GitHub/ot-HS/Code/Thread_Coap_Generic/Middlewares/ST/STM32_WPAN/thread/openthread/core/openthread_api/srp_client.c:232:10:otSrpClientGetKeyLeaseInterval	24	static
C:/Users/Workstation/Documents/GitHub/ot-HS/Code/Thread_Coap_Generic/Middlewares/ST/STM32_WPAN/thread/openthread/core/openthread_api/srp_client.c:248:6:otSrpClientSetKeyLeaseInterval	24	static
C:/Users/Workstation/Documents/GitHub/ot-HS/Code/Thread_Coap_Generic/Middlewares/ST/STM32_WPAN/thread/openthread/core/openthread_api/srp_client.c:264:28:otSrpClientGetHostInfo	24	static
C:/Users/Workstation/Documents/GitHub/ot-HS/Code/Thread_Coap_Generic/Middlewares/ST/STM32_WPAN/thread/openthread/core/openthread_api/srp_client.c:280:9:otSrpClientSetHostName	24	static
C:/Users/Workstation/Documents/GitHub/ot-HS/Code/Thread_Coap_Generic/Middlewares/ST/STM32_WPAN/thread/openthread/core/openthread_api/srp_client.c:297:9:otSrpClientEnableAutoHostAddress	24	static
C:/Users/Workstation/Documents/GitHub/ot-HS/Code/Thread_Coap_Generic/Middlewares/ST/STM32_WPAN/thread/openthread/core/openthread_api/srp_client.c:313:9:otSrpClientSetHostAddresses	32	static
C:/Users/Workstation/Documents/GitHub/ot-HS/Code/Thread_Coap_Generic/Middlewares/ST/STM32_WPAN/thread/openthread/core/openthread_api/srp_client.c:331:9:otSrpClientAddService	24	static
C:/Users/Workstation/Documents/GitHub/ot-HS/Code/Thread_Coap_Generic/Middlewares/ST/STM32_WPAN/thread/openthread/core/openthread_api/srp_client.c:348:9:otSrpClientRemoveService	24	static
C:/Users/Workstation/Documents/GitHub/ot-HS/Code/Thread_Coap_Generic/Middlewares/ST/STM32_WPAN/thread/openthread/core/openthread_api/srp_client.c:365:9:otSrpClientClearService	24	static
C:/Users/Workstation/Documents/GitHub/ot-HS/Code/Thread_Coap_Generic/Middlewares/ST/STM32_WPAN/thread/openthread/core/openthread_api/srp_client.c:382:27:otSrpClientGetServices	24	static
C:/Users/Workstation/Documents/GitHub/ot-HS/Code/Thread_Coap_Generic/Middlewares/ST/STM32_WPAN/thread/openthread/core/openthread_api/srp_client.c:398:9:otSrpClientRemoveHostAndServices	24	static
C:/Users/Workstation/Documents/GitHub/ot-HS/Code/Thread_Coap_Generic/Middlewares/ST/STM32_WPAN/thread/openthread/core/openthread_api/srp_client.c:416:6:otSrpClientClearHostAndServices	24	static
C:/Users/Workstation/Documents/GitHub/ot-HS/Code/Thread_Coap_Generic/Middlewares/ST/STM32_WPAN/thread/openthread/core/openthread_api/srp_client.c:432:13:otSrpClientGetDomainName	24	static
C:/Users/Workstation/Documents/GitHub/ot-HS/Code/Thread_Coap_Generic/Middlewares/ST/STM32_WPAN/thread/openthread/core/openthread_api/srp_client.c:448:9:otSrpClientSetDomainName	24	static
C:/Users/Workstation/Documents/GitHub/ot-HS/Code/Thread_Coap_Generic/Middlewares/ST/STM32_WPAN/thread/openthread/core/openthread_api/srp_client.c:466:13:otSrpClientItemStateToString	24	static
C:/Users/Workstation/Documents/GitHub/ot-HS/Code/Thread_Coap_Generic/Middlewares/ST/STM32_WPAN/thread/openthread/core/openthread_api/srp_client.c:484:6:otSrpClientSetServiceKeyRecordEnabled	24	static
C:/Users/Workstation/Documents/GitHub/ot-HS/Code/Thread_Coap_Generic/Middlewares/ST/STM32_WPAN/thread/openthread/core/openthread_api/srp_client.c:500:6:otSrpClientIsServiceKeyRecordEnabled	24	static
