C:/Users/Workstation/Documents/GitHub/ot-HS/Code/Thread_Coap_Generic/Middlewares/ST/STM32_WPAN/thread/openthread/core/openthread_api/thread.c:39:9:otThreadSetEnabled	24	static
C:/Users/Workstation/Documents/GitHub/ot-HS/Code/Thread_Coap_Generic/Middlewares/ST/STM32_WPAN/thread/openthread/core/openthread_api/thread.c:56:10:otThreadGetVersion	16	static
C:/Users/Workstation/Documents/GitHub/ot-HS/Code/Thread_Coap_Generic/Middlewares/ST/STM32_WPAN/thread/openthread/core/openthread_api/thread.c:72:6:otThreadIsSingleton	24	static
C:/Users/Workstation/Documents/GitHub/ot-HS/Code/Thread_Coap_Generic/Middlewares/ST/STM32_WPAN/thread/openthread/core/openthread_api/thread.c:88:9:otThreadDiscover	32	static
C:/Users/Workstation/Documents/GitHub/ot-HS/Code/Thread_Coap_Generic/Middlewares/ST/STM32_WPAN/thread/openthread/core/openthread_api/thread.c:116:9:otThreadSetJoinerAdvertisement	32	static
C:/Users/Workstation/Documents/GitHub/ot-HS/Code/Thread_Coap_Generic/Middlewares/ST/STM32_WPAN/thread/openthread/core/openthread_api/thread.c:139:6:otThreadIsDiscoverInProgress	24	static
C:/Users/Workstation/Documents/GitHub/ot-HS/Code/Thread_Coap_Generic/Middlewares/ST/STM32_WPAN/thread/openthread/core/openthread_api/thread.c:155:10:otThreadGetChildTimeout	24	static
C:/Users/Workstation/Documents/GitHub/ot-HS/Code/Thread_Coap_Generic/Middlewares/ST/STM32_WPAN/thread/openthread/core/openthread_api/thread.c:171:6:otThreadSetChildTimeout	24	static
C:/Users/Workstation/Documents/GitHub/ot-HS/Code/Thread_Coap_Generic/Middlewares/ST/STM32_WPAN/thread/openthread/core/openthread_api/thread.c:187:24:otThreadGetExtendedPanId	24	static
C:/Users/Workstation/Documents/GitHub/ot-HS/Code/Thread_Coap_Generic/Middlewares/ST/STM32_WPAN/thread/openthread/core/openthread_api/thread.c:203:9:otThreadSetExtendedPanId	24	static
C:/Users/Workstation/Documents/GitHub/ot-HS/Code/Thread_Coap_Generic/Middlewares/ST/STM32_WPAN/thread/openthread/core/openthread_api/thread.c:220:9:otThreadGetLeaderRloc	24	static
C:/Users/Workstation/Documents/GitHub/ot-HS/Code/Thread_Coap_Generic/Middlewares/ST/STM32_WPAN/thread/openthread/core/openthread_api/thread.c:237:18:otThreadGetLinkMode	24	static
C:/Users/Workstation/Documents/GitHub/ot-HS/Code/Thread_Coap_Generic/Middlewares/ST/STM32_WPAN/thread/openthread/core/openthread_api/thread.c:261:9:otThreadSetLinkMode	24	static
C:/Users/Workstation/Documents/GitHub/ot-HS/Code/Thread_Coap_Generic/Middlewares/ST/STM32_WPAN/thread/openthread/core/openthread_api/thread.c:282:6:otThreadGetNetworkKey	24	static
C:/Users/Workstation/Documents/GitHub/ot-HS/Code/Thread_Coap_Generic/Middlewares/ST/STM32_WPAN/thread/openthread/core/openthread_api/thread.c:317:9:otThreadSetNetworkKey	24	static
C:/Users/Workstation/Documents/GitHub/ot-HS/Code/Thread_Coap_Generic/Middlewares/ST/STM32_WPAN/thread/openthread/core/openthread_api/thread.c:353:21:otThreadGetRloc	24	static
C:/Users/Workstation/Documents/GitHub/ot-HS/Code/Thread_Coap_Generic/Middlewares/ST/STM32_WPAN/thread/openthread/core/openthread_api/thread.c:369:21:otThreadGetMeshLocalEid	24	static
C:/Users/Workstation/Documents/GitHub/ot-HS/Code/Thread_Coap_Generic/Middlewares/ST/STM32_WPAN/thread/openthread/core/openthread_api/thread.c:385:26:otThreadGetMeshLocalPrefix	24	static
C:/Users/Workstation/Documents/GitHub/ot-HS/Code/Thread_Coap_Generic/Middlewares/ST/STM32_WPAN/thread/openthread/core/openthread_api/thread.c:401:9:otThreadSetMeshLocalPrefix	24	static
C:/Users/Workstation/Documents/GitHub/ot-HS/Code/Thread_Coap_Generic/Middlewares/ST/STM32_WPAN/thread/openthread/core/openthread_api/thread.c:418:21:otThreadGetLinkLocalIp6Address	24	static
C:/Users/Workstation/Documents/GitHub/ot-HS/Code/Thread_Coap_Generic/Middlewares/ST/STM32_WPAN/thread/openthread/core/openthread_api/thread.c:434:21:otThreadGetLinkLocalAllThreadNodesMulticastAddress	24	static
C:/Users/Workstation/Documents/GitHub/ot-HS/Code/Thread_Coap_Generic/Middlewares/ST/STM32_WPAN/thread/openthread/core/openthread_api/thread.c:450:21:otThreadGetRealmLocalAllThreadNodesMulticastAddress	24	static
C:/Users/Workstation/Documents/GitHub/ot-HS/Code/Thread_Coap_Generic/Middlewares/ST/STM32_WPAN/thread/openthread/core/openthread_api/thread.c:466:9:otThreadGetServiceAloc	32	static
C:/Users/Workstation/Documents/GitHub/ot-HS/Code/Thread_Coap_Generic/Middlewares/ST/STM32_WPAN/thread/openthread/core/openthread_api/thread.c:484:13:otThreadGetNetworkName	24	static
C:/Users/Workstation/Documents/GitHub/ot-HS/Code/Thread_Coap_Generic/Middlewares/ST/STM32_WPAN/thread/openthread/core/openthread_api/thread.c:500:9:otThreadSetNetworkName	24	static
C:/Users/Workstation/Documents/GitHub/ot-HS/Code/Thread_Coap_Generic/Middlewares/ST/STM32_WPAN/thread/openthread/core/openthread_api/thread.c:518:13:otThreadGetDomainName	24	static
C:/Users/Workstation/Documents/GitHub/ot-HS/Code/Thread_Coap_Generic/Middlewares/ST/STM32_WPAN/thread/openthread/core/openthread_api/thread.c:534:9:otThreadSetDomainName	24	static
C:/Users/Workstation/Documents/GitHub/ot-HS/Code/Thread_Coap_Generic/Middlewares/ST/STM32_WPAN/thread/openthread/core/openthread_api/thread.c:552:9:otThreadSetFixedDuaInterfaceIdentifier	24	static
C:/Users/Workstation/Documents/GitHub/ot-HS/Code/Thread_Coap_Generic/Middlewares/ST/STM32_WPAN/thread/openthread/core/openthread_api/thread.c:569:33:otThreadGetFixedDuaInterfaceIdentifier	24	static
C:/Users/Workstation/Documents/GitHub/ot-HS/Code/Thread_Coap_Generic/Middlewares/ST/STM32_WPAN/thread/openthread/core/openthread_api/thread.c:588:10:otThreadGetKeySequenceCounter	24	static
C:/Users/Workstation/Documents/GitHub/ot-HS/Code/Thread_Coap_Generic/Middlewares/ST/STM32_WPAN/thread/openthread/core/openthread_api/thread.c:604:6:otThreadSetKeySequenceCounter	24	static
C:/Users/Workstation/Documents/GitHub/ot-HS/Code/Thread_Coap_Generic/Middlewares/ST/STM32_WPAN/thread/openthread/core/openthread_api/thread.c:620:10:otThreadGetKeySwitchGuardTime	24	static
C:/Users/Workstation/Documents/GitHub/ot-HS/Code/Thread_Coap_Generic/Middlewares/ST/STM32_WPAN/thread/openthread/core/openthread_api/thread.c:636:6:otThreadSetKeySwitchGuardTime	24	static
C:/Users/Workstation/Documents/GitHub/ot-HS/Code/Thread_Coap_Generic/Middlewares/ST/STM32_WPAN/thread/openthread/core/openthread_api/thread.c:652:9:otThreadBecomeDetached	24	static
C:/Users/Workstation/Documents/GitHub/ot-HS/Code/Thread_Coap_Generic/Middlewares/ST/STM32_WPAN/thread/openthread/core/openthread_api/thread.c:668:9:otThreadBecomeChild	24	static
C:/Users/Workstation/Documents/GitHub/ot-HS/Code/Thread_Coap_Generic/Middlewares/ST/STM32_WPAN/thread/openthread/core/openthread_api/thread.c:684:9:otThreadGetNextNeighborInfo	32	static
C:/Users/Workstation/Documents/GitHub/ot-HS/Code/Thread_Coap_Generic/Middlewares/ST/STM32_WPAN/thread/openthread/core/openthread_api/thread.c:703:14:otThreadGetDeviceRole	24	static
C:/Users/Workstation/Documents/GitHub/ot-HS/Code/Thread_Coap_Generic/Middlewares/ST/STM32_WPAN/thread/openthread/core/openthread_api/thread.c:719:13:otThreadDeviceRoleToString	24	static
C:/Users/Workstation/Documents/GitHub/ot-HS/Code/Thread_Coap_Generic/Middlewares/ST/STM32_WPAN/thread/openthread/core/openthread_api/thread.c:736:9:otThreadGetLeaderData	24	static
C:/Users/Workstation/Documents/GitHub/ot-HS/Code/Thread_Coap_Generic/Middlewares/ST/STM32_WPAN/thread/openthread/core/openthread_api/thread.c:753:9:otThreadGetLeaderRouterId	24	static
C:/Users/Workstation/Documents/GitHub/ot-HS/Code/Thread_Coap_Generic/Middlewares/ST/STM32_WPAN/thread/openthread/core/openthread_api/thread.c:769:9:otThreadGetLeaderWeight	24	static
C:/Users/Workstation/Documents/GitHub/ot-HS/Code/Thread_Coap_Generic/Middlewares/ST/STM32_WPAN/thread/openthread/core/openthread_api/thread.c:785:10:otThreadGetPartitionId	24	static
C:/Users/Workstation/Documents/GitHub/ot-HS/Code/Thread_Coap_Generic/Middlewares/ST/STM32_WPAN/thread/openthread/core/openthread_api/thread.c:801:10:otThreadGetRloc16	24	static
C:/Users/Workstation/Documents/GitHub/ot-HS/Code/Thread_Coap_Generic/Middlewares/ST/STM32_WPAN/thread/openthread/core/openthread_api/thread.c:817:9:otThreadGetParentInfo	24	static
C:/Users/Workstation/Documents/GitHub/ot-HS/Code/Thread_Coap_Generic/Middlewares/ST/STM32_WPAN/thread/openthread/core/openthread_api/thread.c:834:9:otThreadGetParentAverageRssi	24	static
C:/Users/Workstation/Documents/GitHub/ot-HS/Code/Thread_Coap_Generic/Middlewares/ST/STM32_WPAN/thread/openthread/core/openthread_api/thread.c:851:9:otThreadGetParentLastRssi	24	static
C:/Users/Workstation/Documents/GitHub/ot-HS/Code/Thread_Coap_Generic/Middlewares/ST/STM32_WPAN/thread/openthread/core/openthread_api/thread.c:868:21:otThreadGetIp6Counters	24	static
C:/Users/Workstation/Documents/GitHub/ot-HS/Code/Thread_Coap_Generic/Middlewares/ST/STM32_WPAN/thread/openthread/core/openthread_api/thread.c:884:6:otThreadResetIp6Counters	24	static
C:/Users/Workstation/Documents/GitHub/ot-HS/Code/Thread_Coap_Generic/Middlewares/ST/STM32_WPAN/thread/openthread/core/openthread_api/thread.c:899:22:otThreadGetMleCounters	24	static
C:/Users/Workstation/Documents/GitHub/ot-HS/Code/Thread_Coap_Generic/Middlewares/ST/STM32_WPAN/thread/openthread/core/openthread_api/thread.c:915:6:otThreadResetMleCounters	24	static
C:/Users/Workstation/Documents/GitHub/ot-HS/Code/Thread_Coap_Generic/Middlewares/ST/STM32_WPAN/thread/openthread/core/openthread_api/thread.c:928:6:otThreadRegisterParentResponseCallback	32	static
C:/Users/Workstation/Documents/GitHub/ot-HS/Code/Thread_Coap_Generic/Middlewares/ST/STM32_WPAN/thread/openthread/core/openthread_api/thread.c:987:9:otThreadDetachGracefully	32	static
