../../Drivers/STM32WBxx_HAL_Driver/Inc/stm32wbxx_ll_rcc.h:1679:22:LL_RCC_LSE_SetDriveCapability	16	static
../../Drivers/STM32WBxx_HAL_Driver/Inc/stm32wbxx_ll_bus.h:364:22:LL_AHB1_GRP1_EnableClock	24	static
../../Drivers/STM32WBxx_HAL_Driver/Inc/stm32wbxx_ll_bus.h:539:22:LL_AHB2_GRP1_EnableClock	24	static
../../Drivers/STM32WBxx_HAL_Driver/Inc/stm32wbxx_ll_bus.h:939:22:LL_APB1_GRP1_EnableClock	24	static
C:/Users/Workstation/Desktop/ot-HS/Code/Thread_Coap_Generic/Core/Src/main.c:104:5:main	8	static
C:/Users/Workstation/Desktop/ot-HS/Code/Thread_Coap_Generic/Core/Src/main.c:169:6:SystemClock_Config	112	static
C:/Users/Workstation/Desktop/ot-HS/Code/Thread_Coap_Generic/Core/Src/main.c:217:6:PeriphCommonClock_Config	88	static
C:/Users/Workstation/Desktop/ot-HS/Code/Thread_Coap_Generic/Core/Src/main.c:240:13:MX_IPCC_Init	8	static
C:/Users/Workstation/Desktop/ot-HS/Code/Thread_Coap_Generic/Core/Src/main.c:264:13:MX_I2C1_Init	32	static
C:/Users/Workstation/Desktop/ot-HS/Code/Thread_Coap_Generic/Core/Src/main.c:317:6:MX_LPUART1_UART_Init	8	static
C:/Users/Workstation/Desktop/ot-HS/Code/Thread_Coap_Generic/Core/Src/main.c:362:6:MX_USART1_UART_Init	8	static
C:/Users/Workstation/Desktop/ot-HS/Code/Thread_Coap_Generic/Core/Src/main.c:407:13:MX_RF_Init	4	static
C:/Users/Workstation/Desktop/ot-HS/Code/Thread_Coap_Generic/Core/Src/main.c:427:13:MX_RTC_Init	8	static
C:/Users/Workstation/Desktop/ot-HS/Code/Thread_Coap_Generic/Core/Src/main.c:466:13:MX_DMA_Init	8	static
C:/Users/Workstation/Desktop/ot-HS/Code/Thread_Coap_Generic/Core/Src/main.c:487:13:MX_GPIO_Init	32	static
C:/Users/Workstation/Desktop/ot-HS/Code/Thread_Coap_Generic/Core/Src/main.c:511:6:Error_Handler	4	static
