C:/Users/Workstation/Documents/GitHub/ot-HS/Code/Thread_Coap_Generic/Core/Src/stm32wbxx_it.c:76:6:NMI_Handler	4	static
C:/Users/Workstation/Documents/GitHub/ot-HS/Code/Thread_Coap_Generic/Core/Src/stm32wbxx_it.c:89:6:HardFault_Handler	4	static
C:/Users/Workstation/Documents/GitHub/ot-HS/Code/Thread_Coap_Generic/Core/Src/stm32wbxx_it.c:104:6:MemManage_Handler	4	static
C:/Users/Workstation/Documents/GitHub/ot-HS/Code/Thread_Coap_Generic/Core/Src/stm32wbxx_it.c:119:6:BusFault_Handler	4	static
C:/Users/Workstation/Documents/GitHub/ot-HS/Code/Thread_Coap_Generic/Core/Src/stm32wbxx_it.c:134:6:UsageFault_Handler	4	static
C:/Users/Workstation/Documents/GitHub/ot-HS/Code/Thread_Coap_Generic/Core/Src/stm32wbxx_it.c:149:6:SVC_Handler	4	static
C:/Users/Workstation/Documents/GitHub/ot-HS/Code/Thread_Coap_Generic/Core/Src/stm32wbxx_it.c:162:6:DebugMon_Handler	4	static
C:/Users/Workstation/Documents/GitHub/ot-HS/Code/Thread_Coap_Generic/Core/Src/stm32wbxx_it.c:175:6:PendSV_Handler	4	static
C:/Users/Workstation/Documents/GitHub/ot-HS/Code/Thread_Coap_Generic/Core/Src/stm32wbxx_it.c:188:6:SysTick_Handler	8	static
C:/Users/Workstation/Documents/GitHub/ot-HS/Code/Thread_Coap_Generic/Core/Src/stm32wbxx_it.c:209:6:PVD_PVM_IRQHandler	8	static
C:/Users/Workstation/Documents/GitHub/ot-HS/Code/Thread_Coap_Generic/Core/Src/stm32wbxx_it.c:223:6:RTC_WKUP_IRQHandler	8	static
C:/Users/Workstation/Documents/GitHub/ot-HS/Code/Thread_Coap_Generic/Core/Src/stm32wbxx_it.c:237:6:FLASH_IRQHandler	8	static
C:/Users/Workstation/Documents/GitHub/ot-HS/Code/Thread_Coap_Generic/Core/Src/stm32wbxx_it.c:251:6:RCC_IRQHandler	4	static
C:/Users/Workstation/Documents/GitHub/ot-HS/Code/Thread_Coap_Generic/Core/Src/stm32wbxx_it.c:264:6:DMA1_Channel1_IRQHandler	8	static
C:/Users/Workstation/Documents/GitHub/ot-HS/Code/Thread_Coap_Generic/Core/Src/stm32wbxx_it.c:278:6:DMA1_Channel2_IRQHandler	8	static
C:/Users/Workstation/Documents/GitHub/ot-HS/Code/Thread_Coap_Generic/Core/Src/stm32wbxx_it.c:292:6:C2SEV_PWR_C2H_IRQHandler	4	static
C:/Users/Workstation/Documents/GitHub/ot-HS/Code/Thread_Coap_Generic/Core/Src/stm32wbxx_it.c:305:6:USART1_IRQHandler	8	static
C:/Users/Workstation/Documents/GitHub/ot-HS/Code/Thread_Coap_Generic/Core/Src/stm32wbxx_it.c:319:6:LPUART1_IRQHandler	8	static
C:/Users/Workstation/Documents/GitHub/ot-HS/Code/Thread_Coap_Generic/Core/Src/stm32wbxx_it.c:333:6:PWR_SOTF_BLEACT_802ACT_RFPHASE_IRQHandler	4	static
C:/Users/Workstation/Documents/GitHub/ot-HS/Code/Thread_Coap_Generic/Core/Src/stm32wbxx_it.c:346:6:IPCC_C1_RX_IRQHandler	8	static
C:/Users/Workstation/Documents/GitHub/ot-HS/Code/Thread_Coap_Generic/Core/Src/stm32wbxx_it.c:360:6:IPCC_C1_TX_IRQHandler	8	static
C:/Users/Workstation/Documents/GitHub/ot-HS/Code/Thread_Coap_Generic/Core/Src/stm32wbxx_it.c:374:6:HSEM_IRQHandler	8	static
C:/Users/Workstation/Documents/GitHub/ot-HS/Code/Thread_Coap_Generic/Core/Src/stm32wbxx_it.c:388:6:FPU_IRQHandler	4	static
C:/Users/Workstation/Documents/GitHub/ot-HS/Code/Thread_Coap_Generic/Core/Src/stm32wbxx_it.c:406:6:EXTI15_10_IRQHandler	8	static
