../Application/Sensors/stts22h/stts22h_reg.c:25:6:platform_stts22h_init	16	static
../Application/Sensors/stts22h/stts22h_reg.c:40:9:platform_write	32	static
../Application/Sensors/stts22h/stts22h_reg.c:45:9:platform_read	32	static
../Application/Sensors/stts22h/stts22h_reg.c:50:13:platform_delay	16	static
../Application/Sensors/stts22h/stts22h_reg.c:82:16:stts22h_read_reg	32	static
../Application/Sensors/stts22h/stts22h_reg.c:103:16:stts22h_write_reg	32	static
../Application/Sensors/stts22h/stts22h_reg.c:126:9:stts22h_from_lsb_to_celsius	16	static
../Application/Sensors/stts22h/stts22h_reg.c:152:9:stts22h_temp_data_rate_set	32	static
../Application/Sensors/stts22h/stts22h_reg.c:233:9:stts22h_temp_data_rate_get	24	static
../Application/Sensors/stts22h/stts22h_reg.c:290:9:stts22h_block_data_update_set	24	static
../Application/Sensors/stts22h/stts22h_reg.c:314:9:stts22h_block_data_update_get	24	static
../Application/Sensors/stts22h/stts22h_reg.c:331:9:stts22h_temp_flag_data_ready_get	24	static
../Application/Sensors/stts22h/stts22h_reg.c:373:9:stts22h_temperature_raw_get	24	static
../Application/Sensors/stts22h/stts22h_reg.c:405:9:stts22h_dev_id_get	24	static
../Application/Sensors/stts22h/stts22h_reg.c:422:9:stts22h_dev_status_get	24	static
../Application/Sensors/stts22h/stts22h_reg.c:455:9:stts22h_smbus_interface_set	24	static
../Application/Sensors/stts22h/stts22h_reg.c:480:9:stts22h_smbus_interface_get	24	static
../Application/Sensors/stts22h/stts22h_reg.c:516:9:stts22h_auto_increment_set	24	static
../Application/Sensors/stts22h/stts22h_reg.c:541:9:stts22h_auto_increment_get	24	static
../Application/Sensors/stts22h/stts22h_reg.c:571:9:stts22h_temp_trshld_high_set	24	static
../Application/Sensors/stts22h/stts22h_reg.c:597:9:stts22h_temp_trshld_high_get	24	static
../Application/Sensors/stts22h/stts22h_reg.c:617:9:stts22h_temp_trshld_low_set	24	static
../Application/Sensors/stts22h/stts22h_reg.c:643:9:stts22h_temp_trshld_low_get	24	static
../Application/Sensors/stts22h/stts22h_reg.c:663:9:stts22h_temp_trshld_src_get	24	static
