../Application/Sensors/stts22h/stts22h_reg.c:25:6:platform_stts22h_init	32	static
../Application/Sensors/stts22h/stts22h_reg.c:40:9:platform_write	32	static
../Application/Sensors/stts22h/stts22h_reg.c:45:9:platform_read	32	static
../Application/Sensors/stts22h/stts22h_reg.c:76:16:stts22h_read_reg	32	static
../Application/Sensors/stts22h/stts22h_reg.c:97:16:stts22h_write_reg	32	static
../Application/Sensors/stts22h/stts22h_reg.c:120:9:stts22h_from_lsb_to_celsius	16	static
../Application/Sensors/stts22h/stts22h_reg.c:146:9:stts22h_temp_data_rate_set	32	static
../Application/Sensors/stts22h/stts22h_reg.c:227:9:stts22h_temp_data_rate_get	24	static
../Application/Sensors/stts22h/stts22h_reg.c:284:9:stts22h_block_data_update_set	24	static
../Application/Sensors/stts22h/stts22h_reg.c:308:9:stts22h_block_data_update_get	24	static
../Application/Sensors/stts22h/stts22h_reg.c:325:9:stts22h_temp_flag_data_ready_get	24	static
../Application/Sensors/stts22h/stts22h_reg.c:367:9:stts22h_temperature_raw_get	24	static
../Application/Sensors/stts22h/stts22h_reg.c:399:9:stts22h_dev_id_get	24	static
../Application/Sensors/stts22h/stts22h_reg.c:416:9:stts22h_dev_status_get	24	static
../Application/Sensors/stts22h/stts22h_reg.c:449:9:stts22h_smbus_interface_set	24	static
../Application/Sensors/stts22h/stts22h_reg.c:474:9:stts22h_smbus_interface_get	24	static
../Application/Sensors/stts22h/stts22h_reg.c:510:9:stts22h_auto_increment_set	24	static
../Application/Sensors/stts22h/stts22h_reg.c:535:9:stts22h_auto_increment_get	24	static
../Application/Sensors/stts22h/stts22h_reg.c:565:9:stts22h_temp_trshld_high_set	24	static
../Application/Sensors/stts22h/stts22h_reg.c:591:9:stts22h_temp_trshld_high_get	24	static
../Application/Sensors/stts22h/stts22h_reg.c:611:9:stts22h_temp_trshld_low_set	24	static
../Application/Sensors/stts22h/stts22h_reg.c:637:9:stts22h_temp_trshld_low_get	24	static
../Application/Sensors/stts22h/stts22h_reg.c:657:9:stts22h_temp_trshld_src_get	24	static
