../../Drivers/STM32WBxx_HAL_Driver/Inc/stm32wbxx_ll_pwr.h:1663:22:LL_C2_PWR_SetPowerMode	16	static
../../Drivers/STM32WBxx_HAL_Driver/Inc/stm32wbxx_ll_pwr.h:2355:26:LL_PWR_IsActiveFlag_C1SB	4	static
../../Drivers/STM32WBxx_HAL_Driver/Inc/stm32wbxx_ll_pwr.h:2385:26:LL_PWR_IsActiveFlag_C2SB	4	static
C:/Users/Workstation/Desktop/ot-HS/Code/PWR_STANDBY_RTC/Src/main.c:67:5:main	8	static
C:/Users/Workstation/Desktop/ot-HS/Code/PWR_STANDBY_RTC/Src/main.c:211:6:SystemClock_Config	112	static
C:/Users/Workstation/Desktop/ot-HS/Code/PWR_STANDBY_RTC/Src/main.c:260:13:MX_RTC_Init	8	static
C:/Users/Workstation/Desktop/ot-HS/Code/PWR_STANDBY_RTC/Src/main.c:298:6:HAL_SYSTICK_Callback	8	static
C:/Users/Workstation/Desktop/ot-HS/Code/PWR_STANDBY_RTC/Src/main.c:319:6:Error_Handler	8	static
