C:/Users/Workstation/Desktop/ot-HS/Code/Thread_SED_Coap_FreeRTOS/Middlewares/ST/STM32_WPAN/thread/openthread/core/openthread_api/link.c:38:9:otLinkActiveScan	32	static
C:/Users/Workstation/Desktop/ot-HS/Code/Thread_SED_Coap_FreeRTOS/Middlewares/ST/STM32_WPAN/thread/openthread/core/openthread_api/link.c:64:6:otLinkIsActiveScanInProgress	24	static
C:/Users/Workstation/Desktop/ot-HS/Code/Thread_SED_Coap_FreeRTOS/Middlewares/ST/STM32_WPAN/thread/openthread/core/openthread_api/link.c:80:9:otLinkEnergyScan	32	static
C:/Users/Workstation/Desktop/ot-HS/Code/Thread_SED_Coap_FreeRTOS/Middlewares/ST/STM32_WPAN/thread/openthread/core/openthread_api/link.c:105:6:otLinkIsEnergyScanInProgress	24	static
C:/Users/Workstation/Desktop/ot-HS/Code/Thread_SED_Coap_FreeRTOS/Middlewares/ST/STM32_WPAN/thread/openthread/core/openthread_api/link.c:121:9:otLinkSendDataRequest	24	static
C:/Users/Workstation/Desktop/ot-HS/Code/Thread_SED_Coap_FreeRTOS/Middlewares/ST/STM32_WPAN/thread/openthread/core/openthread_api/link.c:137:6:otLinkIsInTransmitState	24	static
C:/Users/Workstation/Desktop/ot-HS/Code/Thread_SED_Coap_FreeRTOS/Middlewares/ST/STM32_WPAN/thread/openthread/core/openthread_api/link.c:153:9:otLinkGetChannel	24	static
C:/Users/Workstation/Desktop/ot-HS/Code/Thread_SED_Coap_FreeRTOS/Middlewares/ST/STM32_WPAN/thread/openthread/core/openthread_api/link.c:169:9:otLinkSetChannel	24	static
C:/Users/Workstation/Desktop/ot-HS/Code/Thread_SED_Coap_FreeRTOS/Middlewares/ST/STM32_WPAN/thread/openthread/core/openthread_api/link.c:186:10:otLinkGetSupportedChannelMask	24	static
C:/Users/Workstation/Desktop/ot-HS/Code/Thread_SED_Coap_FreeRTOS/Middlewares/ST/STM32_WPAN/thread/openthread/core/openthread_api/link.c:202:9:otLinkSetSupportedChannelMask	24	static
C:/Users/Workstation/Desktop/ot-HS/Code/Thread_SED_Coap_FreeRTOS/Middlewares/ST/STM32_WPAN/thread/openthread/core/openthread_api/link.c:219:21:otLinkGetExtendedAddress	24	static
C:/Users/Workstation/Desktop/ot-HS/Code/Thread_SED_Coap_FreeRTOS/Middlewares/ST/STM32_WPAN/thread/openthread/core/openthread_api/link.c:235:9:otLinkSetExtendedAddress	24	static
C:/Users/Workstation/Desktop/ot-HS/Code/Thread_SED_Coap_FreeRTOS/Middlewares/ST/STM32_WPAN/thread/openthread/core/openthread_api/link.c:252:6:otLinkGetFactoryAssignedIeeeEui64	24	static
C:/Users/Workstation/Desktop/ot-HS/Code/Thread_SED_Coap_FreeRTOS/Middlewares/ST/STM32_WPAN/thread/openthread/core/openthread_api/link.c:268:9:otLinkGetPanId	24	static
C:/Users/Workstation/Desktop/ot-HS/Code/Thread_SED_Coap_FreeRTOS/Middlewares/ST/STM32_WPAN/thread/openthread/core/openthread_api/link.c:284:9:otLinkSetPanId	24	static
C:/Users/Workstation/Desktop/ot-HS/Code/Thread_SED_Coap_FreeRTOS/Middlewares/ST/STM32_WPAN/thread/openthread/core/openthread_api/link.c:301:10:otLinkGetPollPeriod	24	static
C:/Users/Workstation/Desktop/ot-HS/Code/Thread_SED_Coap_FreeRTOS/Middlewares/ST/STM32_WPAN/thread/openthread/core/openthread_api/link.c:317:9:otLinkSetPollPeriod	24	static
C:/Users/Workstation/Desktop/ot-HS/Code/Thread_SED_Coap_FreeRTOS/Middlewares/ST/STM32_WPAN/thread/openthread/core/openthread_api/link.c:334:16:otLinkGetShortAddress	24	static
C:/Users/Workstation/Desktop/ot-HS/Code/Thread_SED_Coap_FreeRTOS/Middlewares/ST/STM32_WPAN/thread/openthread/core/openthread_api/link.c:350:9:otLinkGetMaxFrameRetriesDirect	24	static
C:/Users/Workstation/Desktop/ot-HS/Code/Thread_SED_Coap_FreeRTOS/Middlewares/ST/STM32_WPAN/thread/openthread/core/openthread_api/link.c:366:6:otLinkSetMaxFrameRetriesDirect	24	static
C:/Users/Workstation/Desktop/ot-HS/Code/Thread_SED_Coap_FreeRTOS/Middlewares/ST/STM32_WPAN/thread/openthread/core/openthread_api/link.c:382:9:otLinkGetMaxFrameRetriesIndirect	24	static
C:/Users/Workstation/Desktop/ot-HS/Code/Thread_SED_Coap_FreeRTOS/Middlewares/ST/STM32_WPAN/thread/openthread/core/openthread_api/link.c:398:6:otLinkSetMaxFrameRetriesIndirect	24	static
C:/Users/Workstation/Desktop/ot-HS/Code/Thread_SED_Coap_FreeRTOS/Middlewares/ST/STM32_WPAN/thread/openthread/core/openthread_api/link.c:415:24:otLinkFilterGetAddressMode	24	static
C:/Users/Workstation/Desktop/ot-HS/Code/Thread_SED_Coap_FreeRTOS/Middlewares/ST/STM32_WPAN/thread/openthread/core/openthread_api/link.c:431:6:otLinkFilterSetAddressMode	24	static
C:/Users/Workstation/Desktop/ot-HS/Code/Thread_SED_Coap_FreeRTOS/Middlewares/ST/STM32_WPAN/thread/openthread/core/openthread_api/link.c:447:9:otLinkFilterAddAddress	24	static
C:/Users/Workstation/Desktop/ot-HS/Code/Thread_SED_Coap_FreeRTOS/Middlewares/ST/STM32_WPAN/thread/openthread/core/openthread_api/link.c:464:6:otLinkFilterRemoveAddress	24	static
C:/Users/Workstation/Desktop/ot-HS/Code/Thread_SED_Coap_FreeRTOS/Middlewares/ST/STM32_WPAN/thread/openthread/core/openthread_api/link.c:480:6:otLinkFilterClearAddresses	24	static
C:/Users/Workstation/Desktop/ot-HS/Code/Thread_SED_Coap_FreeRTOS/Middlewares/ST/STM32_WPAN/thread/openthread/core/openthread_api/link.c:495:9:otLinkFilterGetNextAddress	32	static
C:/Users/Workstation/Desktop/ot-HS/Code/Thread_SED_Coap_FreeRTOS/Middlewares/ST/STM32_WPAN/thread/openthread/core/openthread_api/link.c:513:9:otLinkFilterAddRssIn	32	static
C:/Users/Workstation/Desktop/ot-HS/Code/Thread_SED_Coap_FreeRTOS/Middlewares/ST/STM32_WPAN/thread/openthread/core/openthread_api/link.c:531:6:otLinkFilterRemoveRssIn	24	static
C:/Users/Workstation/Desktop/ot-HS/Code/Thread_SED_Coap_FreeRTOS/Middlewares/ST/STM32_WPAN/thread/openthread/core/openthread_api/link.c:547:6:otLinkFilterSetDefaultRssIn	24	static
C:/Users/Workstation/Desktop/ot-HS/Code/Thread_SED_Coap_FreeRTOS/Middlewares/ST/STM32_WPAN/thread/openthread/core/openthread_api/link.c:563:6:otLinkFilterClearDefaultRssIn	24	static
C:/Users/Workstation/Desktop/ot-HS/Code/Thread_SED_Coap_FreeRTOS/Middlewares/ST/STM32_WPAN/thread/openthread/core/openthread_api/link.c:578:6:otLinkFilterClearAllRssIn	24	static
C:/Users/Workstation/Desktop/ot-HS/Code/Thread_SED_Coap_FreeRTOS/Middlewares/ST/STM32_WPAN/thread/openthread/core/openthread_api/link.c:593:9:otLinkFilterGetNextRssIn	32	static
C:/Users/Workstation/Desktop/ot-HS/Code/Thread_SED_Coap_FreeRTOS/Middlewares/ST/STM32_WPAN/thread/openthread/core/openthread_api/link.c:646:9:otLinkConvertRssToLinkQuality	24	static
C:/Users/Workstation/Desktop/ot-HS/Code/Thread_SED_Coap_FreeRTOS/Middlewares/ST/STM32_WPAN/thread/openthread/core/openthread_api/link.c:663:8:otLinkConvertLinkQualityToRss	24	static
C:/Users/Workstation/Desktop/ot-HS/Code/Thread_SED_Coap_FreeRTOS/Middlewares/ST/STM32_WPAN/thread/openthread/core/openthread_api/link.c:731:22:otLinkGetCounters	24	static
C:/Users/Workstation/Desktop/ot-HS/Code/Thread_SED_Coap_FreeRTOS/Middlewares/ST/STM32_WPAN/thread/openthread/core/openthread_api/link.c:747:6:otLinkResetCounters	24	static
C:/Users/Workstation/Desktop/ot-HS/Code/Thread_SED_Coap_FreeRTOS/Middlewares/ST/STM32_WPAN/thread/openthread/core/openthread_api/link.c:762:6:otLinkSetPcapCallback	32	static
C:/Users/Workstation/Desktop/ot-HS/Code/Thread_SED_Coap_FreeRTOS/Middlewares/ST/STM32_WPAN/thread/openthread/core/openthread_api/link.c:780:6:otLinkIsPromiscuous	24	static
C:/Users/Workstation/Desktop/ot-HS/Code/Thread_SED_Coap_FreeRTOS/Middlewares/ST/STM32_WPAN/thread/openthread/core/openthread_api/link.c:796:9:otLinkSetPromiscuous	24	static
C:/Users/Workstation/Desktop/ot-HS/Code/Thread_SED_Coap_FreeRTOS/Middlewares/ST/STM32_WPAN/thread/openthread/core/openthread_api/link.c:813:10:otLinkGetCcaFailureRate	24	static
C:/Users/Workstation/Desktop/ot-HS/Code/Thread_SED_Coap_FreeRTOS/Middlewares/ST/STM32_WPAN/thread/openthread/core/openthread_api/link.c:830:9:otLinkCslGetChannel	24	static
C:/Users/Workstation/Desktop/ot-HS/Code/Thread_SED_Coap_FreeRTOS/Middlewares/ST/STM32_WPAN/thread/openthread/core/openthread_api/link.c:846:9:otLinkCslSetChannel	24	static
C:/Users/Workstation/Desktop/ot-HS/Code/Thread_SED_Coap_FreeRTOS/Middlewares/ST/STM32_WPAN/thread/openthread/core/openthread_api/link.c:863:10:otLinkCslGetPeriod	24	static
C:/Users/Workstation/Desktop/ot-HS/Code/Thread_SED_Coap_FreeRTOS/Middlewares/ST/STM32_WPAN/thread/openthread/core/openthread_api/link.c:879:9:otLinkCslSetPeriod	24	static
C:/Users/Workstation/Desktop/ot-HS/Code/Thread_SED_Coap_FreeRTOS/Middlewares/ST/STM32_WPAN/thread/openthread/core/openthread_api/link.c:896:10:otLinkCslGetTimeout	24	static
C:/Users/Workstation/Desktop/ot-HS/Code/Thread_SED_Coap_FreeRTOS/Middlewares/ST/STM32_WPAN/thread/openthread/core/openthread_api/link.c:912:9:otLinkCslSetTimeout	24	static
C:/Users/Workstation/Desktop/ot-HS/Code/Thread_SED_Coap_FreeRTOS/Middlewares/ST/STM32_WPAN/thread/openthread/core/openthread_api/link.c:932:9:otLinkSendEmptyData	24	static
C:/Users/Workstation/Desktop/ot-HS/Code/Thread_SED_Coap_FreeRTOS/Middlewares/ST/STM32_WPAN/thread/openthread/core/openthread_api/link.c:949:9:otLinkSetEnabled	24	static
C:/Users/Workstation/Desktop/ot-HS/Code/Thread_SED_Coap_FreeRTOS/Middlewares/ST/STM32_WPAN/thread/openthread/core/openthread_api/link.c:966:6:otLinkIsEnabled	24	static
