../../Middlewares/ST/STM32_WPAN/thread/openthread/stack/include/openthread/coap.h:1132:23:otCoapSendResponse	24	static
C:/Users/Workstation/Documents/GitHub/ot-HS/Code/HS/STM32_WPAN/App/app_thread.c:137:6:APP_THREAD_Init	16	static
C:/Users/Workstation/Documents/GitHub/ot-HS/Code/HS/STM32_WPAN/App/app_thread.c:205:6:appSrpCb	8	static
C:/Users/Workstation/Documents/GitHub/ot-HS/Code/HS/STM32_WPAN/App/app_thread.c:211:6:appSrpDeinit	8	static
C:/Users/Workstation/Documents/GitHub/ot-HS/Code/HS/STM32_WPAN/App/app_thread.c:216:6:appSrpInit	80	static
C:/Users/Workstation/Documents/GitHub/ot-HS/Code/HS/STM32_WPAN/App/app_thread.c:262:6:APP_THREAD_Error	16	static
C:/Users/Workstation/Documents/GitHub/ot-HS/Code/HS/STM32_WPAN/App/app_thread.c:341:6:APP_THREAD_SetSleepyEndDeviceMode	16	static
C:/Users/Workstation/Documents/GitHub/ot-HS/Code/HS/STM32_WPAN/App/app_thread.c:367:13:APP_THREAD_DeviceConfig	168	static
C:/Users/Workstation/Documents/GitHub/ot-HS/Code/HS/STM32_WPAN/App/app_thread.c:446:13:APP_THREAD_StateNotif	16	static
C:/Users/Workstation/Documents/GitHub/ot-HS/Code/HS/STM32_WPAN/App/app_thread.c:498:13:APP_THREAD_TraceError	16	static
C:/Users/Workstation/Documents/GitHub/ot-HS/Code/HS/STM32_WPAN/App/app_thread.c:511:13:APP_THREAD_CheckWirelessFirmwareInfo	32	static
C:/Users/Workstation/Documents/GitHub/ot-HS/Code/HS/STM32_WPAN/App/app_thread.c:557:13:APP_THREAD_CoapPermissionsRequestHandler	48	static
C:/Users/Workstation/Documents/GitHub/ot-HS/Code/HS/STM32_WPAN/App/app_thread.c:611:13:APP_THREAD_SendCoapMsg	192	static
C:/Users/Workstation/Documents/GitHub/ot-HS/Code/HS/STM32_WPAN/App/app_thread.c:702:6:APP_THREAD_RegisterCmdBuffer	16	static
C:/Users/Workstation/Documents/GitHub/ot-HS/Code/HS/STM32_WPAN/App/app_thread.c:707:26:THREAD_Get_OTCmdPayloadBuffer	4	static
C:/Users/Workstation/Documents/GitHub/ot-HS/Code/HS/STM32_WPAN/App/app_thread.c:712:26:THREAD_Get_OTCmdRspPayloadBuffer	4	static
C:/Users/Workstation/Documents/GitHub/ot-HS/Code/HS/STM32_WPAN/App/app_thread.c:717:26:THREAD_Get_NotificationPayloadBuffer	4	static
C:/Users/Workstation/Documents/GitHub/ot-HS/Code/HS/STM32_WPAN/App/app_thread.c:722:13:Ot_Cmd_Transfer_Common	16	static
C:/Users/Workstation/Documents/GitHub/ot-HS/Code/HS/STM32_WPAN/App/app_thread.c:748:6:Ot_Cmd_Transfer	8	static
C:/Users/Workstation/Documents/GitHub/ot-HS/Code/HS/STM32_WPAN/App/app_thread.c:760:6:Ot_Cmd_TransferWithNotif	8	static
C:/Users/Workstation/Documents/GitHub/ot-HS/Code/HS/STM32_WPAN/App/app_thread.c:774:6:TL_OT_CmdEvtReceived	16	static
C:/Users/Workstation/Documents/GitHub/ot-HS/Code/HS/STM32_WPAN/App/app_thread.c:791:6:TL_THREAD_NotReceived	16	static
C:/Users/Workstation/Documents/GitHub/ot-HS/Code/HS/STM32_WPAN/App/app_thread.c:806:6:Pre_OtCmdProcessing	8	static
C:/Users/Workstation/Documents/GitHub/ot-HS/Code/HS/STM32_WPAN/App/app_thread.c:819:13:Wait_Getting_Ack_From_M0	8	static
C:/Users/Workstation/Documents/GitHub/ot-HS/Code/HS/STM32_WPAN/App/app_thread.c:831:13:Receive_Ack_From_M0	8	static
C:/Users/Workstation/Documents/GitHub/ot-HS/Code/HS/STM32_WPAN/App/app_thread.c:842:13:Receive_Notification_From_M0	8	static
C:/Users/Workstation/Documents/GitHub/ot-HS/Code/HS/STM32_WPAN/App/app_thread.c:940:20:Send_CLI_Ack_For_OT	8	static
C:/Users/Workstation/Documents/GitHub/ot-HS/Code/HS/STM32_WPAN/App/app_thread.c:953:6:APP_THREAD_Init_UART_CLI	4	static
C:/Users/Workstation/Documents/GitHub/ot-HS/Code/HS/STM32_WPAN/App/app_thread.c:974:6:APP_THREAD_TL_THREAD_INIT	8	static
C:/Users/Workstation/Documents/GitHub/ot-HS/Code/HS/STM32_WPAN/App/app_thread.c:991:6:TL_THREAD_CliNotReceived	24	static
C:/Users/Workstation/Documents/GitHub/ot-HS/Code/HS/STM32_WPAN/App/app_thread.c:1019:6:HostTxCb	8	static
C:/Users/Workstation/Documents/GitHub/ot-HS/Code/HS/STM32_WPAN/App/app_thread.c:1029:6:APP_THREAD_ProcessMsgM0ToM4	8	static
