../../Middlewares/ST/STM32_WPAN/thread/openthread/stack/include/openthread/coap.h:1132:23:otCoapSendResponse	24	static
C:/Users/Workstation/Documents/GitHub/ot-HS/Code/HS/STM32_WPAN/App/app_thread.c:137:6:APP_THREAD_Init	16	static
C:/Users/Workstation/Documents/GitHub/ot-HS/Code/HS/STM32_WPAN/App/app_thread.c:206:6:appSrpCb	8	static
C:/Users/Workstation/Documents/GitHub/ot-HS/Code/HS/STM32_WPAN/App/app_thread.c:212:6:appSrpInit	80	static
C:/Users/Workstation/Documents/GitHub/ot-HS/Code/HS/STM32_WPAN/App/app_thread.c:258:6:APP_THREAD_Error	16	static
C:/Users/Workstation/Documents/GitHub/ot-HS/Code/HS/STM32_WPAN/App/app_thread.c:337:6:APP_THREAD_SetSleepyEndDeviceMode	16	static
C:/Users/Workstation/Documents/GitHub/ot-HS/Code/HS/STM32_WPAN/App/app_thread.c:363:13:APP_THREAD_DeviceConfig	168	static
C:/Users/Workstation/Documents/GitHub/ot-HS/Code/HS/STM32_WPAN/App/app_thread.c:437:13:APP_THREAD_StateNotif	16	static
C:/Users/Workstation/Documents/GitHub/ot-HS/Code/HS/STM32_WPAN/App/app_thread.c:490:13:APP_THREAD_TraceError	24	static
C:/Users/Workstation/Documents/GitHub/ot-HS/Code/HS/STM32_WPAN/App/app_thread.c:504:13:APP_THREAD_CheckWirelessFirmwareInfo	32	static
C:/Users/Workstation/Documents/GitHub/ot-HS/Code/HS/STM32_WPAN/App/app_thread.c:550:13:APP_THREAD_CoapPermissionsRequestHandler	48	static
C:/Users/Workstation/Documents/GitHub/ot-HS/Code/HS/STM32_WPAN/App/app_thread.c:604:13:APP_THREAD_SendCoapMsg	192	static
C:/Users/Workstation/Documents/GitHub/ot-HS/Code/HS/STM32_WPAN/App/app_thread.c:692:6:APP_THREAD_RegisterCmdBuffer	16	static
C:/Users/Workstation/Documents/GitHub/ot-HS/Code/HS/STM32_WPAN/App/app_thread.c:697:26:THREAD_Get_OTCmdPayloadBuffer	4	static
C:/Users/Workstation/Documents/GitHub/ot-HS/Code/HS/STM32_WPAN/App/app_thread.c:702:26:THREAD_Get_OTCmdRspPayloadBuffer	4	static
C:/Users/Workstation/Documents/GitHub/ot-HS/Code/HS/STM32_WPAN/App/app_thread.c:707:26:THREAD_Get_NotificationPayloadBuffer	4	static
C:/Users/Workstation/Documents/GitHub/ot-HS/Code/HS/STM32_WPAN/App/app_thread.c:712:13:Ot_Cmd_Transfer_Common	16	static
C:/Users/Workstation/Documents/GitHub/ot-HS/Code/HS/STM32_WPAN/App/app_thread.c:738:6:Ot_Cmd_Transfer	8	static
C:/Users/Workstation/Documents/GitHub/ot-HS/Code/HS/STM32_WPAN/App/app_thread.c:750:6:Ot_Cmd_TransferWithNotif	8	static
C:/Users/Workstation/Documents/GitHub/ot-HS/Code/HS/STM32_WPAN/App/app_thread.c:764:6:TL_OT_CmdEvtReceived	16	static
C:/Users/Workstation/Documents/GitHub/ot-HS/Code/HS/STM32_WPAN/App/app_thread.c:781:6:TL_THREAD_NotReceived	16	static
C:/Users/Workstation/Documents/GitHub/ot-HS/Code/HS/STM32_WPAN/App/app_thread.c:796:6:Pre_OtCmdProcessing	8	static
C:/Users/Workstation/Documents/GitHub/ot-HS/Code/HS/STM32_WPAN/App/app_thread.c:809:13:Wait_Getting_Ack_From_M0	8	static
C:/Users/Workstation/Documents/GitHub/ot-HS/Code/HS/STM32_WPAN/App/app_thread.c:821:13:Receive_Ack_From_M0	8	static
C:/Users/Workstation/Documents/GitHub/ot-HS/Code/HS/STM32_WPAN/App/app_thread.c:832:13:Receive_Notification_From_M0	8	static
C:/Users/Workstation/Documents/GitHub/ot-HS/Code/HS/STM32_WPAN/App/app_thread.c:930:20:Send_CLI_Ack_For_OT	8	static
C:/Users/Workstation/Documents/GitHub/ot-HS/Code/HS/STM32_WPAN/App/app_thread.c:943:6:APP_THREAD_Init_UART_CLI	4	static
C:/Users/Workstation/Documents/GitHub/ot-HS/Code/HS/STM32_WPAN/App/app_thread.c:964:6:APP_THREAD_TL_THREAD_INIT	8	static
C:/Users/Workstation/Documents/GitHub/ot-HS/Code/HS/STM32_WPAN/App/app_thread.c:981:6:TL_THREAD_CliNotReceived	24	static
C:/Users/Workstation/Documents/GitHub/ot-HS/Code/HS/STM32_WPAN/App/app_thread.c:1009:6:HostTxCb	8	static
C:/Users/Workstation/Documents/GitHub/ot-HS/Code/HS/STM32_WPAN/App/app_thread.c:1019:6:APP_THREAD_ProcessMsgM0ToM4	8	static
