../../Middlewares/ST/STM32_WPAN/thread/openthread/stack/include/openthread/coap.h:1132:23:otCoapSendResponse	24	static
C:/Users/Workstation/Documents/GitHub/ot-HS/Code/HS/STM32_WPAN/App/app_thread.c:166:6:APP_THREAD_Init	16	static
C:/Users/Workstation/Documents/GitHub/ot-HS/Code/HS/STM32_WPAN/App/app_thread.c:233:6:appSrpInit	72	static
C:/Users/Workstation/Documents/GitHub/ot-HS/Code/HS/STM32_WPAN/App/app_thread.c:277:6:APP_THREAD_Error	16	static
C:/Users/Workstation/Documents/GitHub/ot-HS/Code/HS/STM32_WPAN/App/app_thread.c:356:6:APP_THREAD_SetSleepyEndDeviceMode	16	static
C:/Users/Workstation/Documents/GitHub/ot-HS/Code/HS/STM32_WPAN/App/app_thread.c:382:13:APP_THREAD_DeviceConfig	168	static
C:/Users/Workstation/Documents/GitHub/ot-HS/Code/HS/STM32_WPAN/App/app_thread.c:458:13:APP_THREAD_StateNotif	16	static
C:/Users/Workstation/Documents/GitHub/ot-HS/Code/HS/STM32_WPAN/App/app_thread.c:511:13:APP_THREAD_TraceError	24	static
C:/Users/Workstation/Documents/GitHub/ot-HS/Code/HS/STM32_WPAN/App/app_thread.c:525:13:APP_THREAD_CheckWirelessFirmwareInfo	40	static
C:/Users/Workstation/Documents/GitHub/ot-HS/Code/HS/STM32_WPAN/App/app_thread.c:585:13:APP_THREAD_CoapPermissionsRequestHandler	48	static
C:/Users/Workstation/Documents/GitHub/ot-HS/Code/HS/STM32_WPAN/App/app_thread.c:645:13:APP_THREAD_CoapDataRespHandler	24	static
C:/Users/Workstation/Documents/GitHub/ot-HS/Code/HS/STM32_WPAN/App/app_thread.c:667:13:APP_THREAD_SendCoapMsg	200	static
C:/Users/Workstation/Documents/GitHub/ot-HS/Code/HS/STM32_WPAN/App/app_thread.c:755:6:APP_THREAD_RegisterCmdBuffer	16	static
C:/Users/Workstation/Documents/GitHub/ot-HS/Code/HS/STM32_WPAN/App/app_thread.c:760:26:THREAD_Get_OTCmdPayloadBuffer	4	static
C:/Users/Workstation/Documents/GitHub/ot-HS/Code/HS/STM32_WPAN/App/app_thread.c:765:26:THREAD_Get_OTCmdRspPayloadBuffer	4	static
C:/Users/Workstation/Documents/GitHub/ot-HS/Code/HS/STM32_WPAN/App/app_thread.c:770:26:THREAD_Get_NotificationPayloadBuffer	4	static
C:/Users/Workstation/Documents/GitHub/ot-HS/Code/HS/STM32_WPAN/App/app_thread.c:775:13:Ot_Cmd_Transfer_Common	16	static
C:/Users/Workstation/Documents/GitHub/ot-HS/Code/HS/STM32_WPAN/App/app_thread.c:801:6:Ot_Cmd_Transfer	8	static
C:/Users/Workstation/Documents/GitHub/ot-HS/Code/HS/STM32_WPAN/App/app_thread.c:813:6:Ot_Cmd_TransferWithNotif	8	static
C:/Users/Workstation/Documents/GitHub/ot-HS/Code/HS/STM32_WPAN/App/app_thread.c:827:6:TL_OT_CmdEvtReceived	16	static
C:/Users/Workstation/Documents/GitHub/ot-HS/Code/HS/STM32_WPAN/App/app_thread.c:844:6:TL_THREAD_NotReceived	16	static
C:/Users/Workstation/Documents/GitHub/ot-HS/Code/HS/STM32_WPAN/App/app_thread.c:859:6:Pre_OtCmdProcessing	8	static
C:/Users/Workstation/Documents/GitHub/ot-HS/Code/HS/STM32_WPAN/App/app_thread.c:872:13:Wait_Getting_Ack_From_M0	8	static
C:/Users/Workstation/Documents/GitHub/ot-HS/Code/HS/STM32_WPAN/App/app_thread.c:884:13:Receive_Ack_From_M0	8	static
C:/Users/Workstation/Documents/GitHub/ot-HS/Code/HS/STM32_WPAN/App/app_thread.c:895:13:Receive_Notification_From_M0	8	static
C:/Users/Workstation/Documents/GitHub/ot-HS/Code/HS/STM32_WPAN/App/app_thread.c:993:20:Send_CLI_Ack_For_OT	8	static
C:/Users/Workstation/Documents/GitHub/ot-HS/Code/HS/STM32_WPAN/App/app_thread.c:1006:6:APP_THREAD_Init_UART_CLI	4	static
C:/Users/Workstation/Documents/GitHub/ot-HS/Code/HS/STM32_WPAN/App/app_thread.c:1027:6:APP_THREAD_TL_THREAD_INIT	8	static
C:/Users/Workstation/Documents/GitHub/ot-HS/Code/HS/STM32_WPAN/App/app_thread.c:1044:6:TL_THREAD_CliNotReceived	24	static
C:/Users/Workstation/Documents/GitHub/ot-HS/Code/HS/STM32_WPAN/App/app_thread.c:1072:6:HostTxCb	8	static
C:/Users/Workstation/Documents/GitHub/ot-HS/Code/HS/STM32_WPAN/App/app_thread.c:1082:6:APP_THREAD_ProcessMsgM0ToM4	8	static
