C:/Users/Workstation/Documents/GitHub/ot-HS/Code/HS/Middlewares/ST/STM32_WPAN/thread/openthread/core/openthread_api/dns.c:33:6:otDnsInitTxtEntryIterator	32	static
C:/Users/Workstation/Documents/GitHub/ot-HS/Code/HS/Middlewares/ST/STM32_WPAN/thread/openthread/core/openthread_api/dns.c:52:9:otDnsGetNextTxtEntry	24	static
C:/Users/Workstation/Documents/GitHub/ot-HS/Code/HS/Middlewares/ST/STM32_WPAN/thread/openthread/core/openthread_api/dns.c:112:25:otDnsClientGetDefaultConfig	24	static
C:/Users/Workstation/Documents/GitHub/ot-HS/Code/HS/Middlewares/ST/STM32_WPAN/thread/openthread/core/openthread_api/dns.c:129:6:otDnsClientSetDefaultConfig	24	static
C:/Users/Workstation/Documents/GitHub/ot-HS/Code/HS/Middlewares/ST/STM32_WPAN/thread/openthread/core/openthread_api/dns.c:146:9:otDnsClientResolveAddress	32	static
C:/Users/Workstation/Documents/GitHub/ot-HS/Code/HS/Middlewares/ST/STM32_WPAN/thread/openthread/core/openthread_api/dns.c:173:9:otDnsClientResolveIp4Address	32	static
C:/Users/Workstation/Documents/GitHub/ot-HS/Code/HS/Middlewares/ST/STM32_WPAN/thread/openthread/core/openthread_api/dns.c:200:9:otDnsAddressResponseGetHostName	32	static
C:/Users/Workstation/Documents/GitHub/ot-HS/Code/HS/Middlewares/ST/STM32_WPAN/thread/openthread/core/openthread_api/dns.c:222:9:otDnsAddressResponseGetAddress	32	static
C:/Users/Workstation/Documents/GitHub/ot-HS/Code/HS/Middlewares/ST/STM32_WPAN/thread/openthread/core/openthread_api/dns.c:248:9:otDnsClientBrowse	32	static
C:/Users/Workstation/Documents/GitHub/ot-HS/Code/HS/Middlewares/ST/STM32_WPAN/thread/openthread/core/openthread_api/dns.c:274:9:otDnsBrowseResponseGetServiceName	32	static
C:/Users/Workstation/Documents/GitHub/ot-HS/Code/HS/Middlewares/ST/STM32_WPAN/thread/openthread/core/openthread_api/dns.c:296:9:otDnsBrowseResponseGetServiceInstance	32	static
C:/Users/Workstation/Documents/GitHub/ot-HS/Code/HS/Middlewares/ST/STM32_WPAN/thread/openthread/core/openthread_api/dns.c:320:9:otDnsBrowseResponseGetServiceInfo	32	static
C:/Users/Workstation/Documents/GitHub/ot-HS/Code/HS/Middlewares/ST/STM32_WPAN/thread/openthread/core/openthread_api/dns.c:342:9:otDnsBrowseResponseGetHostAddress	32	static
C:/Users/Workstation/Documents/GitHub/ot-HS/Code/HS/Middlewares/ST/STM32_WPAN/thread/openthread/core/openthread_api/dns.c:370:9:otDnsClientResolveService	32	static
C:/Users/Workstation/Documents/GitHub/ot-HS/Code/HS/Middlewares/ST/STM32_WPAN/thread/openthread/core/openthread_api/dns.c:398:9:otDnsServiceResponseGetServiceName	32	static
C:/Users/Workstation/Documents/GitHub/ot-HS/Code/HS/Middlewares/ST/STM32_WPAN/thread/openthread/core/openthread_api/dns.c:424:9:otDnsServiceResponseGetServiceInfo	24	static
C:/Users/Workstation/Documents/GitHub/ot-HS/Code/HS/Middlewares/ST/STM32_WPAN/thread/openthread/core/openthread_api/dns.c:443:9:otDnsServiceResponseGetHostAddress	32	static
