C:/Users/Workstation/Documents/GitHub/ot-HS/Code/HS/Middlewares/ST/STM32_WPAN/thread/openthread/core/openthread_api/ip6.c:42:9:otIp6SetEnabled	24	static
C:/Users/Workstation/Documents/GitHub/ot-HS/Code/HS/Middlewares/ST/STM32_WPAN/thread/openthread/core/openthread_api/ip6.c:59:6:otIp6IsEnabled	24	static
C:/Users/Workstation/Documents/GitHub/ot-HS/Code/HS/Middlewares/ST/STM32_WPAN/thread/openthread/core/openthread_api/ip6.c:75:9:otIp6AddUnicastAddress	24	static
C:/Users/Workstation/Documents/GitHub/ot-HS/Code/HS/Middlewares/ST/STM32_WPAN/thread/openthread/core/openthread_api/ip6.c:92:9:otIp6RemoveUnicastAddress	24	static
C:/Users/Workstation/Documents/GitHub/ot-HS/Code/HS/Middlewares/ST/STM32_WPAN/thread/openthread/core/openthread_api/ip6.c:109:23:otIp6GetUnicastAddresses	24	static
C:/Users/Workstation/Documents/GitHub/ot-HS/Code/HS/Middlewares/ST/STM32_WPAN/thread/openthread/core/openthread_api/ip6.c:125:9:otIp6SubscribeMulticastAddress	24	static
C:/Users/Workstation/Documents/GitHub/ot-HS/Code/HS/Middlewares/ST/STM32_WPAN/thread/openthread/core/openthread_api/ip6.c:142:9:otIp6UnsubscribeMulticastAddress	24	static
C:/Users/Workstation/Documents/GitHub/ot-HS/Code/HS/Middlewares/ST/STM32_WPAN/thread/openthread/core/openthread_api/ip6.c:159:32:otIp6GetMulticastAddresses	24	static
C:/Users/Workstation/Documents/GitHub/ot-HS/Code/HS/Middlewares/ST/STM32_WPAN/thread/openthread/core/openthread_api/ip6.c:175:6:otIp6IsMulticastPromiscuousEnabled	24	static
C:/Users/Workstation/Documents/GitHub/ot-HS/Code/HS/Middlewares/ST/STM32_WPAN/thread/openthread/core/openthread_api/ip6.c:191:6:otIp6SetMulticastPromiscuousEnabled	24	static
C:/Users/Workstation/Documents/GitHub/ot-HS/Code/HS/Middlewares/ST/STM32_WPAN/thread/openthread/core/openthread_api/ip6.c:207:12:otIp6NewMessage	24	static
C:/Users/Workstation/Documents/GitHub/ot-HS/Code/HS/Middlewares/ST/STM32_WPAN/thread/openthread/core/openthread_api/ip6.c:224:12:otIp6NewMessageFromBuffer	32	static
C:/Users/Workstation/Documents/GitHub/ot-HS/Code/HS/Middlewares/ST/STM32_WPAN/thread/openthread/core/openthread_api/ip6.c:246:6:otIp6SetReceiveCallback	32	static
C:/Users/Workstation/Documents/GitHub/ot-HS/Code/HS/Middlewares/ST/STM32_WPAN/thread/openthread/core/openthread_api/ip6.c:263:6:otIp6SetAddressCallback	32	static
C:/Users/Workstation/Documents/GitHub/ot-HS/Code/HS/Middlewares/ST/STM32_WPAN/thread/openthread/core/openthread_api/ip6.c:280:6:otIp6IsReceiveFilterEnabled	24	static
C:/Users/Workstation/Documents/GitHub/ot-HS/Code/HS/Middlewares/ST/STM32_WPAN/thread/openthread/core/openthread_api/ip6.c:294:6:otIp6SetReceiveFilterEnabled	24	static
C:/Users/Workstation/Documents/GitHub/ot-HS/Code/HS/Middlewares/ST/STM32_WPAN/thread/openthread/core/openthread_api/ip6.c:310:9:otIp6Send	24	static
C:/Users/Workstation/Documents/GitHub/ot-HS/Code/HS/Middlewares/ST/STM32_WPAN/thread/openthread/core/openthread_api/ip6.c:327:9:otIp6AddUnsecurePort	24	static
C:/Users/Workstation/Documents/GitHub/ot-HS/Code/HS/Middlewares/ST/STM32_WPAN/thread/openthread/core/openthread_api/ip6.c:344:9:otIp6RemoveUnsecurePort	24	static
C:/Users/Workstation/Documents/GitHub/ot-HS/Code/HS/Middlewares/ST/STM32_WPAN/thread/openthread/core/openthread_api/ip6.c:361:6:otIp6RemoveAllUnsecurePorts	24	static
C:/Users/Workstation/Documents/GitHub/ot-HS/Code/HS/Middlewares/ST/STM32_WPAN/thread/openthread/core/openthread_api/ip6.c:374:17:otIp6GetUnsecurePorts	24	static
C:/Users/Workstation/Documents/GitHub/ot-HS/Code/HS/Middlewares/ST/STM32_WPAN/thread/openthread/core/openthread_api/ip6.c:391:6:otIp6IsAddressEqual	24	static
C:/Users/Workstation/Documents/GitHub/ot-HS/Code/HS/Middlewares/ST/STM32_WPAN/thread/openthread/core/openthread_api/ip6.c:409:6:otIp6ArePrefixesEqual	24	static
C:/Users/Workstation/Documents/GitHub/ot-HS/Code/HS/Middlewares/ST/STM32_WPAN/thread/openthread/core/openthread_api/ip6.c:427:9:otIp6AddressFromString	24	static
C:/Users/Workstation/Documents/GitHub/ot-HS/Code/HS/Middlewares/ST/STM32_WPAN/thread/openthread/core/openthread_api/ip6.c:445:6:otIp6AddressToString	32	static
C:/Users/Workstation/Documents/GitHub/ot-HS/Code/HS/Middlewares/ST/STM32_WPAN/thread/openthread/core/openthread_api/ip6.c:463:6:otIp6SockAddrToString	32	static
C:/Users/Workstation/Documents/GitHub/ot-HS/Code/HS/Middlewares/ST/STM32_WPAN/thread/openthread/core/openthread_api/ip6.c:481:6:otIp6PrefixToString	32	static
C:/Users/Workstation/Documents/GitHub/ot-HS/Code/HS/Middlewares/ST/STM32_WPAN/thread/openthread/core/openthread_api/ip6.c:499:9:otIp6PrefixMatch	24	static
C:/Users/Workstation/Documents/GitHub/ot-HS/Code/HS/Middlewares/ST/STM32_WPAN/thread/openthread/core/openthread_api/ip6.c:517:6:otIp6IsAddressUnspecified	24	static
C:/Users/Workstation/Documents/GitHub/ot-HS/Code/HS/Middlewares/ST/STM32_WPAN/thread/openthread/core/openthread_api/ip6.c:534:9:otIp6SelectSourceAddress	24	static
C:/Users/Workstation/Documents/GitHub/ot-HS/Code/HS/Middlewares/ST/STM32_WPAN/thread/openthread/core/openthread_api/ip6.c:581:6:otIp6IsSlaacEnabled	24	static
C:/Users/Workstation/Documents/GitHub/ot-HS/Code/HS/Middlewares/ST/STM32_WPAN/thread/openthread/core/openthread_api/ip6.c:597:6:otIp6SetSlaacEnabled	24	static
C:/Users/Workstation/Documents/GitHub/ot-HS/Code/HS/Middlewares/ST/STM32_WPAN/thread/openthread/core/openthread_api/ip6.c:613:6:otIp6SetSlaacPrefixFilter	24	static
C:/Users/Workstation/Documents/GitHub/ot-HS/Code/HS/Middlewares/ST/STM32_WPAN/thread/openthread/core/openthread_api/ip6.c:653:13:otIp6ProtoToString	24	static
