C:/Users/Workstation/Documents/GitHub/ot-HS/Code/HS/Middlewares/ST/STM32_WPAN/thread/openthread/core/openthread_api/srp_client.c:37:9:otSrpClientStart	24	static
C:/Users/Workstation/Documents/GitHub/ot-HS/Code/HS/Middlewares/ST/STM32_WPAN/thread/openthread/core/openthread_api/srp_client.c:54:6:otSrpClientStop	24	static
C:/Users/Workstation/Documents/GitHub/ot-HS/Code/HS/Middlewares/ST/STM32_WPAN/thread/openthread/core/openthread_api/srp_client.c:69:6:otSrpClientIsRunning	24	static
C:/Users/Workstation/Documents/GitHub/ot-HS/Code/HS/Middlewares/ST/STM32_WPAN/thread/openthread/core/openthread_api/srp_client.c:85:19:otSrpClientGetServerAddress	24	static
C:/Users/Workstation/Documents/GitHub/ot-HS/Code/HS/Middlewares/ST/STM32_WPAN/thread/openthread/core/openthread_api/srp_client.c:101:6:otSrpClientSetCallback	32	static
C:/Users/Workstation/Documents/GitHub/ot-HS/Code/HS/Middlewares/ST/STM32_WPAN/thread/openthread/core/openthread_api/srp_client.c:120:6:otSrpClientEnableAutoStartMode	32	static
C:/Users/Workstation/Documents/GitHub/ot-HS/Code/HS/Middlewares/ST/STM32_WPAN/thread/openthread/core/openthread_api/srp_client.c:139:6:otSrpClientDisableAutoStartMode	24	static
C:/Users/Workstation/Documents/GitHub/ot-HS/Code/HS/Middlewares/ST/STM32_WPAN/thread/openthread/core/openthread_api/srp_client.c:154:6:otSrpClientIsAutoStartModeEnabled	24	static
C:/Users/Workstation/Documents/GitHub/ot-HS/Code/HS/Middlewares/ST/STM32_WPAN/thread/openthread/core/openthread_api/srp_client.c:171:10:otSrpClientGetTtl	24	static
C:/Users/Workstation/Documents/GitHub/ot-HS/Code/HS/Middlewares/ST/STM32_WPAN/thread/openthread/core/openthread_api/srp_client.c:187:6:otSrpClientSetTtl	24	static
C:/Users/Workstation/Documents/GitHub/ot-HS/Code/HS/Middlewares/ST/STM32_WPAN/thread/openthread/core/openthread_api/srp_client.c:201:10:otSrpClientGetLeaseInterval	24	static
C:/Users/Workstation/Documents/GitHub/ot-HS/Code/HS/Middlewares/ST/STM32_WPAN/thread/openthread/core/openthread_api/srp_client.c:217:6:otSrpClientSetLeaseInterval	24	static
C:/Users/Workstation/Documents/GitHub/ot-HS/Code/HS/Middlewares/ST/STM32_WPAN/thread/openthread/core/openthread_api/srp_client.c:233:10:otSrpClientGetKeyLeaseInterval	24	static
C:/Users/Workstation/Documents/GitHub/ot-HS/Code/HS/Middlewares/ST/STM32_WPAN/thread/openthread/core/openthread_api/srp_client.c:249:6:otSrpClientSetKeyLeaseInterval	24	static
C:/Users/Workstation/Documents/GitHub/ot-HS/Code/HS/Middlewares/ST/STM32_WPAN/thread/openthread/core/openthread_api/srp_client.c:265:28:otSrpClientGetHostInfo	24	static
C:/Users/Workstation/Documents/GitHub/ot-HS/Code/HS/Middlewares/ST/STM32_WPAN/thread/openthread/core/openthread_api/srp_client.c:281:9:otSrpClientSetHostName	24	static
C:/Users/Workstation/Documents/GitHub/ot-HS/Code/HS/Middlewares/ST/STM32_WPAN/thread/openthread/core/openthread_api/srp_client.c:298:9:otSrpClientEnableAutoHostAddress	24	static
C:/Users/Workstation/Documents/GitHub/ot-HS/Code/HS/Middlewares/ST/STM32_WPAN/thread/openthread/core/openthread_api/srp_client.c:314:9:otSrpClientSetHostAddresses	32	static
C:/Users/Workstation/Documents/GitHub/ot-HS/Code/HS/Middlewares/ST/STM32_WPAN/thread/openthread/core/openthread_api/srp_client.c:332:9:otSrpClientAddService	24	static
C:/Users/Workstation/Documents/GitHub/ot-HS/Code/HS/Middlewares/ST/STM32_WPAN/thread/openthread/core/openthread_api/srp_client.c:349:9:otSrpClientRemoveService	24	static
C:/Users/Workstation/Documents/GitHub/ot-HS/Code/HS/Middlewares/ST/STM32_WPAN/thread/openthread/core/openthread_api/srp_client.c:366:9:otSrpClientClearService	24	static
C:/Users/Workstation/Documents/GitHub/ot-HS/Code/HS/Middlewares/ST/STM32_WPAN/thread/openthread/core/openthread_api/srp_client.c:383:27:otSrpClientGetServices	24	static
C:/Users/Workstation/Documents/GitHub/ot-HS/Code/HS/Middlewares/ST/STM32_WPAN/thread/openthread/core/openthread_api/srp_client.c:399:9:otSrpClientRemoveHostAndServices	24	static
C:/Users/Workstation/Documents/GitHub/ot-HS/Code/HS/Middlewares/ST/STM32_WPAN/thread/openthread/core/openthread_api/srp_client.c:417:6:otSrpClientClearHostAndServices	24	static
C:/Users/Workstation/Documents/GitHub/ot-HS/Code/HS/Middlewares/ST/STM32_WPAN/thread/openthread/core/openthread_api/srp_client.c:433:13:otSrpClientGetDomainName	24	static
C:/Users/Workstation/Documents/GitHub/ot-HS/Code/HS/Middlewares/ST/STM32_WPAN/thread/openthread/core/openthread_api/srp_client.c:449:9:otSrpClientSetDomainName	24	static
C:/Users/Workstation/Documents/GitHub/ot-HS/Code/HS/Middlewares/ST/STM32_WPAN/thread/openthread/core/openthread_api/srp_client.c:467:13:otSrpClientItemStateToString	24	static
