C:/Users/Workstation/Documents/GitHub/ot-HS/Code/HS/Middlewares/ST/STM32_WPAN/thread/openthread/core/openthread_api/thread_ftd.c:37:10:otThreadGetMaxAllowedChildren	24	static
C:/Users/Workstation/Documents/GitHub/ot-HS/Code/HS/Middlewares/ST/STM32_WPAN/thread/openthread/core/openthread_api/thread_ftd.c:53:9:otThreadSetMaxAllowedChildren	24	static
C:/Users/Workstation/Documents/GitHub/ot-HS/Code/HS/Middlewares/ST/STM32_WPAN/thread/openthread/core/openthread_api/thread_ftd.c:70:9:otThreadGetMaxChildIpAddresses	24	static
C:/Users/Workstation/Documents/GitHub/ot-HS/Code/HS/Middlewares/ST/STM32_WPAN/thread/openthread/core/openthread_api/thread_ftd.c:87:9:otThreadSetMaxChildIpAddresses	24	static
C:/Users/Workstation/Documents/GitHub/ot-HS/Code/HS/Middlewares/ST/STM32_WPAN/thread/openthread/core/openthread_api/thread_ftd.c:105:6:otThreadIsRouterEligible	24	static
C:/Users/Workstation/Documents/GitHub/ot-HS/Code/HS/Middlewares/ST/STM32_WPAN/thread/openthread/core/openthread_api/thread_ftd.c:121:9:otThreadSetRouterEligible	24	static
C:/Users/Workstation/Documents/GitHub/ot-HS/Code/HS/Middlewares/ST/STM32_WPAN/thread/openthread/core/openthread_api/thread_ftd.c:138:9:otThreadSetPreferredRouterId	24	static
C:/Users/Workstation/Documents/GitHub/ot-HS/Code/HS/Middlewares/ST/STM32_WPAN/thread/openthread/core/openthread_api/thread_ftd.c:155:9:otThreadGetLocalLeaderWeight	24	static
C:/Users/Workstation/Documents/GitHub/ot-HS/Code/HS/Middlewares/ST/STM32_WPAN/thread/openthread/core/openthread_api/thread_ftd.c:171:6:otThreadSetLocalLeaderWeight	24	static
C:/Users/Workstation/Documents/GitHub/ot-HS/Code/HS/Middlewares/ST/STM32_WPAN/thread/openthread/core/openthread_api/thread_ftd.c:188:10:otThreadGetPreferredLeaderPartitionId	24	static
C:/Users/Workstation/Documents/GitHub/ot-HS/Code/HS/Middlewares/ST/STM32_WPAN/thread/openthread/core/openthread_api/thread_ftd.c:204:6:otThreadSetPreferredLeaderPartitionId	24	static
C:/Users/Workstation/Documents/GitHub/ot-HS/Code/HS/Middlewares/ST/STM32_WPAN/thread/openthread/core/openthread_api/thread_ftd.c:221:10:otThreadGetJoinerUdpPort	24	static
C:/Users/Workstation/Documents/GitHub/ot-HS/Code/HS/Middlewares/ST/STM32_WPAN/thread/openthread/core/openthread_api/thread_ftd.c:237:9:otThreadSetJoinerUdpPort	24	static
C:/Users/Workstation/Documents/GitHub/ot-HS/Code/HS/Middlewares/ST/STM32_WPAN/thread/openthread/core/openthread_api/thread_ftd.c:254:6:otThreadSetSteeringData	24	static
C:/Users/Workstation/Documents/GitHub/ot-HS/Code/HS/Middlewares/ST/STM32_WPAN/thread/openthread/core/openthread_api/thread_ftd.c:270:10:otThreadGetContextIdReuseDelay	24	static
C:/Users/Workstation/Documents/GitHub/ot-HS/Code/HS/Middlewares/ST/STM32_WPAN/thread/openthread/core/openthread_api/thread_ftd.c:286:6:otThreadSetContextIdReuseDelay	24	static
C:/Users/Workstation/Documents/GitHub/ot-HS/Code/HS/Middlewares/ST/STM32_WPAN/thread/openthread/core/openthread_api/thread_ftd.c:302:9:otThreadGetNetworkIdTimeout	24	static
C:/Users/Workstation/Documents/GitHub/ot-HS/Code/HS/Middlewares/ST/STM32_WPAN/thread/openthread/core/openthread_api/thread_ftd.c:318:6:otThreadSetNetworkIdTimeout	24	static
C:/Users/Workstation/Documents/GitHub/ot-HS/Code/HS/Middlewares/ST/STM32_WPAN/thread/openthread/core/openthread_api/thread_ftd.c:334:9:otThreadGetRouterUpgradeThreshold	24	static
C:/Users/Workstation/Documents/GitHub/ot-HS/Code/HS/Middlewares/ST/STM32_WPAN/thread/openthread/core/openthread_api/thread_ftd.c:350:6:otThreadSetRouterUpgradeThreshold	24	static
C:/Users/Workstation/Documents/GitHub/ot-HS/Code/HS/Middlewares/ST/STM32_WPAN/thread/openthread/core/openthread_api/thread_ftd.c:366:9:otThreadReleaseRouterId	24	static
C:/Users/Workstation/Documents/GitHub/ot-HS/Code/HS/Middlewares/ST/STM32_WPAN/thread/openthread/core/openthread_api/thread_ftd.c:383:9:otThreadBecomeRouter	24	static
C:/Users/Workstation/Documents/GitHub/ot-HS/Code/HS/Middlewares/ST/STM32_WPAN/thread/openthread/core/openthread_api/thread_ftd.c:399:9:otThreadBecomeLeader	24	static
C:/Users/Workstation/Documents/GitHub/ot-HS/Code/HS/Middlewares/ST/STM32_WPAN/thread/openthread/core/openthread_api/thread_ftd.c:415:9:otThreadGetRouterDowngradeThreshold	24	static
C:/Users/Workstation/Documents/GitHub/ot-HS/Code/HS/Middlewares/ST/STM32_WPAN/thread/openthread/core/openthread_api/thread_ftd.c:431:6:otThreadSetRouterDowngradeThreshold	24	static
C:/Users/Workstation/Documents/GitHub/ot-HS/Code/HS/Middlewares/ST/STM32_WPAN/thread/openthread/core/openthread_api/thread_ftd.c:447:9:otThreadGetRouterSelectionJitter	24	static
C:/Users/Workstation/Documents/GitHub/ot-HS/Code/HS/Middlewares/ST/STM32_WPAN/thread/openthread/core/openthread_api/thread_ftd.c:463:6:otThreadSetRouterSelectionJitter	24	static
C:/Users/Workstation/Documents/GitHub/ot-HS/Code/HS/Middlewares/ST/STM32_WPAN/thread/openthread/core/openthread_api/thread_ftd.c:479:9:otThreadGetChildInfoById	32	static
C:/Users/Workstation/Documents/GitHub/ot-HS/Code/HS/Middlewares/ST/STM32_WPAN/thread/openthread/core/openthread_api/thread_ftd.c:497:9:otThreadGetChildInfoByIndex	32	static
C:/Users/Workstation/Documents/GitHub/ot-HS/Code/HS/Middlewares/ST/STM32_WPAN/thread/openthread/core/openthread_api/thread_ftd.c:515:9:otThreadGetChildNextIp6Address	32	static
C:/Users/Workstation/Documents/GitHub/ot-HS/Code/HS/Middlewares/ST/STM32_WPAN/thread/openthread/core/openthread_api/thread_ftd.c:537:9:otThreadGetRouterIdSequence	24	static
C:/Users/Workstation/Documents/GitHub/ot-HS/Code/HS/Middlewares/ST/STM32_WPAN/thread/openthread/core/openthread_api/thread_ftd.c:553:9:otThreadGetMaxRouterId	24	static
C:/Users/Workstation/Documents/GitHub/ot-HS/Code/HS/Middlewares/ST/STM32_WPAN/thread/openthread/core/openthread_api/thread_ftd.c:569:9:otThreadGetRouterInfo	32	static
C:/Users/Workstation/Documents/GitHub/ot-HS/Code/HS/Middlewares/ST/STM32_WPAN/thread/openthread/core/openthread_api/thread_ftd.c:587:9:otThreadGetNextCacheEntry	32	static
C:/Users/Workstation/Documents/GitHub/ot-HS/Code/HS/Middlewares/ST/STM32_WPAN/thread/openthread/core/openthread_api/thread_ftd.c:605:6:otThreadGetPskc	24	static
C:/Users/Workstation/Documents/GitHub/ot-HS/Code/HS/Middlewares/ST/STM32_WPAN/thread/openthread/core/openthread_api/thread_ftd.c:639:9:otThreadSetPskc	24	static
C:/Users/Workstation/Documents/GitHub/ot-HS/Code/HS/Middlewares/ST/STM32_WPAN/thread/openthread/core/openthread_api/thread_ftd.c:675:8:otThreadGetParentPriority	24	static
C:/Users/Workstation/Documents/GitHub/ot-HS/Code/HS/Middlewares/ST/STM32_WPAN/thread/openthread/core/openthread_api/thread_ftd.c:691:9:otThreadSetParentPriority	24	static
C:/Users/Workstation/Documents/GitHub/ot-HS/Code/HS/Middlewares/ST/STM32_WPAN/thread/openthread/core/openthread_api/thread_ftd.c:708:6:otThreadRegisterNeighborTableCallback	24	static
C:/Users/Workstation/Documents/GitHub/ot-HS/Code/HS/Middlewares/ST/STM32_WPAN/thread/openthread/core/openthread_api/thread_ftd.c:725:6:otThreadSetDiscoveryRequestCallback	32	static
C:/Users/Workstation/Documents/GitHub/ot-HS/Code/HS/Middlewares/ST/STM32_WPAN/thread/openthread/core/openthread_api/thread_ftd.c:747:6:otThreadSendAddressNotification	32	static
C:/Users/Workstation/Documents/GitHub/ot-HS/Code/HS/Middlewares/ST/STM32_WPAN/thread/openthread/core/openthread_api/thread_ftd.c:792:6:otThreadSetCcmEnabled	24	static
C:/Users/Workstation/Documents/GitHub/ot-HS/Code/HS/Middlewares/ST/STM32_WPAN/thread/openthread/core/openthread_api/thread_ftd.c:808:6:otThreadSetThreadVersionCheckEnabled	24	static
C:/Users/Workstation/Documents/GitHub/ot-HS/Code/HS/Middlewares/ST/STM32_WPAN/thread/openthread/core/openthread_api/thread_ftd.c:824:6:otThreadGetRouterIdRange	32	static
C:/Users/Workstation/Documents/GitHub/ot-HS/Code/HS/Middlewares/ST/STM32_WPAN/thread/openthread/core/openthread_api/thread_ftd.c:841:9:otThreadSetRouterIdRange	24	static
