C:/Users/Workstation/Documents/GitHub/ot-HS/Code/HS/Middlewares/ST/STM32_WPAN/interface/patterns/ble_thread/tl/tl_mbox.c:82:6:TL_Enable	8	static
C:/Users/Workstation/Documents/GitHub/ot-HS/Code/HS/Middlewares/ST/STM32_WPAN/interface/patterns/ble_thread/tl/tl_mbox.c:90:6:TL_Init	8	static
C:/Users/Workstation/Documents/GitHub/ot-HS/Code/HS/Middlewares/ST/STM32_WPAN/interface/patterns/ble_thread/tl/tl_mbox.c:110:9:TL_BLE_Init	24	static
C:/Users/Workstation/Documents/GitHub/ot-HS/Code/HS/Middlewares/ST/STM32_WPAN/interface/patterns/ble_thread/tl/tl_mbox.c:133:9:TL_BLE_SendCmd	16	static
C:/Users/Workstation/Documents/GitHub/ot-HS/Code/HS/Middlewares/ST/STM32_WPAN/interface/patterns/ble_thread/tl/tl_mbox.c:147:6:HW_IPCC_BLE_RxEvtNot	16	static
C:/Users/Workstation/Documents/GitHub/ot-HS/Code/HS/Middlewares/ST/STM32_WPAN/interface/patterns/ble_thread/tl/tl_mbox.c:170:9:TL_BLE_SendAclData	16	static
C:/Users/Workstation/Documents/GitHub/ot-HS/Code/HS/Middlewares/ST/STM32_WPAN/interface/patterns/ble_thread/tl/tl_mbox.c:182:6:HW_IPCC_BLE_AclDataAckNot	8	static
C:/Users/Workstation/Documents/GitHub/ot-HS/Code/HS/Middlewares/ST/STM32_WPAN/interface/patterns/ble_thread/tl/tl_mbox.c:192:9:TL_SYS_Init	24	static
C:/Users/Workstation/Documents/GitHub/ot-HS/Code/HS/Middlewares/ST/STM32_WPAN/interface/patterns/ble_thread/tl/tl_mbox.c:211:9:TL_SYS_SendCmd	16	static
C:/Users/Workstation/Documents/GitHub/ot-HS/Code/HS/Middlewares/ST/STM32_WPAN/interface/patterns/ble_thread/tl/tl_mbox.c:225:6:HW_IPCC_SYS_CmdEvtNot	8	static
C:/Users/Workstation/Documents/GitHub/ot-HS/Code/HS/Middlewares/ST/STM32_WPAN/interface/patterns/ble_thread/tl/tl_mbox.c:234:6:HW_IPCC_SYS_EvtNot	16	static
C:/Users/Workstation/Documents/GitHub/ot-HS/Code/HS/Middlewares/ST/STM32_WPAN/interface/patterns/ble_thread/tl/tl_mbox.c:254:6:TL_THREAD_Init	24	static
C:/Users/Workstation/Documents/GitHub/ot-HS/Code/HS/Middlewares/ST/STM32_WPAN/interface/patterns/ble_thread/tl/tl_mbox.c:270:6:TL_OT_SendCmd	8	static
C:/Users/Workstation/Documents/GitHub/ot-HS/Code/HS/Middlewares/ST/STM32_WPAN/interface/patterns/ble_thread/tl/tl_mbox.c:279:6:TL_CLI_SendCmd	8	static
C:/Users/Workstation/Documents/GitHub/ot-HS/Code/HS/Middlewares/ST/STM32_WPAN/interface/patterns/ble_thread/tl/tl_mbox.c:288:6:TL_THREAD_SendAck	8	static
C:/Users/Workstation/Documents/GitHub/ot-HS/Code/HS/Middlewares/ST/STM32_WPAN/interface/patterns/ble_thread/tl/tl_mbox.c:297:6:TL_THREAD_CliSendAck	8	static
C:/Users/Workstation/Documents/GitHub/ot-HS/Code/HS/Middlewares/ST/STM32_WPAN/interface/patterns/ble_thread/tl/tl_mbox.c:306:6:HW_IPCC_OT_CmdEvtNot	8	static
C:/Users/Workstation/Documents/GitHub/ot-HS/Code/HS/Middlewares/ST/STM32_WPAN/interface/patterns/ble_thread/tl/tl_mbox.c:313:6:HW_IPCC_THREAD_EvtNot	8	static
C:/Users/Workstation/Documents/GitHub/ot-HS/Code/HS/Middlewares/ST/STM32_WPAN/interface/patterns/ble_thread/tl/tl_mbox.c:320:6:HW_IPCC_THREAD_CliEvtNot	8	static
C:/Users/Workstation/Documents/GitHub/ot-HS/Code/HS/Middlewares/ST/STM32_WPAN/interface/patterns/ble_thread/tl/tl_mbox.c:327:13:TL_OT_CmdEvtReceived	16	static
C:/Users/Workstation/Documents/GitHub/ot-HS/Code/HS/Middlewares/ST/STM32_WPAN/interface/patterns/ble_thread/tl/tl_mbox.c:328:13:TL_THREAD_NotReceived	16	static
C:/Users/Workstation/Documents/GitHub/ot-HS/Code/HS/Middlewares/ST/STM32_WPAN/interface/patterns/ble_thread/tl/tl_mbox.c:329:13:TL_THREAD_CliNotReceived	16	static
C:/Users/Workstation/Documents/GitHub/ot-HS/Code/HS/Middlewares/ST/STM32_WPAN/interface/patterns/ble_thread/tl/tl_mbox.c:591:6:TL_MM_Init	16	static
C:/Users/Workstation/Documents/GitHub/ot-HS/Code/HS/Middlewares/ST/STM32_WPAN/interface/patterns/ble_thread/tl/tl_mbox.c:611:6:TL_MM_EvtDone	16	static
C:/Users/Workstation/Documents/GitHub/ot-HS/Code/HS/Middlewares/ST/STM32_WPAN/interface/patterns/ble_thread/tl/tl_mbox.c:622:13:SendFreeBuf	16	static
C:/Users/Workstation/Documents/GitHub/ot-HS/Code/HS/Middlewares/ST/STM32_WPAN/interface/patterns/ble_thread/tl/tl_mbox.c:638:6:TL_TRACES_Init	8	static
C:/Users/Workstation/Documents/GitHub/ot-HS/Code/HS/Middlewares/ST/STM32_WPAN/interface/patterns/ble_thread/tl/tl_mbox.c:649:6:HW_IPCC_TRACES_EvtNot	16	static
C:/Users/Workstation/Documents/GitHub/ot-HS/Code/HS/Middlewares/ST/STM32_WPAN/interface/patterns/ble_thread/tl/tl_mbox.c:662:13:TL_TRACES_EvtReceived	16	static
C:/Users/Workstation/Documents/GitHub/ot-HS/Code/HS/Middlewares/ST/STM32_WPAN/interface/patterns/ble_thread/tl/tl_mbox.c:670:13:OutputDbgTrace	24	static
