../../Drivers/STM32WBxx_HAL_Driver/Inc/stm32wbxx_ll_bus.h:539:22:LL_AHB2_GRP1_EnableClock	24	static
C:/Users/Workstation/Desktop/ot-HS/Code/Thread_SED_Coap_FreeRTOS/Drivers/BSP/P-NUCLEO-WB55.Nucleo/stm32wbxx_nucleo.c:133:10:BSP_GetVersion	4	static
C:/Users/Workstation/Desktop/ot-HS/Code/Thread_SED_Coap_FreeRTOS/Drivers/BSP/P-NUCLEO-WB55.Nucleo/stm32wbxx_nucleo.c:151:6:BSP_LED_Init	40	static
C:/Users/Workstation/Desktop/ot-HS/Code/Thread_SED_Coap_FreeRTOS/Drivers/BSP/P-NUCLEO-WB55.Nucleo/stm32wbxx_nucleo.c:179:6:BSP_LED_DeInit	40	static
C:/Users/Workstation/Desktop/ot-HS/Code/Thread_SED_Coap_FreeRTOS/Drivers/BSP/P-NUCLEO-WB55.Nucleo/stm32wbxx_nucleo.c:199:6:BSP_LED_On	16	static
C:/Users/Workstation/Desktop/ot-HS/Code/Thread_SED_Coap_FreeRTOS/Drivers/BSP/P-NUCLEO-WB55.Nucleo/stm32wbxx_nucleo.c:213:6:BSP_LED_Off	16	static
C:/Users/Workstation/Desktop/ot-HS/Code/Thread_SED_Coap_FreeRTOS/Drivers/BSP/P-NUCLEO-WB55.Nucleo/stm32wbxx_nucleo.c:227:6:BSP_LED_Toggle	16	static
C:/Users/Workstation/Desktop/ot-HS/Code/Thread_SED_Coap_FreeRTOS/Drivers/BSP/P-NUCLEO-WB55.Nucleo/stm32wbxx_nucleo.c:254:6:BSP_PB_Init	40	static
C:/Users/Workstation/Desktop/ot-HS/Code/Thread_SED_Coap_FreeRTOS/Drivers/BSP/P-NUCLEO-WB55.Nucleo/stm32wbxx_nucleo.c:298:6:BSP_PB_DeInit	40	static
C:/Users/Workstation/Desktop/ot-HS/Code/Thread_SED_Coap_FreeRTOS/Drivers/BSP/P-NUCLEO-WB55.Nucleo/stm32wbxx_nucleo.c:316:10:BSP_PB_GetState	16	static
